Archive member included to satisfy reference by file (symbol)

c:/progra~2/gnuarm~1/102021~1.10/bin/../lib/gcc/arm-none-eabi/10.3.1/thumb/v6-m/nofp\libgcc.a(_dvmd_tls.o)
                              CMakeFiles/picow_tcpip_client_background.dir/C_/pico/pico-sdk/src/rp2_common/pico_divider/divider.S.obj (__aeabi_idiv0)
c:/progra~2/gnuarm~1/102021~1.10/bin/../lib/gcc/arm-none-eabi/10.3.1/../../../../arm-none-eabi/lib/thumb/v6-m/nofp\libg.a(lib_a-atoi.o)
                              CMakeFiles/picow_tcpip_client_background.dir/C_/pico/pico-sdk/lib/lwip/src/core/netif.c.obj (atoi)
c:/progra~2/gnuarm~1/102021~1.10/bin/../lib/gcc/arm-none-eabi/10.3.1/../../../../arm-none-eabi/lib/thumb/v6-m/nofp\libg.a(lib_a-calloc.o)
                              CMakeFiles/picow_tcpip_client_background.dir/C_/pico/pico-sdk/src/rp2_common/pico_malloc/pico_malloc.c.obj (calloc)
c:/progra~2/gnuarm~1/102021~1.10/bin/../lib/gcc/arm-none-eabi/10.3.1/../../../../arm-none-eabi/lib/thumb/v6-m/nofp\libg.a(lib_a-callocr.o)
                              c:/progra~2/gnuarm~1/102021~1.10/bin/../lib/gcc/arm-none-eabi/10.3.1/../../../../arm-none-eabi/lib/thumb/v6-m/nofp\libg.a(lib_a-calloc.o) (_calloc_r)
c:/progra~2/gnuarm~1/102021~1.10/bin/../lib/gcc/arm-none-eabi/10.3.1/../../../../arm-none-eabi/lib/thumb/v6-m/nofp\libg.a(lib_a-ctype_.o)
                              CMakeFiles/picow_tcpip_client_background.dir/C_/pico/pico-sdk/lib/lwip/src/core/dns.c.obj (_ctype_)
c:/progra~2/gnuarm~1/102021~1.10/bin/../lib/gcc/arm-none-eabi/10.3.1/../../../../arm-none-eabi/lib/thumb/v6-m/nofp\libg.a(lib_a-errno.o)
                              c:/progra~2/gnuarm~1/102021~1.10/bin/../lib/gcc/arm-none-eabi/10.3.1/../../../../arm-none-eabi/lib/thumb/v6-m/nofp\libg.a(lib_a-callocr.o) (__errno)
c:/progra~2/gnuarm~1/102021~1.10/bin/../lib/gcc/arm-none-eabi/10.3.1/../../../../arm-none-eabi/lib/thumb/v6-m/nofp\libg.a(lib_a-impure.o)
                              c:/progra~2/gnuarm~1/102021~1.10/bin/../lib/gcc/arm-none-eabi/10.3.1/../../../../arm-none-eabi/lib/thumb/v6-m/nofp\libg.a(lib_a-calloc.o) (_impure_ptr)
c:/progra~2/gnuarm~1/102021~1.10/bin/../lib/gcc/arm-none-eabi/10.3.1/../../../../arm-none-eabi/lib/thumb/v6-m/nofp\libg.a(lib_a-init.o)
                              c:/progra~2/gnuarm~1/102021~1.10/bin/../lib/gcc/arm-none-eabi/10.3.1/../../../../arm-none-eabi/lib/thumb/v6-m/nofp/crt0.o (__libc_init_array)
c:/progra~2/gnuarm~1/102021~1.10/bin/../lib/gcc/arm-none-eabi/10.3.1/../../../../arm-none-eabi/lib/thumb/v6-m/nofp\libg.a(lib_a-malloc.o)
                              CMakeFiles/picow_tcpip_client_background.dir/C_/pico/pico-sdk/src/rp2_common/pico_malloc/pico_malloc.c.obj (malloc)
c:/progra~2/gnuarm~1/102021~1.10/bin/../lib/gcc/arm-none-eabi/10.3.1/../../../../arm-none-eabi/lib/thumb/v6-m/nofp\libg.a(lib_a-mallocr.o)
                              c:/progra~2/gnuarm~1/102021~1.10/bin/../lib/gcc/arm-none-eabi/10.3.1/../../../../arm-none-eabi/lib/thumb/v6-m/nofp\libg.a(lib_a-callocr.o) (_malloc_r)
c:/progra~2/gnuarm~1/102021~1.10/bin/../lib/gcc/arm-none-eabi/10.3.1/../../../../arm-none-eabi/lib/thumb/v6-m/nofp\libg.a(lib_a-memcmp.o)
                              CMakeFiles/picow_tcpip_client_background.dir/C_/pico/pico-sdk/lib/lwip/src/netif/ethernet.c.obj (memcmp)
c:/progra~2/gnuarm~1/102021~1.10/bin/../lib/gcc/arm-none-eabi/10.3.1/../../../../arm-none-eabi/lib/thumb/v6-m/nofp\libg.a(lib_a-memmove.o)
                              CMakeFiles/picow_tcpip_client_background.dir/C_/pico/pico-sdk/lib/lwip/src/core/def.c.obj (memmove)
c:/progra~2/gnuarm~1/102021~1.10/bin/../lib/gcc/arm-none-eabi/10.3.1/../../../../arm-none-eabi/lib/thumb/v6-m/nofp\libg.a(lib_a-mlock.o)
                              c:/progra~2/gnuarm~1/102021~1.10/bin/../lib/gcc/arm-none-eabi/10.3.1/../../../../arm-none-eabi/lib/thumb/v6-m/nofp\libg.a(lib_a-mallocr.o) (__malloc_lock)
c:/progra~2/gnuarm~1/102021~1.10/bin/../lib/gcc/arm-none-eabi/10.3.1/../../../../arm-none-eabi/lib/thumb/v6-m/nofp\libg.a(lib_a-realloc.o)
                              CMakeFiles/picow_tcpip_client_background.dir/C_/pico/pico-sdk/src/rp2_common/pico_malloc/pico_malloc.c.obj (realloc)
c:/progra~2/gnuarm~1/102021~1.10/bin/../lib/gcc/arm-none-eabi/10.3.1/../../../../arm-none-eabi/lib/thumb/v6-m/nofp\libg.a(lib_a-reallocr.o)
                              c:/progra~2/gnuarm~1/102021~1.10/bin/../lib/gcc/arm-none-eabi/10.3.1/../../../../arm-none-eabi/lib/thumb/v6-m/nofp\libg.a(lib_a-realloc.o) (_realloc_r)
c:/progra~2/gnuarm~1/102021~1.10/bin/../lib/gcc/arm-none-eabi/10.3.1/../../../../arm-none-eabi/lib/thumb/v6-m/nofp\libg.a(lib_a-sbrkr.o)
                              c:/progra~2/gnuarm~1/102021~1.10/bin/../lib/gcc/arm-none-eabi/10.3.1/../../../../arm-none-eabi/lib/thumb/v6-m/nofp\libg.a(lib_a-mallocr.o) (_sbrk_r)
c:/progra~2/gnuarm~1/102021~1.10/bin/../lib/gcc/arm-none-eabi/10.3.1/../../../../arm-none-eabi/lib/thumb/v6-m/nofp\libg.a(lib_a-strcmp.o)
[...]
Memory Configuration

Name             Origin             Length             Attributes
FLASH            0x10000000         0x00200000         xr
RAM              0x20000000         0x00040000         xrw
SCRATCH_X        0x20040000         0x00001000         xrw
SCRATCH_Y        0x20041000         0x00001000         xrw
*default*        0x00000000         0xffffffff

Linker script and memory map

LOAD c:/progra~2/gnuarm~1/102021~1.10/bin/../lib/gcc/arm-none-eabi/10.3.1/thumb/v6-m/nofp/crti.o
LOAD c:/progra~2/gnuarm~1/102021~1.10/bin/../lib/gcc/arm-none-eabi/10.3.1/thumb/v6-m/nofp/crtbegin.o
LOAD c:/progra~2/gnuarm~1/102021~1.10/bin/../lib/gcc/arm-none-eabi/10.3.1/../../../../arm-none-eabi/lib/thumb/v6-m/nofp/crt0.o

.flash_begin    0x10000000        0x0
                0x10000000                __flash_binary_start = .

.boot2          0x10000000      0x100
                0x10000000                __boot2_start__ = .
 *(.boot2)
 .boot2         0x10000000      0x100 C:\Users\DANIEL~1\AppData\Local\Temp\ccUv499m.o
                0x10000100                __boot2_end__ = .
                0x00000001                ASSERT (((__boot2_end__ - __boot2_start__) == 0x100), ERROR: Pico second stage bootloader must be 256 bytes in size)

.text           0x10000100    0x16da0
                0x10000100                __logical_binary_start = .
 *(.vectors)
 .vectors       0x10000100       0xd4 CMakeFiles/picow_tcpip_client_background.dir/C_/pico/pico-sdk/src/rp2_common/pico_standard_link/crt0.S.obj
                0x10000100                __VECTOR_TABLE
                0x10000100                __vectors
                0x100001c0                isr_invalid
                0x100001c0                __default_isrs_start
                0x100001c2                isr_nmi
                0x100001c4                isr_hardfault
                0x100001c6                isr_svcall
                0x100001c8                isr_pendsv
                0x100001ca                isr_systick
                0x100001cc                isr_irq23
                0x100001cc                isr_irq18
                0x100001cc                isr_irq11
                0x100001cc                isr_irq28
                0x100001cc                isr_irq19
                0x100001cc                isr_irq0
                0x100001cc                isr_irq6
                0x100001cc                isr_irq5
                0x100001cc                isr_irq12
                0x100001cc                isr_irq22
                0x100001cc                isr_irq31
                0x100001cc                isr_irq17
                0x100001cc                isr_irq27
                0x100001cc                isr_irq30
                0x100001cc                isr_irq2
                0x100001cc                isr_irq10
                0x100001cc                isr_irq8
                0x100001cc                isr_irq24
                0x100001cc                isr_irq1
                0x100001cc                isr_irq7
                0x100001cc                isr_irq21
                0x100001cc                isr_irq20
                0x100001cc                isr_irq15
                0x100001cc                isr_irq25
                0x100001cc                isr_irq13
                0x100001cc                __unhandled_user_irq
                0x100001cc                isr_irq4
                0x100001cc                isr_irq16
                0x100001cc                isr_irq29
                0x100001cc                isr_irq26
                0x100001cc                __default_isrs_end
                0x100001cc                isr_irq3
                0x100001cc                isr_irq14
                0x100001cc                isr_irq9
                0x100001d2                unhandled_user_irq_num_in_r0
 *(.binary_info_header)
 .binary_info_header
                0x100001d4       0x14 CMakeFiles/picow_tcpip_client_background.dir/C_/pico/pico-sdk/src/rp2_common/pico_standard_link/crt0.S.obj
                0x100001e8                __binary_info_header_end = .
 *(.reset)
 .reset         0x100001e8       0xa0 CMakeFiles/picow_tcpip_client_background.dir/C_/pico/pico-sdk/src/rp2_common/pico_standard_link/crt0.S.obj
                0x100001e8                _entry_point
 .reset         0x10000288       0x30 CMakeFiles/picow_tcpip_client_background.dir/C_/pico/pico-sdk/src/rp2_common/pico_standard_link/binary_info.c.obj
 *(.init)
 .init          0x100002b8        0x4 c:/progra~2/gnuarm~1/102021~1.10/bin/../lib/gcc/arm-none-eabi/10.3.1/thumb/v6-m/nofp/crti.o
                0x100002b8                _init
 *(EXCLUDE_FILE(*libm.a: *libc.a:*lib_a-mem*.o *libgcc.a:) .text*)
 .text          0x100002bc       0x48 c:/progra~2/gnuarm~1/102021~1.10/bin/../lib/gcc/arm-none-eabi/10.3.1/thumb/v6-m/nofp/crtbegin.o
 .text.set_motor_sp
                0x10000304        0x4 CMakeFiles/picow_tcpip_client_background.dir/picow_tcp_client.c.obj
 .text.tcp_client_sent_cb
                0x10000308       0x1c CMakeFiles/picow_tcpip_client_background.dir/picow_tcp_client.c.obj
                0x10000308                tcp_client_sent_cb
 .text.tcp_client_close
                0x10000324       0x70 CMakeFiles/picow_tcpip_client_background.dir/picow_tcp_client.c.obj
 .text.tcp_result
                0x10000394       0x38 CMakeFiles/picow_tcpip_client_background.dir/picow_tcp_client.c.obj
 .text.tcp_client_connected_cb
                0x100003cc       0x3c CMakeFiles/picow_tcpip_client_background.dir/picow_tcp_client.c.obj
 .text.tcp_client_err_cb
                0x10000408       0x24 CMakeFiles/picow_tcpip_client_background.dir/picow_tcp_client.c.obj
 .text.construct
                0x1000042c       0x8c CMakeFiles/picow_tcpip_client_background.dir/picow_tcp_client.c.obj
 .text.tcp_client_recv_cb
                0x100004b8       0xd8 CMakeFiles/picow_tcpip_client_background.dir/picow_tcp_client.c.obj
                0x100004b8                tcp_client_recv_cb
 .text.quadrature_encoder_program_init
                0x10000590      0x144 CMakeFiles/picow_tcpip_client_background.dir/picow_tcp_client.c.obj
 .text.init_motor
                0x100006d4       0x2e CMakeFiles/picow_tcpip_client_background.dir/picow_tcp_client.c.obj
                0x100006d4                init_motor
 .text.init_PID
                0x10000702        0x6 CMakeFiles/picow_tcpip_client_background.dir/picow_tcp_client.c.obj
                0x10000702                init_PID
 .text.init_motor_pwm
                0x10000708       0xa4 CMakeFiles/picow_tcpip_client_background.dir/picow_tcp_client.c.obj
                0x10000708                init_motor_pwm
 .text.update_error
                0x100007ac        0xa CMakeFiles/picow_tcpip_client_background.dir/picow_tcp_client.c.obj
                0x100007ac                update_error
 *fill*         0x100007b6        0x2 
 .text.move_motor_abs
                0x100007b8      0x178 CMakeFiles/picow_tcpip_client_background.dir/picow_tcp_client.c.obj
                0x100007b8                move_motor_abs
 .text.tcp_client_connect
                0x10000930       0x90 CMakeFiles/picow_tcpip_client_background.dir/picow_tcp_client.c.obj
                0x10000930                tcp_client_connect
 .text.core1_entry
                0x100009c0       0xc4 CMakeFiles/picow_tcpip_client_background.dir/picow_tcp_client.c.obj
                0x100009c0                core1_entry
 .text.main     0x10000a84      0x12c CMakeFiles/picow_tcpip_client_background.dir/picow_tcp_client.c.obj
                0x10000a84                main
 .text.lwip_timeout_reached
                0x10000bb0       0x2c CMakeFiles/picow_tcpip_client_background.dir/C_/pico/pico-sdk/src/rp2_common/pico_lwip/lwip_nosys.c.obj
 .text.update_next_timeout
                0x10000bdc       0xb0 CMakeFiles/picow_tcpip_client_background.dir/C_/pico/pico-sdk/src/rp2_common/pico_lwip/lwip_nosys.c.obj
 .text.lwip_nosys_init
                0x10000c8c       0x34 CMakeFiles/picow_tcpip_client_background.dir/C_/pico/pico-sdk/src/rp2_common/pico_lwip/lwip_nosys.c.obj
                0x10000c8c                lwip_nosys_init
 .text.lwip_nosys_deinit
                0x10000cc0       0x20 CMakeFiles/picow_tcpip_client_background.dir/C_/pico/pico-sdk/src/rp2_common/pico_lwip/lwip_nosys.c.obj
                0x10000cc0                lwip_nosys_deinit
 .text.sys_arch_protect
                0x10000ce0        0x4 CMakeFiles/picow_tcpip_client_background.dir/C_/pico/pico-sdk/src/rp2_common/pico_lwip/lwip_nosys.c.obj
                0x10000ce0                sys_arch_protect
 .text.sys_arch_unprotect
                0x10000ce4        0x2 CMakeFiles/picow_tcpip_client_background.dir/C_/pico/pico-sdk/src/rp2_common/pico_lwip/lwip_nosys.c.obj
                0x10000ce4                sys_arch_unprotect
 *fill*         0x10000ce6        0x2 
 .text.sys_now  0x10000ce8       0x3c CMakeFiles/picow_tcpip_client_background.dir/C_/pico/pico-sdk/src/rp2_common/pico_lwip/lwip_nosys.c.obj
                0x10000ce8                sys_now
 .text.async_context_base_add_at_time_worker
                0x10000d24       0x1c CMakeFiles/picow_tcpip_client_background.dir/C_/pico/pico-sdk/src/rp2_common/pico_async_context/async_context_base.c.obj
                0x10000d24                async_context_base_add_at_time_worker
 .text.async_context_base_remove_at_time_worker
                0x10000d40       0x1c CMakeFiles/picow_tcpip_client_background.dir/C_/pico/pico-sdk/src/rp2_common/pico_async_context/async_context_base.c.obj
                0x10000d40                async_context_base_remove_at_time_worker
 .text.async_context_base_add_when_pending_worker
                0x10000d5c       0x1c CMakeFiles/picow_tcpip_client_background.dir/C_/pico/pico-sdk/src/rp2_common/pico_async_context/async_context_base.c.obj
                0x10000d5c                async_context_base_add_when_pending_worker
 .text.async_context_base_remove_when_pending_worker
                0x10000d78       0x1c CMakeFiles/picow_tcpip_client_background.dir/C_/pico/pico-sdk/src/rp2_common/pico_async_context/async_context_base.c.obj
                0x10000d78                async_context_base_remove_when_pending_worker
 .text.async_context_base_remove_ready_at_time_worker
                0x10000d94       0x94 CMakeFiles/picow_tcpip_client_background.dir/C_/pico/pico-sdk/src/rp2_common/pico_async_context/async_context_base.c.obj
                0x10000d94                async_context_base_remove_ready_at_time_worker
 .text.async_context_base_refresh_next_timeout
                0x10000e28       0x4c CMakeFiles/picow_tcpip_client_background.dir/C_/pico/pico-sdk/src/rp2_common/pico_async_context/async_context_base.c.obj
                0x10000e28                async_context_base_refresh_next_timeout
 .text.async_context_base_execute_once
                0x10000e74       0x48 CMakeFiles/picow_tcpip_client_background.dir/C_/pico/pico-sdk/src/rp2_common/pico_async_context/async_context_base.c.obj
                0x10000e74                async_context_base_execute_once
 .text.async_context_base_needs_servicing
                0x10000ebc       0x6c CMakeFiles/picow_tcpip_client_background.dir/C_/pico/pico-sdk/src/rp2_common/pico_async_context/async_context_base.c.obj
                0x10000ebc                async_context_base_needs_servicing
 .text.running_on_fpga
                0x10000f28       0x14 CMakeFiles/picow_tcpip_client_background.dir/C_/pico/pico-sdk/src/rp2_common/pico_platform/platform.c.obj
                0x10000f28                running_on_fpga
 .text.splitmix64
                0x10000f3c       0x5c CMakeFiles/picow_tcpip_client_background.dir/C_/pico/pico-sdk/src/rp2_common/pico_rand/rand.c.obj
 .text.sdbm_hash64_sram
                0x10000f98       0x64 CMakeFiles/picow_tcpip_client_background.dir/C_/pico/pico-sdk/src/rp2_common/pico_rand/rand.c.obj
 .text.xoroshiro128ss
                0x10000ffc       0xb8 CMakeFiles/picow_tcpip_client_background.dir/C_/pico/pico-sdk/src/rp2_common/pico_rand/rand.c.obj
 .text.capture_additional_rosc_samples
                0x100010b4      0x1a4 CMakeFiles/picow_tcpip_client_background.dir/C_/pico/pico-sdk/src/rp2_common/pico_rand/rand.c.obj
 .text.initialise_rand
                0x10001258      0x118 CMakeFiles/picow_tcpip_client_background.dir/C_/pico/pico-sdk/src/rp2_common/pico_rand/rand.c.obj
 .text.get_rand_64
                0x10001370      0x11c CMakeFiles/picow_tcpip_client_background.dir/C_/pico/pico-sdk/src/rp2_common/pico_rand/rand.c.obj
                0x10001370                get_rand_64
 .text.get_rand_32
                0x1000148c        0x8 CMakeFiles/picow_tcpip_client_background.dir/C_/pico/pico-sdk/src/rp2_common/pico_rand/rand.c.obj
                0x1000148c                get_rand_32
 .text._retrieve_unique_id_on_boot
                0x10001494       0x10 CMakeFiles/picow_tcpip_client_background.dir/C_/pico/pico-sdk/src/rp2_common/pico_unique_id/unique_id.c.obj
 .text.pico_get_unique_board_id
                0x100014a4       0x10 CMakeFiles/picow_tcpip_client_background.dir/C_/pico/pico-sdk/src/rp2_common/pico_unique_id/unique_id.c.obj
                0x100014a4                pico_get_unique_board_id
 .text.pico_get_unique_board_id_string
                0x100014b4       0x60 CMakeFiles/picow_tcpip_client_background.dir/C_/pico/pico-sdk/src/rp2_common/pico_unique_id/unique_id.c.obj
                0x100014b4                pico_get_unique_board_id_string
 .text.flash_get_unique_id
                0x10001514       0x46 CMakeFiles/picow_tcpip_client_background.dir/C_/pico/pico-sdk/src/rp2_common/hardware_flash/flash.c.obj
                0x10001514                flash_get_unique_id
 *fill*         0x1000155a        0x2 
 .text.hw_claim_lock
                0x1000155c       0x18 CMakeFiles/picow_tcpip_client_background.dir/C_/pico/pico-sdk/src/rp2_common/hardware_claim/claim.c.obj
                0x1000155c                hw_claim_lock
 .text.hw_claim_unlock
                0x10001574       0x14 CMakeFiles/picow_tcpip_client_background.dir/C_/pico/pico-sdk/src/rp2_common/hardware_claim/claim.c.obj
                0x10001574                hw_claim_unlock
 .text.hw_claim_or_assert
                0x10001588       0x32 CMakeFiles/picow_tcpip_client_background.dir/C_/pico/pico-sdk/src/rp2_common/hardware_claim/claim.c.obj
                0x10001588                hw_claim_or_assert
 .text.hw_claim_unused_from_range
                0x100015ba       0x50 CMakeFiles/picow_tcpip_client_background.dir/C_/pico/pico-sdk/src/rp2_common/hardware_claim/claim.c.obj
                0x100015ba                hw_claim_unused_from_range
 *fill*         0x1000160a        0x2 
 .text.hw_claim_clear
                0x1000160c       0x40 CMakeFiles/picow_tcpip_client_background.dir/C_/pico/pico-sdk/src/rp2_common/hardware_claim/claim.c.obj
                0x1000160c                hw_claim_clear
 .text.spin_locks_reset
                0x1000164c       0x20 CMakeFiles/picow_tcpip_client_background.dir/C_/pico/pico-sdk/src/rp2_common/hardware_sync/sync.c.obj
                0x1000164c                spin_locks_reset
 .text.spin_lock_init
                0x1000166c       0x34 CMakeFiles/picow_tcpip_client_background.dir/C_/pico/pico-sdk/src/rp2_common/hardware_sync/sync.c.obj
                0x1000166c                spin_lock_init
 .text.next_striped_spin_lock_num
                0x100016a0       0x1c CMakeFiles/picow_tcpip_client_background.dir/C_/pico/pico-sdk/src/rp2_common/hardware_sync/sync.c.obj
                0x100016a0                next_striped_spin_lock_num
 .text.spin_lock_claim_unused
                0x100016bc       0x20 CMakeFiles/picow_tcpip_client_background.dir/C_/pico/pico-sdk/src/rp2_common/hardware_sync/sync.c.obj
                0x100016bc                spin_lock_claim_unused
 .text.rom_func_lookup
                0x100016dc       0x10 CMakeFiles/picow_tcpip_client_background.dir/C_/pico/pico-sdk/src/rp2_common/pico_bootrom/bootrom.c.obj
                0x100016dc                rom_func_lookup
 .text.rom_data_lookup
                0x100016ec       0x10 CMakeFiles/picow_tcpip_client_background.dir/C_/pico/pico-sdk/src/rp2_common/pico_bootrom/bootrom.c.obj
                0x100016ec                rom_data_lookup
 .text.rom_funcs_lookup
                0x100016fc       0x36 CMakeFiles/picow_tcpip_client_background.dir/C_/pico/pico-sdk/src/rp2_common/pico_bootrom/bootrom.c.obj
                0x100016fc                rom_funcs_lookup
 *fill*         0x10001732        0x2 
 .text.clock_configure
                0x10001734      0x104 CMakeFiles/picow_tcpip_client_background.dir/C_/pico/pico-sdk/src/rp2_common/hardware_clocks/clocks.c.obj
                0x10001734                clock_configure
 .text.clocks_init
                0x10001838      0x100 CMakeFiles/picow_tcpip_client_background.dir/C_/pico/pico-sdk/src/rp2_common/hardware_clocks/clocks.c.obj
                0x10001838                clocks_init
 .text.clock_get_hz
                0x10001938        0xc CMakeFiles/picow_tcpip_client_background.dir/C_/pico/pico-sdk/src/rp2_common/hardware_clocks/clocks.c.obj
                0x10001938                clock_get_hz
 .text.gpio_set_function
                0x10001944       0x30 CMakeFiles/picow_tcpip_client_background.dir/C_/pico/pico-sdk/src/rp2_common/hardware_gpio/gpio.c.obj
                0x10001944                gpio_set_function
 .text.gpio_set_pulls
                0x10001974       0x34 CMakeFiles/picow_tcpip_client_background.dir/C_/pico/pico-sdk/src/rp2_common/hardware_gpio/gpio.c.obj
                0x10001974                gpio_set_pulls
 .text.gpio_set_input_hysteresis_enabled
                0x100019a8       0x30 CMakeFiles/picow_tcpip_client_background.dir/C_/pico/pico-sdk/src/rp2_common/hardware_gpio/gpio.c.obj
                0x100019a8                gpio_set_input_hysteresis_enabled
 .text.gpio_add_raw_irq_handler_with_order_priority_masked
                0x100019d8       0x40 CMakeFiles/picow_tcpip_client_background.dir/C_/pico/pico-sdk/src/rp2_common/hardware_gpio/gpio.c.obj
                0x100019d8                gpio_add_raw_irq_handler_with_order_priority_masked
 .text.gpio_remove_raw_irq_handler_masked
                0x10001a18       0x48 CMakeFiles/picow_tcpip_client_background.dir/C_/pico/pico-sdk/src/rp2_common/hardware_gpio/gpio.c.obj
                0x10001a18                gpio_remove_raw_irq_handler_masked
 .text.gpio_acknowledge_irq
                0x10001a60       0x18 CMakeFiles/picow_tcpip_client_background.dir/C_/pico/pico-sdk/src/rp2_common/hardware_gpio/gpio.c.obj
                0x10001a60                gpio_acknowledge_irq
 .text._gpio_set_irq_enabled
                0x10001a78       0x34 CMakeFiles/picow_tcpip_client_background.dir/C_/pico/pico-sdk/src/rp2_common/hardware_gpio/gpio.c.obj
 .text.gpio_set_irq_enabled
                0x10001aac       0x20 CMakeFiles/picow_tcpip_client_background.dir/C_/pico/pico-sdk/src/rp2_common/hardware_gpio/gpio.c.obj
                0x10001aac                gpio_set_irq_enabled
 .text.gpio_init
                0x10001acc       0x16 CMakeFiles/picow_tcpip_client_background.dir/C_/pico/pico-sdk/src/rp2_common/hardware_gpio/gpio.c.obj
                0x10001acc                gpio_init
 *fill*         0x10001ae2        0x2 
 .text.set_raw_irq_handler_and_unlock
                0x10001ae4       0x28 CMakeFiles/picow_tcpip_client_background.dir/C_/pico/pico-sdk/src/rp2_common/hardware_irq/irq.c.obj
 .text.get_user_irq_claim_index
                0x10001b0c        0x6 CMakeFiles/picow_tcpip_client_background.dir/C_/pico/pico-sdk/src/rp2_common/hardware_irq/irq.c.obj
 *fill*         0x10001b12        0x2 
 .text.make_branch
                0x10001b14       0x48 CMakeFiles/picow_tcpip_client_background.dir/C_/pico/pico-sdk/src/rp2_common/hardware_irq/irq.c.obj
 .text.insert_branch_and_link
                0x10001b5c       0x40 CMakeFiles/picow_tcpip_client_background.dir/C_/pico/pico-sdk/src/rp2_common/hardware_irq/irq.c.obj
 .text.irq_is_enabled
                0x10001b9c       0x18 CMakeFiles/picow_tcpip_client_background.dir/C_/pico/pico-sdk/src/rp2_common/hardware_irq/irq.c.obj
                0x10001b9c                irq_is_enabled
 .text.irq_set_mask_enabled
                0x10001bb4       0x20 CMakeFiles/picow_tcpip_client_background.dir/C_/pico/pico-sdk/src/rp2_common/hardware_irq/irq.c.obj
                0x10001bb4                irq_set_mask_enabled
 .text.irq_set_enabled
                0x10001bd4        0xe CMakeFiles/picow_tcpip_client_background.dir/C_/pico/pico-sdk/src/rp2_common/hardware_irq/irq.c.obj
                0x10001bd4                irq_set_enabled
 *fill*         0x10001be2        0x2 
 .text.irq_set_pending
                0x10001be4       0x10 CMakeFiles/picow_tcpip_client_background.dir/C_/pico/pico-sdk/src/rp2_common/hardware_irq/irq.c.obj
                0x10001be4                irq_set_pending
 .text.irq_get_vtable_handler
                0x10001bf4       0x10 CMakeFiles/picow_tcpip_client_background.dir/C_/pico/pico-sdk/src/rp2_common/hardware_irq/irq.c.obj
                0x10001bf4                irq_get_vtable_handler
 .text.irq_has_shared_handler
                0x10001c04       0x24 CMakeFiles/picow_tcpip_client_background.dir/C_/pico/pico-sdk/src/rp2_common/hardware_irq/irq.c.obj
                0x10001c04                irq_has_shared_handler
 .text.irq_set_exclusive_handler
                0x10001c28       0x54 CMakeFiles/picow_tcpip_client_background.dir/C_/pico/pico-sdk/src/rp2_common/hardware_irq/irq.c.obj
                0x10001c28                irq_set_exclusive_handler
 .text.irq_add_shared_handler
                0x10001c7c      0x234 CMakeFiles/picow_tcpip_client_background.dir/C_/pico/pico-sdk/src/rp2_common/hardware_irq/irq.c.obj
                0x10001c7c                irq_add_shared_handler
 .text.irq_remove_handler
                0x10001eb0      0x1ac CMakeFiles/picow_tcpip_client_background.dir/C_/pico/pico-sdk/src/rp2_common/hardware_irq/irq.c.obj
                0x10001eb0                irq_remove_handler
 .text.irq_set_priority
                0x1000205c       0x28 CMakeFiles/picow_tcpip_client_background.dir/C_/pico/pico-sdk/src/rp2_common/hardware_irq/irq.c.obj
                0x1000205c                irq_set_priority
 .text.irq_add_tail_to_free_list
                0x10002084       0xf0 CMakeFiles/picow_tcpip_client_background.dir/C_/pico/pico-sdk/src/rp2_common/hardware_irq/irq.c.obj
                0x10002084                irq_add_tail_to_free_list
 .text.irq_init_priorities
                0x10002174       0x1c CMakeFiles/picow_tcpip_client_background.dir/C_/pico/pico-sdk/src/rp2_common/hardware_irq/irq.c.obj
                0x10002174                irq_init_priorities
 .text.user_irq_unclaim
                0x10002190       0x14 CMakeFiles/picow_tcpip_client_background.dir/C_/pico/pico-sdk/src/rp2_common/hardware_irq/irq.c.obj
                0x10002190                user_irq_unclaim
 .text.user_irq_claim_unused
                0x100021a4       0x28 CMakeFiles/picow_tcpip_client_background.dir/C_/pico/pico-sdk/src/rp2_common/hardware_irq/irq.c.obj
                0x100021a4                user_irq_claim_unused
 .text.sem_init
                0x100021cc       0x1e CMakeFiles/picow_tcpip_client_background.dir/C_/pico/pico-sdk/src/common/pico_sync/sem.c.obj
                0x100021cc                sem_init
 *fill*         0x100021ea        0x2 
 .text.lock_init
                0x100021ec       0x10 CMakeFiles/picow_tcpip_client_background.dir/C_/pico/pico-sdk/src/common/pico_sync/lock_core.c.obj
                0x100021ec                lock_init
 .text.mutex_init
                0x100021fc       0x1a CMakeFiles/picow_tcpip_client_background.dir/C_/pico/pico-sdk/src/common/pico_sync/mutex.c.obj
                0x100021fc                mutex_init
 .text.recursive_mutex_init
                0x10002216       0x1e CMakeFiles/picow_tcpip_client_background.dir/C_/pico/pico-sdk/src/common/pico_sync/mutex.c.obj
                0x10002216                recursive_mutex_init
 .text.critical_section_init_with_lock_num
                0x10002234       0x14 CMakeFiles/picow_tcpip_client_background.dir/C_/pico/pico-sdk/src/common/pico_sync/critical_section.c.obj
                0x10002234                critical_section_init_with_lock_num
 .text.critical_section_init
                0x10002248       0x14 CMakeFiles/picow_tcpip_client_background.dir/C_/pico/pico-sdk/src/common/pico_sync/critical_section.c.obj
                0x10002248                critical_section_init
 .text.alarm_pool_post_alloc_init
                0x1000225c       0x40 CMakeFiles/picow_tcpip_client_background.dir/C_/pico/pico-sdk/src/common/pico_time/time.c.obj
 .text.sleep_until_callback
                0x1000229c       0x30 CMakeFiles/picow_tcpip_client_background.dir/C_/pico/pico-sdk/src/common/pico_time/time.c.obj
 .text.timer_pool_entry_comparator
                0x100022cc       0x7c CMakeFiles/picow_tcpip_client_background.dir/C_/pico/pico-sdk/src/common/pico_time/time.c.obj
                0x100022cc                timer_pool_entry_comparator
 .text.ph_add_child_node
                0x10002348       0xa4 CMakeFiles/picow_tcpip_client_background.dir/C_/pico/pico-sdk/src/common/pico_time/time.c.obj
 .text.ph_merge_nodes
                0x100023ec       0x3e CMakeFiles/picow_tcpip_client_background.dir/C_/pico/pico-sdk/src/common/pico_time/time.c.obj
 *fill*         0x1000242a        0x2 
 .text.add_alarm_under_lock
                0x1000242c      0x174 CMakeFiles/picow_tcpip_client_background.dir/C_/pico/pico-sdk/src/common/pico_time/time.c.obj
 .text.alarm_pool_alarm_callback
                0x100025a0      0x33c CMakeFiles/picow_tcpip_client_background.dir/C_/pico/pico-sdk/src/common/pico_time/time.c.obj
 .text.alarm_pool_init_default
                0x100028dc       0x40 CMakeFiles/picow_tcpip_client_background.dir/C_/pico/pico-sdk/src/common/pico_time/time.c.obj
                0x100028dc                alarm_pool_init_default
 .text.alarm_pool_get_default
                0x1000291c       0x2c CMakeFiles/picow_tcpip_client_background.dir/C_/pico/pico-sdk/src/common/pico_time/time.c.obj
                0x1000291c                alarm_pool_get_default
 .text.alarm_pool_create_with_unused_hardware_alarm
                0x10002948       0x44 CMakeFiles/picow_tcpip_client_background.dir/C_/pico/pico-sdk/src/common/pico_time/time.c.obj
                0x10002948                alarm_pool_create_with_unused_hardware_alarm
 .text.alarm_pool_destroy
                0x1000298c       0x78 CMakeFiles/picow_tcpip_client_background.dir/C_/pico/pico-sdk/src/common/pico_time/time.c.obj
                0x1000298c                alarm_pool_destroy
 .text.alarm_pool_add_alarm_at
                0x10002a04      0x168 CMakeFiles/picow_tcpip_client_background.dir/C_/pico/pico-sdk/src/common/pico_time/time.c.obj
                0x10002a04                alarm_pool_add_alarm_at
 .text.alarm_pool_add_alarm_at_force_in_context
                0x10002b6c       0xa4 CMakeFiles/picow_tcpip_client_background.dir/C_/pico/pico-sdk/src/common/pico_time/time.c.obj
                0x10002b6c                alarm_pool_add_alarm_at_force_in_context
 .text.alarm_pool_cancel_alarm
                0x10002c10       0xf0 CMakeFiles/picow_tcpip_client_background.dir/C_/pico/pico-sdk/src/common/pico_time/time.c.obj
                0x10002c10                alarm_pool_cancel_alarm
 .text.alarm_pool_core_num
                0x10002d00        0x4 CMakeFiles/picow_tcpip_client_background.dir/C_/pico/pico-sdk/src/common/pico_time/time.c.obj
                0x10002d00                alarm_pool_core_num
 .text.sleep_until
                0x10002d04       0xfc CMakeFiles/picow_tcpip_client_background.dir/C_/pico/pico-sdk/src/common/pico_time/time.c.obj
                0x10002d04                sleep_until
 .text.sleep_us
                0x10002e00       0x58 CMakeFiles/picow_tcpip_client_background.dir/C_/pico/pico-sdk/src/common/pico_time/time.c.obj
                0x10002e00                sleep_us
 .text.sleep_ms
                0x10002e58       0x14 CMakeFiles/picow_tcpip_client_background.dir/C_/pico/pico-sdk/src/common/pico_time/time.c.obj
                0x10002e58                sleep_ms
 .text.best_effort_wfe_or_timeout
                0x10002e6c       0xac CMakeFiles/picow_tcpip_client_background.dir/C_/pico/pico-sdk/src/common/pico_time/time.c.obj
                0x10002e6c                best_effort_wfe_or_timeout
 .text.hardware_alarm_irq_handler
                0x10002f18       0x90 CMakeFiles/picow_tcpip_client_background.dir/C_/pico/pico-sdk/src/rp2_common/hardware_timer/timer.c.obj
 .text.hardware_alarm_claim
                0x10002fa8       0x18 CMakeFiles/picow_tcpip_client_background.dir/C_/pico/pico-sdk/src/rp2_common/hardware_timer/timer.c.obj
                0x10002fa8                hardware_alarm_claim
 .text.hardware_alarm_unclaim
                0x10002fc0       0x10 CMakeFiles/picow_tcpip_client_background.dir/C_/pico/pico-sdk/src/rp2_common/hardware_timer/timer.c.obj
                0x10002fc0                hardware_alarm_unclaim
 .text.hardware_alarm_claim_unused
                0x10002fd0       0x20 CMakeFiles/picow_tcpip_client_background.dir/C_/pico/pico-sdk/src/rp2_common/hardware_timer/timer.c.obj
                0x10002fd0                hardware_alarm_claim_unused
 .text.time_us_64
                0x10002ff0       0x18 CMakeFiles/picow_tcpip_client_background.dir/C_/pico/pico-sdk/src/rp2_common/hardware_timer/timer.c.obj
                0x10002ff0                time_us_64
 .text.busy_wait_until
                0x10003008       0x28 CMakeFiles/picow_tcpip_client_background.dir/C_/pico/pico-sdk/src/rp2_common/hardware_timer/timer.c.obj
                0x10003008                busy_wait_until
 .text.hardware_alarm_set_callback
                0x10003030       0x90 CMakeFiles/picow_tcpip_client_background.dir/C_/pico/pico-sdk/src/rp2_common/hardware_timer/timer.c.obj
                0x10003030                hardware_alarm_set_callback
 .text.hardware_alarm_set_target
                0x100030c0       0xe8 CMakeFiles/picow_tcpip_client_background.dir/C_/pico/pico-sdk/src/rp2_common/hardware_timer/timer.c.obj
                0x100030c0                hardware_alarm_set_target
 .text.hardware_alarm_cancel
                0x100031a8       0x40 CMakeFiles/picow_tcpip_client_background.dir/C_/pico/pico-sdk/src/rp2_common/hardware_timer/timer.c.obj
                0x100031a8                hardware_alarm_cancel
 .text.hardware_alarm_force_irq
                0x100031e8       0x40 CMakeFiles/picow_tcpip_client_background.dir/C_/pico/pico-sdk/src/rp2_common/hardware_timer/timer.c.obj
                0x100031e8                hardware_alarm_force_irq
 .text.ph_add_child_node
                0x10003228       0xa4 CMakeFiles/picow_tcpip_client_background.dir/C_/pico/pico-sdk/src/common/pico_util/pheap.c.obj
 .text.ph_merge_nodes
                0x100032cc       0x3e CMakeFiles/picow_tcpip_client_background.dir/C_/pico/pico-sdk/src/common/pico_util/pheap.c.obj
 *fill*         0x1000330a        0x2 
 .text.ph_clear
                0x1000330c       0x70 CMakeFiles/picow_tcpip_client_background.dir/C_/pico/pico-sdk/src/common/pico_util/pheap.c.obj
                0x1000330c                ph_clear
 .text.ph_post_alloc_init
                0x1000337c        0xe CMakeFiles/picow_tcpip_client_background.dir/C_/pico/pico-sdk/src/common/pico_util/pheap.c.obj
                0x1000337c                ph_post_alloc_init
 .text.ph_create
                0x1000338a       0x2c CMakeFiles/picow_tcpip_client_background.dir/C_/pico/pico-sdk/src/common/pico_util/pheap.c.obj
                0x1000338a                ph_create
 .text.ph_destroy
                0x100033b6       0x12 CMakeFiles/picow_tcpip_client_background.dir/C_/pico/pico-sdk/src/common/pico_util/pheap.c.obj
                0x100033b6                ph_destroy
 .text.ph_merge_two_pass
                0x100033c8       0xa8 CMakeFiles/picow_tcpip_client_background.dir/C_/pico/pico-sdk/src/common/pico_util/pheap.c.obj
                0x100033c8                ph_merge_two_pass
 .text.ph_remove_any_head
                0x10003470      0x128 CMakeFiles/picow_tcpip_client_background.dir/C_/pico/pico-sdk/src/common/pico_util/pheap.c.obj
 .text.ph_remove_head
                0x10003598       0x14 CMakeFiles/picow_tcpip_client_background.dir/C_/pico/pico-sdk/src/common/pico_util/pheap.c.obj
                0x10003598                ph_remove_head
 .text.ph_remove_and_free_node
                0x100035ac       0xf8 CMakeFiles/picow_tcpip_client_background.dir/C_/pico/pico-sdk/src/common/pico_util/pheap.c.obj
                0x100035ac                ph_remove_and_free_node
 .text.pll_init
                0x100036a4      0x12c CMakeFiles/picow_tcpip_client_background.dir/C_/pico/pico-sdk/src/rp2_common/hardware_pll/pll.c.obj
                0x100036a4                pll_init
 .text.watchdog_start_tick
                0x100037d0       0x10 CMakeFiles/picow_tcpip_client_background.dir/C_/pico/pico-sdk/src/rp2_common/hardware_watchdog/watchdog.c.obj
                0x100037d0                watchdog_start_tick
 .text.watchdog_update
                0x100037e0       0x14 CMakeFiles/picow_tcpip_client_background.dir/C_/pico/pico-sdk/src/rp2_common/hardware_watchdog/watchdog.c.obj
                0x100037e0                watchdog_update
 .text._watchdog_enable
                0x100037f4       0x78 CMakeFiles/picow_tcpip_client_background.dir/C_/pico/pico-sdk/src/rp2_common/hardware_watchdog/watchdog.c.obj
                0x100037f4                _watchdog_enable
 .text.watchdog_reboot
                0x1000386c       0x48 CMakeFiles/picow_tcpip_client_background.dir/C_/pico/pico-sdk/src/rp2_common/hardware_watchdog/watchdog.c.obj
                0x1000386c                watchdog_reboot
 .text.xosc_init
                0x100038b4       0x28 CMakeFiles/picow_tcpip_client_background.dir/C_/pico/pico-sdk/src/rp2_common/hardware_xosc/xosc.c.obj
                0x100038b4                xosc_init
 .text.lwip_init
                0x100038dc       0x24 CMakeFiles/picow_tcpip_client_background.dir/C_/pico/pico-sdk/lib/lwip/src/core/init.c.obj
                0x100038dc                lwip_init
 .text.lwip_htons
                0x10003900        0xa CMakeFiles/picow_tcpip_client_background.dir/C_/pico/pico-sdk/lib/lwip/src/core/def.c.obj
                0x10003900                lwip_htons
 .text.lwip_htonl
                0x1000390a       0x1c CMakeFiles/picow_tcpip_client_background.dir/C_/pico/pico-sdk/lib/lwip/src/core/def.c.obj
                0x1000390a                lwip_htonl
 *fill*         0x10003926        0x2 
 .text.dns_backupserver_available
                0x10003928       0x28 CMakeFiles/picow_tcpip_client_background.dir/C_/pico/pico-sdk/lib/lwip/src/core/dns.c.obj
 .text.dns_create_txid
                0x10003950       0x3c CMakeFiles/picow_tcpip_client_background.dir/C_/pico/pico-sdk/lib/lwip/src/core/dns.c.obj
 .text.dns_call_found
                0x1000398c       0xf4 CMakeFiles/picow_tcpip_client_background.dir/C_/pico/pico-sdk/lib/lwip/src/core/dns.c.obj
 .text.dns_send
                0x10003a80      0x178 CMakeFiles/picow_tcpip_client_background.dir/C_/pico/pico-sdk/lib/lwip/src/core/dns.c.obj
 .text.dns_check_entry
                0x10003bf8      0x11c CMakeFiles/picow_tcpip_client_background.dir/C_/pico/pico-sdk/lib/lwip/src/core/dns.c.obj
 .text.dns_check_entries
                0x10003d14       0x16 CMakeFiles/picow_tcpip_client_background.dir/C_/pico/pico-sdk/lib/lwip/src/core/dns.c.obj
 .text.dns_init
                0x10003d2a        0x2 CMakeFiles/picow_tcpip_client_background.dir/C_/pico/pico-sdk/lib/lwip/src/core/dns.c.obj
                0x10003d2a                dns_init
 .text.dns_setserver
                0x10003d2c       0x28 CMakeFiles/picow_tcpip_client_background.dir/C_/pico/pico-sdk/lib/lwip/src/core/dns.c.obj
                0x10003d2c                dns_setserver
 .text.dns_tmr  0x10003d54        0x8 CMakeFiles/picow_tcpip_client_background.dir/C_/pico/pico-sdk/lib/lwip/src/core/dns.c.obj
                0x10003d54                dns_tmr
 .text.lwip_standard_chksum
                0x10003d5c       0xac CMakeFiles/picow_tcpip_client_background.dir/C_/pico/pico-sdk/lib/lwip/src/core/inet_chksum.c.obj
                0x10003d5c                lwip_standard_chksum
 .text.inet_cksum_pseudo_base
                0x10003e08       0x7c CMakeFiles/picow_tcpip_client_background.dir/C_/pico/pico-sdk/lib/lwip/src/core/inet_chksum.c.obj
 .text.inet_chksum_pseudo
                0x10003e84       0x30 CMakeFiles/picow_tcpip_client_background.dir/C_/pico/pico-sdk/lib/lwip/src/core/inet_chksum.c.obj
                0x10003e84                inet_chksum_pseudo
 .text.ip_chksum_pseudo
                0x10003eb4       0x10 CMakeFiles/picow_tcpip_client_background.dir/C_/pico/pico-sdk/lib/lwip/src/core/inet_chksum.c.obj
                0x10003eb4                ip_chksum_pseudo
 .text.inet_chksum
                0x10003ec4        0xc CMakeFiles/picow_tcpip_client_background.dir/C_/pico/pico-sdk/lib/lwip/src/core/inet_chksum.c.obj
                0x10003ec4                inet_chksum
 .text.inet_chksum_pbuf
                0x10003ed0       0x52 CMakeFiles/picow_tcpip_client_background.dir/C_/pico/pico-sdk/lib/lwip/src/core/inet_chksum.c.obj
                0x10003ed0                inet_chksum_pbuf
 *fill*         0x10003f22        0x2 
 .text.ptr_to_mem
                0x10003f24        0xc CMakeFiles/picow_tcpip_client_background.dir/C_/pico/pico-sdk/lib/lwip/src/core/mem.c.obj
 .text.mem_to_ptr
                0x10003f30       0x10 CMakeFiles/picow_tcpip_client_background.dir/C_/pico/pico-sdk/lib/lwip/src/core/mem.c.obj
 .text.mem_link_valid
                0x10003f40       0x5c CMakeFiles/picow_tcpip_client_background.dir/C_/pico/pico-sdk/lib/lwip/src/core/mem.c.obj
 .text.plug_holes
                0x10003f9c       0xd4 CMakeFiles/picow_tcpip_client_background.dir/C_/pico/pico-sdk/lib/lwip/src/core/mem.c.obj
 .text.mem_init
                0x10004070       0x44 CMakeFiles/picow_tcpip_client_background.dir/C_/pico/pico-sdk/lib/lwip/src/core/mem.c.obj
                0x10004070                mem_init
 .text.mem_free
                0x100040b4       0x84 CMakeFiles/picow_tcpip_client_background.dir/C_/pico/pico-sdk/lib/lwip/src/core/mem.c.obj
                0x100040b4                mem_free
 .text.mem_trim
                0x10004138      0x134 CMakeFiles/picow_tcpip_client_background.dir/C_/pico/pico-sdk/lib/lwip/src/core/mem.c.obj
                0x10004138                mem_trim
 .text.mem_malloc
                0x1000426c      0x134 CMakeFiles/picow_tcpip_client_background.dir/C_/pico/pico-sdk/lib/lwip/src/core/mem.c.obj
                0x1000426c                mem_malloc
 .text.do_memp_malloc_pool
                0x100043a0       0x30 CMakeFiles/picow_tcpip_client_background.dir/C_/pico/pico-sdk/lib/lwip/src/core/memp.c.obj
 .text.do_memp_free_pool
                0x100043d0       0x28 CMakeFiles/picow_tcpip_client_background.dir/C_/pico/pico-sdk/lib/lwip/src/core/memp.c.obj
 .text.memp_init_pool
                0x100043f8       0x2a CMakeFiles/picow_tcpip_client_background.dir/C_/pico/pico-sdk/lib/lwip/src/core/memp.c.obj
                0x100043f8                memp_init_pool
 *fill*         0x10004422        0x2 
 .text.memp_init
                0x10004424       0x20 CMakeFiles/picow_tcpip_client_background.dir/C_/pico/pico-sdk/lib/lwip/src/core/memp.c.obj
                0x10004424                memp_init
 .text.memp_malloc
                0x10004444       0x24 CMakeFiles/picow_tcpip_client_background.dir/C_/pico/pico-sdk/lib/lwip/src/core/memp.c.obj
                0x10004444                memp_malloc
 .text.memp_free
                0x10004468       0x28 CMakeFiles/picow_tcpip_client_background.dir/C_/pico/pico-sdk/lib/lwip/src/core/memp.c.obj
                0x10004468                memp_free
 .text.netif_do_set_netmask
                0x10004490       0x1a CMakeFiles/picow_tcpip_client_background.dir/C_/pico/pico-sdk/lib/lwip/src/core/netif.c.obj
 .text.netif_do_set_gw
                0x100044aa       0x1a CMakeFiles/picow_tcpip_client_background.dir/C_/pico/pico-sdk/lib/lwip/src/core/netif.c.obj
 .text.netif_null_output_ip4
                0x100044c4        0x6 CMakeFiles/picow_tcpip_client_background.dir/C_/pico/pico-sdk/lib/lwip/src/core/netif.c.obj
 .text.netif_do_ip_addr_changed
                0x100044ca       0x1c CMakeFiles/picow_tcpip_client_background.dir/C_/pico/pico-sdk/lib/lwip/src/core/netif.c.obj
 *fill*         0x100044e6        0x2 
 .text.netif_issue_reports
                0x100044e8       0x34 CMakeFiles/picow_tcpip_client_background.dir/C_/pico/pico-sdk/lib/lwip/src/core/netif.c.obj
 .text.netif_do_set_ipaddr
                0x1000451c       0x54 CMakeFiles/picow_tcpip_client_background.dir/C_/pico/pico-sdk/lib/lwip/src/core/netif.c.obj
 .text.netif_init
                0x10004570        0x2 CMakeFiles/picow_tcpip_client_background.dir/C_/pico/pico-sdk/lib/lwip/src/core/netif.c.obj
                0x10004570                netif_init
 *fill*         0x10004572        0x2 
 .text.netif_set_addr
                0x10004574       0x78 CMakeFiles/picow_tcpip_client_background.dir/C_/pico/pico-sdk/lib/lwip/src/core/netif.c.obj
                0x10004574                netif_set_addr
 .text.netif_add
                0x100045ec      0x124 CMakeFiles/picow_tcpip_client_background.dir/C_/pico/pico-sdk/lib/lwip/src/core/netif.c.obj
                0x100045ec                netif_add
 .text.netif_set_default
                0x10004710        0xc CMakeFiles/picow_tcpip_client_background.dir/C_/pico/pico-sdk/lib/lwip/src/core/netif.c.obj
                0x10004710                netif_set_default
 .text.netif_set_up
                0x1000471c       0x34 CMakeFiles/picow_tcpip_client_background.dir/C_/pico/pico-sdk/lib/lwip/src/core/netif.c.obj
                0x1000471c                netif_set_up
 .text.netif_set_down
                0x10004750       0x38 CMakeFiles/picow_tcpip_client_background.dir/C_/pico/pico-sdk/lib/lwip/src/core/netif.c.obj
                0x10004750                netif_set_down
 .text.netif_remove
                0x10004788       0x64 CMakeFiles/picow_tcpip_client_background.dir/C_/pico/pico-sdk/lib/lwip/src/core/netif.c.obj
                0x10004788                netif_remove
 .text.netif_set_link_up
                0x100047ec       0x3c CMakeFiles/picow_tcpip_client_background.dir/C_/pico/pico-sdk/lib/lwip/src/core/netif.c.obj
                0x100047ec                netif_set_link_up
 .text.netif_set_link_down
                0x10004828       0x2c CMakeFiles/picow_tcpip_client_background.dir/C_/pico/pico-sdk/lib/lwip/src/core/netif.c.obj
                0x10004828                netif_set_link_down
 .text.netif_get_by_index
                0x10004854       0x24 CMakeFiles/picow_tcpip_client_background.dir/C_/pico/pico-sdk/lib/lwip/src/core/netif.c.obj
                0x10004854                netif_get_by_index
 .text.pbuf_init_alloced_pbuf
                0x10004878       0x20 CMakeFiles/picow_tcpip_client_background.dir/C_/pico/pico-sdk/lib/lwip/src/core/pbuf.c.obj
 .text.pbuf_skip_const
                0x10004898       0x1a CMakeFiles/picow_tcpip_client_background.dir/C_/pico/pico-sdk/lib/lwip/src/core/pbuf.c.obj
 *fill*         0x100048b2        0x2 
 .text.pbuf_pool_is_empty
                0x100048b4       0x18 CMakeFiles/picow_tcpip_client_background.dir/C_/pico/pico-sdk/lib/lwip/src/core/pbuf.c.obj
 .text.pbuf_add_header_impl
                0x100048cc       0x68 CMakeFiles/picow_tcpip_client_background.dir/C_/pico/pico-sdk/lib/lwip/src/core/pbuf.c.obj
 .text.pbuf_free_ooseq
                0x10004934       0x30 CMakeFiles/picow_tcpip_client_background.dir/C_/pico/pico-sdk/lib/lwip/src/core/pbuf.c.obj
                0x10004934                pbuf_free_ooseq
 .text.pbuf_alloc_reference
                0x10004964       0x3c CMakeFiles/picow_tcpip_client_background.dir/C_/pico/pico-sdk/lib/lwip/src/core/pbuf.c.obj
                0x10004964                pbuf_alloc_reference
 .text.pbuf_add_header
                0x100049a0        0xa CMakeFiles/picow_tcpip_client_background.dir/C_/pico/pico-sdk/lib/lwip/src/core/pbuf.c.obj
                0x100049a0                pbuf_add_header
 *fill*         0x100049aa        0x2 
 .text.pbuf_remove_header
                0x100049ac       0x50 CMakeFiles/picow_tcpip_client_background.dir/C_/pico/pico-sdk/lib/lwip/src/core/pbuf.c.obj
                0x100049ac                pbuf_remove_header
 .text.pbuf_header_impl
                0x100049fc       0x14 CMakeFiles/picow_tcpip_client_background.dir/C_/pico/pico-sdk/lib/lwip/src/core/pbuf.c.obj
 .text.pbuf_header_force
                0x10004a10        0xa CMakeFiles/picow_tcpip_client_background.dir/C_/pico/pico-sdk/lib/lwip/src/core/pbuf.c.obj
                0x10004a10                pbuf_header_force
 *fill*         0x10004a1a        0x2 
 .text.pbuf_free
                0x10004a1c       0x7c CMakeFiles/picow_tcpip_client_background.dir/C_/pico/pico-sdk/lib/lwip/src/core/pbuf.c.obj
                0x10004a1c                pbuf_free
 .text.pbuf_alloc
                0x10004a98      0x148 CMakeFiles/picow_tcpip_client_background.dir/C_/pico/pico-sdk/lib/lwip/src/core/pbuf.c.obj
                0x10004a98                pbuf_alloc
 .text.pbuf_realloc
                0x10004be0       0x84 CMakeFiles/picow_tcpip_client_background.dir/C_/pico/pico-sdk/lib/lwip/src/core/pbuf.c.obj
                0x10004be0                pbuf_realloc
 .text.pbuf_clen
                0x10004c64       0x12 CMakeFiles/picow_tcpip_client_background.dir/C_/pico/pico-sdk/lib/lwip/src/core/pbuf.c.obj
                0x10004c64                pbuf_clen
 *fill*         0x10004c76        0x2 
 .text.pbuf_ref
                0x10004c78       0x28 CMakeFiles/picow_tcpip_client_background.dir/C_/pico/pico-sdk/lib/lwip/src/core/pbuf.c.obj
                0x10004c78                pbuf_ref
 .text.pbuf_cat
                0x10004ca0       0x44 CMakeFiles/picow_tcpip_client_background.dir/C_/pico/pico-sdk/lib/lwip/src/core/pbuf.c.obj
                0x10004ca0                pbuf_cat
 .text.pbuf_chain
                0x10004ce4       0x10 CMakeFiles/picow_tcpip_client_background.dir/C_/pico/pico-sdk/lib/lwip/src/core/pbuf.c.obj
                0x10004ce4                pbuf_chain
 .text.pbuf_copy_partial_pbuf
                0x10004cf4      0x13c CMakeFiles/picow_tcpip_client_background.dir/C_/pico/pico-sdk/lib/lwip/src/core/pbuf.c.obj
                0x10004cf4                pbuf_copy_partial_pbuf
 .text.pbuf_copy
                0x10004e30       0x20 CMakeFiles/picow_tcpip_client_background.dir/C_/pico/pico-sdk/lib/lwip/src/core/pbuf.c.obj
                0x10004e30                pbuf_copy
 .text.pbuf_copy_partial
                0x10004e50       0x90 CMakeFiles/picow_tcpip_client_background.dir/C_/pico/pico-sdk/lib/lwip/src/core/pbuf.c.obj
                0x10004e50                pbuf_copy_partial
 .text.pbuf_skip
                0x10004ee0        0x8 CMakeFiles/picow_tcpip_client_background.dir/C_/pico/pico-sdk/lib/lwip/src/core/pbuf.c.obj
                0x10004ee0                pbuf_skip
 .text.pbuf_take
                0x10004ee8       0x98 CMakeFiles/picow_tcpip_client_background.dir/C_/pico/pico-sdk/lib/lwip/src/core/pbuf.c.obj
                0x10004ee8                pbuf_take
 .text.pbuf_take_at
                0x10004f80       0x70 CMakeFiles/picow_tcpip_client_background.dir/C_/pico/pico-sdk/lib/lwip/src/core/pbuf.c.obj
                0x10004f80                pbuf_take_at
 .text.pbuf_clone
                0x10004ff0       0x2c CMakeFiles/picow_tcpip_client_background.dir/C_/pico/pico-sdk/lib/lwip/src/core/pbuf.c.obj
                0x10004ff0                pbuf_clone
 .text.pbuf_put_at
                0x1000501c       0x26 CMakeFiles/picow_tcpip_client_background.dir/C_/pico/pico-sdk/lib/lwip/src/core/pbuf.c.obj
                0x1000501c                pbuf_put_at
 *fill*         0x10005042        0x2 
 .text.raw_input_local_match
                0x10005044       0x5c CMakeFiles/picow_tcpip_client_background.dir/C_/pico/pico-sdk/lib/lwip/src/core/raw.c.obj
 .text.raw_input
                0x100050a0       0xb0 CMakeFiles/picow_tcpip_client_background.dir/C_/pico/pico-sdk/lib/lwip/src/core/raw.c.obj
                0x100050a0                raw_input
 .text.raw_netif_ip_addr_changed
                0x10005150       0x38 CMakeFiles/picow_tcpip_client_background.dir/C_/pico/pico-sdk/lib/lwip/src/core/raw.c.obj
                0x10005150                raw_netif_ip_addr_changed
 .text.stats_init
                0x10005188        0x2 CMakeFiles/picow_tcpip_client_background.dir/C_/pico/pico-sdk/lib/lwip/src/core/stats.c.obj
                0x10005188                stats_init
 *fill*         0x1000518a        0x2 
 .text.tcp_new_port
                0x1000518c       0x6c CMakeFiles/picow_tcpip_client_background.dir/C_/pico/pico-sdk/lib/lwip/src/core/tcp.c.obj
 .text.tcp_remove_listener
                0x100051f8       0x24 CMakeFiles/picow_tcpip_client_background.dir/C_/pico/pico-sdk/lib/lwip/src/core/tcp.c.obj
 .text.tcp_listen_closed
                0x1000521c       0x40 CMakeFiles/picow_tcpip_client_background.dir/C_/pico/pico-sdk/lib/lwip/src/core/tcp.c.obj
 .text.tcp_free_listen
                0x1000525c       0x1c CMakeFiles/picow_tcpip_client_background.dir/C_/pico/pico-sdk/lib/lwip/src/core/tcp.c.obj
 .text.tcp_close_shutdown_fin
                0x10005278       0x68 CMakeFiles/picow_tcpip_client_background.dir/C_/pico/pico-sdk/lib/lwip/src/core/tcp.c.obj
 .text.tcp_handle_closepend
                0x100052e0       0x28 CMakeFiles/picow_tcpip_client_background.dir/C_/pico/pico-sdk/lib/lwip/src/core/tcp.c.obj
 .text.tcp_init
                0x10005308       0x20 CMakeFiles/picow_tcpip_client_background.dir/C_/pico/pico-sdk/lib/lwip/src/core/tcp.c.obj
                0x10005308                tcp_init
 .text.tcp_free
                0x10005328       0x1c CMakeFiles/picow_tcpip_client_background.dir/C_/pico/pico-sdk/lib/lwip/src/core/tcp.c.obj
                0x10005328                tcp_free
 .text.tcp_update_rcv_ann_wnd
                0x10005344       0x58 CMakeFiles/picow_tcpip_client_background.dir/C_/pico/pico-sdk/lib/lwip/src/core/tcp.c.obj
                0x10005344                tcp_update_rcv_ann_wnd
 .text.tcp_recved
                0x1000539c       0x60 CMakeFiles/picow_tcpip_client_background.dir/C_/pico/pico-sdk/lib/lwip/src/core/tcp.c.obj
                0x1000539c                tcp_recved
 .text.tcp_seg_free
                0x100053fc       0x1a CMakeFiles/picow_tcpip_client_background.dir/C_/pico/pico-sdk/lib/lwip/src/core/tcp.c.obj
                0x100053fc                tcp_seg_free
 .text.tcp_segs_free
                0x10005416       0x12 CMakeFiles/picow_tcpip_client_background.dir/C_/pico/pico-sdk/lib/lwip/src/core/tcp.c.obj
                0x10005416                tcp_segs_free
 .text.tcp_seg_copy
                0x10005428       0x2c CMakeFiles/picow_tcpip_client_background.dir/C_/pico/pico-sdk/lib/lwip/src/core/tcp.c.obj
                0x10005428                tcp_seg_copy
 .text.tcp_arg  0x10005454        0x8 CMakeFiles/picow_tcpip_client_background.dir/C_/pico/pico-sdk/lib/lwip/src/core/tcp.c.obj
                0x10005454                tcp_arg
 .text.tcp_recv
                0x1000545c       0x1c CMakeFiles/picow_tcpip_client_background.dir/C_/pico/pico-sdk/lib/lwip/src/core/tcp.c.obj
                0x1000545c                tcp_recv
 .text.tcp_sent
                0x10005478       0x1c CMakeFiles/picow_tcpip_client_background.dir/C_/pico/pico-sdk/lib/lwip/src/core/tcp.c.obj
                0x10005478                tcp_sent
 .text.tcp_err  0x10005494       0x1c CMakeFiles/picow_tcpip_client_background.dir/C_/pico/pico-sdk/lib/lwip/src/core/tcp.c.obj
                0x10005494                tcp_err
 .text.tcp_poll
                0x100054b0       0x2c CMakeFiles/picow_tcpip_client_background.dir/C_/pico/pico-sdk/lib/lwip/src/core/tcp.c.obj
                0x100054b0                tcp_poll
 .text.tcp_next_iss
                0x100054dc       0x28 CMakeFiles/picow_tcpip_client_background.dir/C_/pico/pico-sdk/lib/lwip/src/core/tcp.c.obj
                0x100054dc                tcp_next_iss
 .text.tcp_eff_send_mss_netif
                0x10005504       0x34 CMakeFiles/picow_tcpip_client_background.dir/C_/pico/pico-sdk/lib/lwip/src/core/tcp.c.obj
                0x10005504                tcp_eff_send_mss_netif
 .text.tcp_connect
                0x10005538      0x140 CMakeFiles/picow_tcpip_client_background.dir/C_/pico/pico-sdk/lib/lwip/src/core/tcp.c.obj
                0x10005538                tcp_connect
 .text.tcp_free_ooseq
                0x10005678       0x14 CMakeFiles/picow_tcpip_client_background.dir/C_/pico/pico-sdk/lib/lwip/src/core/tcp.c.obj
                0x10005678                tcp_free_ooseq
 .text.tcp_pcb_purge
                0x1000568c       0x58 CMakeFiles/picow_tcpip_client_background.dir/C_/pico/pico-sdk/lib/lwip/src/core/tcp.c.obj
                0x1000568c                tcp_pcb_purge
 .text.tcp_pcb_remove
                0x100056e4       0xa4 CMakeFiles/picow_tcpip_client_background.dir/C_/pico/pico-sdk/lib/lwip/src/core/tcp.c.obj
                0x100056e4                tcp_pcb_remove
 .text.tcp_abandon
                0x10005788      0x10c CMakeFiles/picow_tcpip_client_background.dir/C_/pico/pico-sdk/lib/lwip/src/core/tcp.c.obj
                0x10005788                tcp_abandon
 .text.tcp_abort
                0x10005894        0xa CMakeFiles/picow_tcpip_client_background.dir/C_/pico/pico-sdk/lib/lwip/src/core/tcp.c.obj
                0x10005894                tcp_abort
 *fill*         0x1000589e        0x2 
 .text.tcp_kill_timewait
                0x100058a0       0x38 CMakeFiles/picow_tcpip_client_background.dir/C_/pico/pico-sdk/lib/lwip/src/core/tcp.c.obj
 .text.tcp_kill_prio
                0x100058d8       0x58 CMakeFiles/picow_tcpip_client_background.dir/C_/pico/pico-sdk/lib/lwip/src/core/tcp.c.obj
 .text.tcp_netif_ip_addr_changed_pcblist
                0x10005930       0x30 CMakeFiles/picow_tcpip_client_background.dir/C_/pico/pico-sdk/lib/lwip/src/core/tcp.c.obj
 .text.tcp_netif_ip_addr_changed
                0x10005960       0x54 CMakeFiles/picow_tcpip_client_background.dir/C_/pico/pico-sdk/lib/lwip/src/core/tcp.c.obj
                0x10005960                tcp_netif_ip_addr_changed
 .text.tcp_kill_state
                0x100059b4       0x54 CMakeFiles/picow_tcpip_client_background.dir/C_/pico/pico-sdk/lib/lwip/src/core/tcp.c.obj
 .text.tcp_alloc
                0x10005a08       0xcc CMakeFiles/picow_tcpip_client_background.dir/C_/pico/pico-sdk/lib/lwip/src/core/tcp.c.obj
                0x10005a08                tcp_alloc
 .text.tcp_new_ip_type
                0x10005ad4        0xa CMakeFiles/picow_tcpip_client_background.dir/C_/pico/pico-sdk/lib/lwip/src/core/tcp.c.obj
                0x10005ad4                tcp_new_ip_type
 *fill*         0x10005ade        0x2 
 .text.tcp_close_shutdown
                0x10005ae0      0x13c CMakeFiles/picow_tcpip_client_background.dir/C_/pico/pico-sdk/lib/lwip/src/core/tcp.c.obj
 .text.tcp_close
                0x10005c1c       0x2c CMakeFiles/picow_tcpip_client_background.dir/C_/pico/pico-sdk/lib/lwip/src/core/tcp.c.obj
                0x10005c1c                tcp_close
 .text.tcp_recv_null
                0x10005c48       0x3c CMakeFiles/picow_tcpip_client_background.dir/C_/pico/pico-sdk/lib/lwip/src/core/tcp.c.obj
                0x10005c48                tcp_recv_null
 .text.tcp_process_refused_data
                0x10005c84       0x88 CMakeFiles/picow_tcpip_client_background.dir/C_/pico/pico-sdk/lib/lwip/src/core/tcp.c.obj
                0x10005c84                tcp_process_refused_data
 .text.tcp_fasttmr
                0x10005d0c       0x80 CMakeFiles/picow_tcpip_client_background.dir/C_/pico/pico-sdk/lib/lwip/src/core/tcp.c.obj
                0x10005d0c                tcp_fasttmr
 .text.tcp_slowtmr
                0x10005d8c      0x44c CMakeFiles/picow_tcpip_client_background.dir/C_/pico/pico-sdk/lib/lwip/src/core/tcp.c.obj
                0x10005d8c                tcp_slowtmr
 .text.tcp_tmr  0x100061d8       0x20 CMakeFiles/picow_tcpip_client_background.dir/C_/pico/pico-sdk/lib/lwip/src/core/tcp.c.obj
                0x100061d8                tcp_tmr
 .text.tcp_get_next_optbyte
                0x100061f8       0x40 CMakeFiles/picow_tcpip_client_background.dir/C_/pico/pico-sdk/lib/lwip/src/core/tcp_in.c.obj
 .text.tcp_parseopt
                0x10006238       0x9c CMakeFiles/picow_tcpip_client_background.dir/C_/pico/pico-sdk/lib/lwip/src/core/tcp_in.c.obj
 .text.tcp_input_delayed_close
                0x100062d4       0x4c CMakeFiles/picow_tcpip_client_background.dir/C_/pico/pico-sdk/lib/lwip/src/core/tcp_in.c.obj
 .text.tcp_timewait_input
                0x10006320       0xa0 CMakeFiles/picow_tcpip_client_background.dir/C_/pico/pico-sdk/lib/lwip/src/core/tcp_in.c.obj
 .text.tcp_listen_input
                0x100063c0      0x15c CMakeFiles/picow_tcpip_client_background.dir/C_/pico/pico-sdk/lib/lwip/src/core/tcp_in.c.obj
 .text.tcp_free_acked_segments
                0x1000651c       0xc0 CMakeFiles/picow_tcpip_client_background.dir/C_/pico/pico-sdk/lib/lwip/src/core/tcp_in.c.obj
 .text.tcp_oos_insert_segment
                0x100065dc       0xd4 CMakeFiles/picow_tcpip_client_background.dir/C_/pico/pico-sdk/lib/lwip/src/core/tcp_in.c.obj
 .text.tcp_receive
                0x100066b0      0x9f0 CMakeFiles/picow_tcpip_client_background.dir/C_/pico/pico-sdk/lib/lwip/src/core/tcp_in.c.obj
 .text.tcp_process
                0x100070a0      0x55c CMakeFiles/picow_tcpip_client_background.dir/C_/pico/pico-sdk/lib/lwip/src/core/tcp_in.c.obj
 .text.tcp_input
                0x100075fc      0x674 CMakeFiles/picow_tcpip_client_background.dir/C_/pico/pico-sdk/lib/lwip/src/core/tcp_in.c.obj
                0x100075fc                tcp_input
 .text.tcp_trigger_input_pcb_close
                0x10007c70       0x10 CMakeFiles/picow_tcpip_client_background.dir/C_/pico/pico-sdk/lib/lwip/src/core/tcp_in.c.obj
                0x10007c70                tcp_trigger_input_pcb_close
 .text.tcp_write_checks
                0x10007c80       0xa8 CMakeFiles/picow_tcpip_client_background.dir/C_/pico/pico-sdk/lib/lwip/src/core/tcp_out.c.obj
 .text.tcp_output_segment_busy
                0x10007d28       0x20 CMakeFiles/picow_tcpip_client_background.dir/C_/pico/pico-sdk/lib/lwip/src/core/tcp_out.c.obj
 .text.tcp_output_fill_options
                0x10007d48       0x30 CMakeFiles/picow_tcpip_client_background.dir/C_/pico/pico-sdk/lib/lwip/src/core/tcp_out.c.obj
 .text.tcp_pbuf_prealloc
                0x10007d78       0x4c CMakeFiles/picow_tcpip_client_background.dir/C_/pico/pico-sdk/lib/lwip/src/core/tcp_out.c.obj
 .text.tcp_create_segment
                0x10007dc4       0xf4 CMakeFiles/picow_tcpip_client_background.dir/C_/pico/pico-sdk/lib/lwip/src/core/tcp_out.c.obj
 .text.tcp_output_alloc_header_common
                0x10007eb8       0xd0 CMakeFiles/picow_tcpip_client_background.dir/C_/pico/pico-sdk/lib/lwip/src/core/tcp_out.c.obj
 .text.tcp_output_alloc_header
                0x10007f88       0x3c CMakeFiles/picow_tcpip_client_background.dir/C_/pico/pico-sdk/lib/lwip/src/core/tcp_out.c.obj
 .text.tcp_rst_common
                0x10007fc4       0x68 CMakeFiles/picow_tcpip_client_background.dir/C_/pico/pico-sdk/lib/lwip/src/core/tcp_out.c.obj
 .text.tcp_route
                0x1000802c       0x1a CMakeFiles/picow_tcpip_client_background.dir/C_/pico/pico-sdk/lib/lwip/src/core/tcp_out.c.obj
 *fill*         0x10008046        0x2 
 .text.tcp_output_segment
                0x10008048      0x168 CMakeFiles/picow_tcpip_client_background.dir/C_/pico/pico-sdk/lib/lwip/src/core/tcp_out.c.obj
 .text.tcp_output_control_segment_netif
                0x100081b0       0x84 CMakeFiles/picow_tcpip_client_background.dir/C_/pico/pico-sdk/lib/lwip/src/core/tcp_out.c.obj
 .text.tcp_output_control_segment
                0x10008234       0x44 CMakeFiles/picow_tcpip_client_background.dir/C_/pico/pico-sdk/lib/lwip/src/core/tcp_out.c.obj
 .text.tcp_write
                0x10008278      0x368 CMakeFiles/picow_tcpip_client_background.dir/C_/pico/pico-sdk/lib/lwip/src/core/tcp_out.c.obj
                0x10008278                tcp_write
 .text.tcp_split_unsent_seg
                0x100085e0      0x1f8 CMakeFiles/picow_tcpip_client_background.dir/C_/pico/pico-sdk/lib/lwip/src/core/tcp_out.c.obj
                0x100085e0                tcp_split_unsent_seg
 .text.tcp_enqueue_flags
                0x100087d8      0x11c CMakeFiles/picow_tcpip_client_background.dir/C_/pico/pico-sdk/lib/lwip/src/core/tcp_out.c.obj
                0x100087d8                tcp_enqueue_flags
 .text.tcp_send_fin
                0x100088f4       0x68 CMakeFiles/picow_tcpip_client_background.dir/C_/pico/pico-sdk/lib/lwip/src/core/tcp_out.c.obj
                0x100088f4                tcp_send_fin
 .text.tcp_rexmit_rto_prepare
                0x1000895c       0xac CMakeFiles/picow_tcpip_client_background.dir/C_/pico/pico-sdk/lib/lwip/src/core/tcp_out.c.obj
                0x1000895c                tcp_rexmit_rto_prepare
 .text.tcp_rexmit
                0x10008a08       0xa4 CMakeFiles/picow_tcpip_client_background.dir/C_/pico/pico-sdk/lib/lwip/src/core/tcp_out.c.obj
                0x10008a08                tcp_rexmit
 .text.tcp_rexmit_fast
                0x10008aac       0x68 CMakeFiles/picow_tcpip_client_background.dir/C_/pico/pico-sdk/lib/lwip/src/core/tcp_out.c.obj
                0x10008aac                tcp_rexmit_fast
 .text.tcp_rst  0x10008b14       0x32 CMakeFiles/picow_tcpip_client_background.dir/C_/pico/pico-sdk/lib/lwip/src/core/tcp_out.c.obj
                0x10008b14                tcp_rst
 .text.tcp_rst_netif
                0x10008b46       0x38 CMakeFiles/picow_tcpip_client_background.dir/C_/pico/pico-sdk/lib/lwip/src/core/tcp_out.c.obj
                0x10008b46                tcp_rst_netif
 *fill*         0x10008b7e        0x2 
 .text.tcp_send_empty_ack
                0x10008b80       0x64 CMakeFiles/picow_tcpip_client_background.dir/C_/pico/pico-sdk/lib/lwip/src/core/tcp_out.c.obj
                0x10008b80                tcp_send_empty_ack
 .text.tcp_output
                0x10008be4      0x338 CMakeFiles/picow_tcpip_client_background.dir/C_/pico/pico-sdk/lib/lwip/src/core/tcp_out.c.obj
                0x10008be4                tcp_output
 .text.tcp_rexmit_rto_commit
                0x10008f1c       0x24 CMakeFiles/picow_tcpip_client_background.dir/C_/pico/pico-sdk/lib/lwip/src/core/tcp_out.c.obj
                0x10008f1c                tcp_rexmit_rto_commit
 .text.tcp_rexmit_rto
                0x10008f40       0x24 CMakeFiles/picow_tcpip_client_background.dir/C_/pico/pico-sdk/lib/lwip/src/core/tcp_out.c.obj
                0x10008f40                tcp_rexmit_rto
 .text.tcp_keepalive
                0x10008f64       0x48 CMakeFiles/picow_tcpip_client_background.dir/C_/pico/pico-sdk/lib/lwip/src/core/tcp_out.c.obj
                0x10008f64                tcp_keepalive
 .text.tcp_zero_window_probe
                0x10008fac      0x10c CMakeFiles/picow_tcpip_client_background.dir/C_/pico/pico-sdk/lib/lwip/src/core/tcp_out.c.obj
                0x10008fac                tcp_zero_window_probe
 .text.sys_timeout_abs
                0x100090b8       0x60 CMakeFiles/picow_tcpip_client_background.dir/C_/pico/pico-sdk/lib/lwip/src/core/timeouts.c.obj
 .text.lwip_cyclic_timer
                0x10009118       0x38 CMakeFiles/picow_tcpip_client_background.dir/C_/pico/pico-sdk/lib/lwip/src/core/timeouts.c.obj
 .text.sys_timeout
                0x10009150       0x2c CMakeFiles/picow_tcpip_client_background.dir/C_/pico/pico-sdk/lib/lwip/src/core/timeouts.c.obj
                0x10009150                sys_timeout
 .text.tcp_timer_needed
                0x1000917c       0x40 CMakeFiles/picow_tcpip_client_background.dir/C_/pico/pico-sdk/lib/lwip/src/core/timeouts.c.obj
                0x1000917c                tcp_timer_needed
 .text.tcpip_tcp_timer
                0x100091bc       0x3c CMakeFiles/picow_tcpip_client_background.dir/C_/pico/pico-sdk/lib/lwip/src/core/timeouts.c.obj
 .text.sys_timeouts_init
                0x100091f8       0x24 CMakeFiles/picow_tcpip_client_background.dir/C_/pico/pico-sdk/lib/lwip/src/core/timeouts.c.obj
                0x100091f8                sys_timeouts_init
 .text.sys_check_timeouts
                0x1000921c       0x54 CMakeFiles/picow_tcpip_client_background.dir/C_/pico/pico-sdk/lib/lwip/src/core/timeouts.c.obj
                0x1000921c                sys_check_timeouts
 .text.sys_timeouts_sleeptime
                0x10009270       0x34 CMakeFiles/picow_tcpip_client_background.dir/C_/pico/pico-sdk/lib/lwip/src/core/timeouts.c.obj
                0x10009270                sys_timeouts_sleeptime
 .text.udp_new_port
                0x100092a4       0x54 CMakeFiles/picow_tcpip_client_background.dir/C_/pico/pico-sdk/lib/lwip/src/core/udp.c.obj
 .text.udp_input_local_match
                0x100092f8       0x90 CMakeFiles/picow_tcpip_client_background.dir/C_/pico/pico-sdk/lib/lwip/src/core/udp.c.obj
 .text.udp_init
                0x10009388       0x20 CMakeFiles/picow_tcpip_client_background.dir/C_/pico/pico-sdk/lib/lwip/src/core/udp.c.obj
                0x10009388                udp_init
 .text.udp_input
                0x100093a8      0x210 CMakeFiles/picow_tcpip_client_background.dir/C_/pico/pico-sdk/lib/lwip/src/core/udp.c.obj
                0x100093a8                udp_input
 .text.udp_bind
                0x100095b8       0xbc CMakeFiles/picow_tcpip_client_background.dir/C_/pico/pico-sdk/lib/lwip/src/core/udp.c.obj
                0x100095b8                udp_bind
 .text.udp_sendto_if_src
                0x10009674      0x17c CMakeFiles/picow_tcpip_client_background.dir/C_/pico/pico-sdk/lib/lwip/src/core/udp.c.obj
                0x10009674                udp_sendto_if_src
 .text.udp_sendto_if
                0x100097f0       0x84 CMakeFiles/picow_tcpip_client_background.dir/C_/pico/pico-sdk/lib/lwip/src/core/udp.c.obj
                0x100097f0                udp_sendto_if
 .text.udp_sendto
                0x10009874       0x84 CMakeFiles/picow_tcpip_client_background.dir/C_/pico/pico-sdk/lib/lwip/src/core/udp.c.obj
                0x10009874                udp_sendto
 .text.udp_connect
                0x100098f8       0x74 CMakeFiles/picow_tcpip_client_background.dir/C_/pico/pico-sdk/lib/lwip/src/core/udp.c.obj
                0x100098f8                udp_connect
 .text.udp_recv
                0x1000996c       0x18 CMakeFiles/picow_tcpip_client_background.dir/C_/pico/pico-sdk/lib/lwip/src/core/udp.c.obj
                0x1000996c                udp_recv
 .text.udp_remove
                0x10009984       0x44 CMakeFiles/picow_tcpip_client_background.dir/C_/pico/pico-sdk/lib/lwip/src/core/udp.c.obj
                0x10009984                udp_remove
 .text.udp_new  0x100099c8       0x1c CMakeFiles/picow_tcpip_client_background.dir/C_/pico/pico-sdk/lib/lwip/src/core/udp.c.obj
                0x100099c8                udp_new
 .text.udp_netif_ip_addr_changed
                0x100099e4       0x38 CMakeFiles/picow_tcpip_client_background.dir/C_/pico/pico-sdk/lib/lwip/src/core/udp.c.obj
                0x100099e4                udp_netif_ip_addr_changed
 .text.dhcp_set_state
                0x10009a1c       0x10 CMakeFiles/picow_tcpip_client_background.dir/C_/pico/pico-sdk/lib/lwip/src/core/ipv4/dhcp.c.obj
 .text.dhcp_option_short
                0x10009a2c       0x24 CMakeFiles/picow_tcpip_client_background.dir/C_/pico/pico-sdk/lib/lwip/src/core/ipv4/dhcp.c.obj
 .text.dhcp_option
                0x10009a50       0x24 CMakeFiles/picow_tcpip_client_background.dir/C_/pico/pico-sdk/lib/lwip/src/core/ipv4/dhcp.c.obj
 .text.dhcp_option_byte
                0x10009a74       0x1c CMakeFiles/picow_tcpip_client_background.dir/C_/pico/pico-sdk/lib/lwip/src/core/ipv4/dhcp.c.obj
 .text.dhcp_option_long
                0x10009a90       0x34 CMakeFiles/picow_tcpip_client_background.dir/C_/pico/pico-sdk/lib/lwip/src/core/ipv4/dhcp.c.obj
 .text.dhcp_create_msg
                0x10009ac4      0x138 CMakeFiles/picow_tcpip_client_background.dir/C_/pico/pico-sdk/lib/lwip/src/core/ipv4/dhcp.c.obj
 .text.dhcp_option_hostname
                0x10009bfc       0x70 CMakeFiles/picow_tcpip_client_background.dir/C_/pico/pico-sdk/lib/lwip/src/core/ipv4/dhcp.c.obj
 .text.dhcp_option_trailer
                0x10009c6c       0x30 CMakeFiles/picow_tcpip_client_background.dir/C_/pico/pico-sdk/lib/lwip/src/core/ipv4/dhcp.c.obj
 .text.dhcp_rebind
                0x10009c9c       0xfc CMakeFiles/picow_tcpip_client_background.dir/C_/pico/pico-sdk/lib/lwip/src/core/ipv4/dhcp.c.obj
 .text.dhcp_t2_timeout
                0x10009d98       0x2e CMakeFiles/picow_tcpip_client_background.dir/C_/pico/pico-sdk/lib/lwip/src/core/ipv4/dhcp.c.obj
 *fill*         0x10009dc6        0x2 
 .text.dhcp_reboot
                0x10009dc8      0x120 CMakeFiles/picow_tcpip_client_background.dir/C_/pico/pico-sdk/lib/lwip/src/core/ipv4/dhcp.c.obj
 .text.dhcp_select
                0x10009ee8      0x16c CMakeFiles/picow_tcpip_client_background.dir/C_/pico/pico-sdk/lib/lwip/src/core/ipv4/dhcp.c.obj
 .text.dhcp_handle_offer
                0x1000a054       0x48 CMakeFiles/picow_tcpip_client_background.dir/C_/pico/pico-sdk/lib/lwip/src/core/ipv4/dhcp.c.obj
 .text.dhcp_discover
                0x1000a09c       0xf8 CMakeFiles/picow_tcpip_client_background.dir/C_/pico/pico-sdk/lib/lwip/src/core/ipv4/dhcp.c.obj
 .text.dhcp_dec_pcb_refcount
                0x1000a194       0x38 CMakeFiles/picow_tcpip_client_background.dir/C_/pico/pico-sdk/lib/lwip/src/core/ipv4/dhcp.c.obj
 .text.dhcp_inc_pcb_refcount
                0x1000a1cc       0x74 CMakeFiles/picow_tcpip_client_background.dir/C_/pico/pico-sdk/lib/lwip/src/core/ipv4/dhcp.c.obj
 .text.dhcp_parse_reply
                0x1000a240      0x2fc CMakeFiles/picow_tcpip_client_background.dir/C_/pico/pico-sdk/lib/lwip/src/core/ipv4/dhcp.c.obj
 .text.dhcp_handle_ack
                0x1000a53c       0xd0 CMakeFiles/picow_tcpip_client_background.dir/C_/pico/pico-sdk/lib/lwip/src/core/ipv4/dhcp.c.obj
 .text.dhcp_bind
                0x1000a60c      0x104 CMakeFiles/picow_tcpip_client_background.dir/C_/pico/pico-sdk/lib/lwip/src/core/ipv4/dhcp.c.obj
 .text.dhcp_handle_nak
                0x1000a710       0x24 CMakeFiles/picow_tcpip_client_background.dir/C_/pico/pico-sdk/lib/lwip/src/core/ipv4/dhcp.c.obj
 .text.dhcp_recv
                0x1000a734       0xf4 CMakeFiles/picow_tcpip_client_background.dir/C_/pico/pico-sdk/lib/lwip/src/core/ipv4/dhcp.c.obj
 .text.dhcp_set_struct
                0x1000a828       0x44 CMakeFiles/picow_tcpip_client_background.dir/C_/pico/pico-sdk/lib/lwip/src/core/ipv4/dhcp.c.obj
                0x1000a828                dhcp_set_struct
 .text.dhcp_network_changed_link_up
                0x1000a86c       0x40 CMakeFiles/picow_tcpip_client_background.dir/C_/pico/pico-sdk/lib/lwip/src/core/ipv4/dhcp.c.obj
                0x1000a86c                dhcp_network_changed_link_up
 .text.dhcp_renew
                0x1000a8ac       0xf8 CMakeFiles/picow_tcpip_client_background.dir/C_/pico/pico-sdk/lib/lwip/src/core/ipv4/dhcp.c.obj
                0x1000a8ac                dhcp_renew
 .text.dhcp_t1_timeout
                0x1000a9a4       0x2a CMakeFiles/picow_tcpip_client_background.dir/C_/pico/pico-sdk/lib/lwip/src/core/ipv4/dhcp.c.obj
 .text.dhcp_supplied_address
                0x1000a9ce       0x32 CMakeFiles/picow_tcpip_client_background.dir/C_/pico/pico-sdk/lib/lwip/src/core/ipv4/dhcp.c.obj
                0x1000a9ce                dhcp_supplied_address
 .text.dhcp_release_and_stop
                0x1000aa00       0xdc CMakeFiles/picow_tcpip_client_background.dir/C_/pico/pico-sdk/lib/lwip/src/core/ipv4/dhcp.c.obj
                0x1000aa00                dhcp_release_and_stop
 .text.dhcp_start
                0x1000aadc       0xac CMakeFiles/picow_tcpip_client_background.dir/C_/pico/pico-sdk/lib/lwip/src/core/ipv4/dhcp.c.obj
                0x1000aadc                dhcp_start
 .text.dhcp_coarse_tmr
                0x1000ab88       0x6c CMakeFiles/picow_tcpip_client_background.dir/C_/pico/pico-sdk/lib/lwip/src/core/ipv4/dhcp.c.obj
                0x1000ab88                dhcp_coarse_tmr
 .text.dhcp_timeout
                0x1000abf4       0x4a CMakeFiles/picow_tcpip_client_background.dir/C_/pico/pico-sdk/lib/lwip/src/core/ipv4/dhcp.c.obj
 *fill*         0x1000ac3e        0x2 
 .text.dhcp_fine_tmr
                0x1000ac40       0x38 CMakeFiles/picow_tcpip_client_background.dir/C_/pico/pico-sdk/lib/lwip/src/core/ipv4/dhcp.c.obj
                0x1000ac40                dhcp_fine_tmr
 .text.dhcp_stop
                0x1000ac78        0x8 CMakeFiles/picow_tcpip_client_background.dir/C_/pico/pico-sdk/lib/lwip/src/core/ipv4/dhcp.c.obj
                0x1000ac78                dhcp_stop
 .text.etharp_free_entry
                0x1000ac80       0x4c CMakeFiles/picow_tcpip_client_background.dir/C_/pico/pico-sdk/lib/lwip/src/core/ipv4/etharp.c.obj
 .text.etharp_find_entry
                0x1000accc      0x1b0 CMakeFiles/picow_tcpip_client_background.dir/C_/pico/pico-sdk/lib/lwip/src/core/ipv4/etharp.c.obj
 .text.etharp_update_arp_entry
                0x1000ae7c       0xc8 CMakeFiles/picow_tcpip_client_background.dir/C_/pico/pico-sdk/lib/lwip/src/core/ipv4/etharp.c.obj
 .text.etharp_raw
                0x1000af44       0xf0 CMakeFiles/picow_tcpip_client_background.dir/C_/pico/pico-sdk/lib/lwip/src/core/ipv4/etharp.c.obj
 .text.etharp_request_dst
                0x1000b034       0x24 CMakeFiles/picow_tcpip_client_background.dir/C_/pico/pico-sdk/lib/lwip/src/core/ipv4/etharp.c.obj
 .text.etharp_cleanup_netif
                0x1000b058       0x3c CMakeFiles/picow_tcpip_client_background.dir/C_/pico/pico-sdk/lib/lwip/src/core/ipv4/etharp.c.obj
                0x1000b058                etharp_cleanup_netif
 .text.etharp_input
                0x1000b094      0x120 CMakeFiles/picow_tcpip_client_background.dir/C_/pico/pico-sdk/lib/lwip/src/core/ipv4/etharp.c.obj
                0x1000b094                etharp_input
 .text.etharp_request
                0x1000b1b4       0x10 CMakeFiles/picow_tcpip_client_background.dir/C_/pico/pico-sdk/lib/lwip/src/core/ipv4/etharp.c.obj
                0x1000b1b4                etharp_request
 .text.etharp_tmr
                0x1000b1c4       0x8c CMakeFiles/picow_tcpip_client_background.dir/C_/pico/pico-sdk/lib/lwip/src/core/ipv4/etharp.c.obj
                0x1000b1c4                etharp_tmr
 .text.etharp_output_to_arp_index
                0x1000b250       0xc0 CMakeFiles/picow_tcpip_client_background.dir/C_/pico/pico-sdk/lib/lwip/src/core/ipv4/etharp.c.obj
 .text.etharp_query
                0x1000b310      0x1d8 CMakeFiles/picow_tcpip_client_background.dir/C_/pico/pico-sdk/lib/lwip/src/core/ipv4/etharp.c.obj
                0x1000b310                etharp_query
 .text.etharp_output
                0x1000b4e8      0x154 CMakeFiles/picow_tcpip_client_background.dir/C_/pico/pico-sdk/lib/lwip/src/core/ipv4/etharp.c.obj
                0x1000b4e8                etharp_output
 .text.icmp_send_response
                0x1000b63c       0xd4 CMakeFiles/picow_tcpip_client_background.dir/C_/pico/pico-sdk/lib/lwip/src/core/ipv4/icmp.c.obj
 .text.icmp_input
                0x1000b710      0x204 CMakeFiles/picow_tcpip_client_background.dir/C_/pico/pico-sdk/lib/lwip/src/core/ipv4/icmp.c.obj
                0x1000b710                icmp_input
 .text.icmp_dest_unreach
                0x1000b914        0xc CMakeFiles/picow_tcpip_client_background.dir/C_/pico/pico-sdk/lib/lwip/src/core/ipv4/icmp.c.obj
                0x1000b914                icmp_dest_unreach
 .text.icmp_time_exceeded
                0x1000b920        0xc CMakeFiles/picow_tcpip_client_background.dir/C_/pico/pico-sdk/lib/lwip/src/core/ipv4/icmp.c.obj
                0x1000b920                icmp_time_exceeded
 .text.ip_reass_dequeue_datagram
                0x1000b92c       0x34 CMakeFiles/picow_tcpip_client_background.dir/C_/pico/pico-sdk/lib/lwip/src/core/ipv4/ip4_frag.c.obj
 .text.ip_reass_free_complete_datagram
                0x1000b960       0xe8 CMakeFiles/picow_tcpip_client_background.dir/C_/pico/pico-sdk/lib/lwip/src/core/ipv4/ip4_frag.c.obj
 .text.ip_reass_remove_oldest_datagram
                0x1000ba48       0xc4 CMakeFiles/picow_tcpip_client_background.dir/C_/pico/pico-sdk/lib/lwip/src/core/ipv4/ip4_frag.c.obj
 .text.ip_reass_chain_frag_into_datagram_and_validate
                0x1000bb0c      0x27c CMakeFiles/picow_tcpip_client_background.dir/C_/pico/pico-sdk/lib/lwip/src/core/ipv4/ip4_frag.c.obj
 .text.ip_reass_enqueue_new_datagram
                0x1000bd88       0x64 CMakeFiles/picow_tcpip_client_background.dir/C_/pico/pico-sdk/lib/lwip/src/core/ipv4/ip4_frag.c.obj
 .text.ip_reass_tmr
                0x1000bdec       0x30 CMakeFiles/picow_tcpip_client_background.dir/C_/pico/pico-sdk/lib/lwip/src/core/ipv4/ip4_frag.c.obj
                0x1000bdec                ip_reass_tmr
 .text.ip4_reass
                0x1000be1c      0x284 CMakeFiles/picow_tcpip_client_background.dir/C_/pico/pico-sdk/lib/lwip/src/core/ipv4/ip4_frag.c.obj
                0x1000be1c                ip4_reass
 .text.ip4_frag
                0x1000c0a0      0x178 CMakeFiles/picow_tcpip_client_background.dir/C_/pico/pico-sdk/lib/lwip/src/core/ipv4/ip4_frag.c.obj
                0x1000c0a0                ip4_frag
 .text.ip4_input_accept
                0x1000c218       0x38 CMakeFiles/picow_tcpip_client_background.dir/C_/pico/pico-sdk/lib/lwip/src/core/ipv4/ip4.c.obj
 .text.ip4_route
                0x1000c250       0x7c CMakeFiles/picow_tcpip_client_background.dir/C_/pico/pico-sdk/lib/lwip/src/core/ipv4/ip4.c.obj
                0x1000c250                ip4_route
 .text.ip4_input
                0x1000c2cc      0x2a0 CMakeFiles/picow_tcpip_client_background.dir/C_/pico/pico-sdk/lib/lwip/src/core/ipv4/ip4.c.obj
                0x1000c2cc                ip4_input
 .text.ip4_output_if_src
                0x1000c56c      0x1c4 CMakeFiles/picow_tcpip_client_background.dir/C_/pico/pico-sdk/lib/lwip/src/core/ipv4/ip4.c.obj
                0x1000c56c                ip4_output_if_src
 .text.ip4_output_if
                0x1000c730       0x2e CMakeFiles/picow_tcpip_client_background.dir/C_/pico/pico-sdk/lib/lwip/src/core/ipv4/ip4.c.obj
                0x1000c730                ip4_output_if
 .text.ip4_addr_isbroadcast_u32
                0x1000c75e       0x42 CMakeFiles/picow_tcpip_client_background.dir/C_/pico/pico-sdk/lib/lwip/src/core/ipv4/ip4_addr.c.obj
                0x1000c75e                ip4_addr_isbroadcast_u32
 .text.ip4addr_aton
                0x1000c7a0      0x15c CMakeFiles/picow_tcpip_client_background.dir/C_/pico/pico-sdk/lib/lwip/src/core/ipv4/ip4_addr.c.obj
                0x1000c7a0                ip4addr_aton
 .text.ethernet_input
                0x1000c8fc       0xe0 CMakeFiles/picow_tcpip_client_background.dir/C_/pico/pico-sdk/lib/lwip/src/netif/ethernet.c.obj
                0x1000c8fc                ethernet_input
 .text.ethernet_output
                0x1000c9dc       0x6c CMakeFiles/picow_tcpip_client_background.dir/C_/pico/pico-sdk/lib/lwip/src/netif/ethernet.c.obj
                0x1000c9dc                ethernet_output
 .text.cyw43_tcpip_link_status_name
                0x1000ca48       0x54 CMakeFiles/picow_tcpip_client_background.dir/C_/pico/pico-sdk/src/rp2_common/pico_cyw43_arch/cyw43_arch.c.obj
 .text.cyw43_arch_set_async_context
                0x1000ca9c        0xc CMakeFiles/picow_tcpip_client_background.dir/C_/pico/pico-sdk/src/rp2_common/pico_cyw43_arch/cyw43_arch.c.obj
                0x1000ca9c                cyw43_arch_set_async_context
 .text.cyw43_arch_wifi_connect_bssid_async
                0x1000caa8       0x54 CMakeFiles/picow_tcpip_client_background.dir/C_/pico/pico-sdk/src/rp2_common/pico_cyw43_arch/cyw43_arch.c.obj
                0x1000caa8                cyw43_arch_wifi_connect_bssid_async
 .text.cyw43_arch_get_country_code
                0x1000cafc        0xc CMakeFiles/picow_tcpip_client_background.dir/C_/pico/pico-sdk/src/rp2_common/pico_cyw43_arch/cyw43_arch.c.obj
                0x1000cafc                cyw43_arch_get_country_code
 .text.cyw43_arch_enable_sta_mode
                0x1000cb08       0x40 CMakeFiles/picow_tcpip_client_background.dir/C_/pico/pico-sdk/src/rp2_common/pico_cyw43_arch/cyw43_arch.c.obj
                0x1000cb08                cyw43_arch_enable_sta_mode
 .text.cyw43_arch_gpio_put
                0x1000cb48       0x14 CMakeFiles/picow_tcpip_client_background.dir/C_/pico/pico-sdk/src/rp2_common/pico_cyw43_arch/cyw43_arch.c.obj
                0x1000cb48                cyw43_arch_gpio_put
 .text.cyw43_arch_async_context
                0x1000cb5c        0xc CMakeFiles/picow_tcpip_client_background.dir/C_/pico/pico-sdk/src/rp2_common/pico_cyw43_arch/cyw43_arch.c.obj
                0x1000cb5c                cyw43_arch_async_context
 .text.cyw43_arch_poll
                0x1000cb68       0x18 CMakeFiles/picow_tcpip_client_background.dir/C_/pico/pico-sdk/src/rp2_common/pico_cyw43_arch/cyw43_arch.c.obj
                0x1000cb68                cyw43_arch_poll
 .text.cyw43_arch_wait_for_work_until
                0x1000cb80       0x18 CMakeFiles/picow_tcpip_client_background.dir/C_/pico/pico-sdk/src/rp2_common/pico_cyw43_arch/cyw43_arch.c.obj
                0x1000cb80                cyw43_arch_wait_for_work_until
 .text.cyw43_arch_wifi_connect_bssid_until
                0x1000cb98       0xfc CMakeFiles/picow_tcpip_client_background.dir/C_/pico/pico-sdk/src/rp2_common/pico_cyw43_arch/cyw43_arch.c.obj
 .text.cyw43_arch_wifi_connect_until
                0x1000cc94       0x1a CMakeFiles/picow_tcpip_client_background.dir/C_/pico/pico-sdk/src/rp2_common/pico_cyw43_arch/cyw43_arch.c.obj
 *fill*         0x1000ccae        0x2 
 .text.cyw43_arch_wifi_connect_timeout_ms
                0x1000ccb0       0x80 CMakeFiles/picow_tcpip_client_background.dir/C_/pico/pico-sdk/src/rp2_common/pico_cyw43_arch/cyw43_arch.c.obj
                0x1000ccb0                cyw43_arch_wifi_connect_timeout_ms
 .text.cyw43_arch_init_default_async_context
                0x1000cd30       0x20 CMakeFiles/picow_tcpip_client_background.dir/C_/pico/pico-sdk/src/rp2_common/pico_cyw43_arch/cyw43_arch_threadsafe_background.c.obj
                0x1000cd30                cyw43_arch_init_default_async_context
 .text.cyw43_arch_deinit
                0x1000cd50       0x30 CMakeFiles/picow_tcpip_client_background.dir/C_/pico/pico-sdk/src/rp2_common/pico_cyw43_arch/cyw43_arch_threadsafe_background.c.obj
                0x1000cd50                cyw43_arch_deinit
 .text.cyw43_arch_init
                0x1000cd80       0x42 CMakeFiles/picow_tcpip_client_background.dir/C_/pico/pico-sdk/src/rp2_common/pico_cyw43_arch/cyw43_arch_threadsafe_background.c.obj
                0x1000cd80                cyw43_arch_init
 .text.cs_set   0x1000cdc2       0x1c CMakeFiles/picow_tcpip_client_background.dir/C_/pico/pico-sdk/src/rp2_common/pico_cyw43_driver/cyw43_bus_pio_spi.c.obj
 .text.start_spi_comms
                0x1000cdde       0x2a CMakeFiles/picow_tcpip_client_background.dir/C_/pico/pico-sdk/src/rp2_common/pico_cyw43_driver/cyw43_bus_pio_spi.c.obj
 .text.ns_delay
                0x1000ce08       0x20 CMakeFiles/picow_tcpip_client_background.dir/C_/pico/pico-sdk/src/rp2_common/pico_cyw43_driver/cyw43_bus_pio_spi.c.obj
 .text.stop_spi_comms
                0x1000ce28       0x10 CMakeFiles/picow_tcpip_client_background.dir/C_/pico/pico-sdk/src/rp2_common/pico_cyw43_driver/cyw43_bus_pio_spi.c.obj
 .text.cyw43_spi_deinit
                0x1000ce38       0x64 CMakeFiles/picow_tcpip_client_background.dir/C_/pico/pico-sdk/src/rp2_common/pico_cyw43_driver/cyw43_bus_pio_spi.c.obj
                0x1000ce38                cyw43_spi_deinit
 .text.cyw43_spi_init
                0x1000ce9c      0x284 CMakeFiles/picow_tcpip_client_background.dir/C_/pico/pico-sdk/src/rp2_common/pico_cyw43_driver/cyw43_bus_pio_spi.c.obj
                0x1000ce9c                cyw43_spi_init
 .text.cyw43_spi_transfer
                0x1000d120      0x6a4 CMakeFiles/picow_tcpip_client_background.dir/C_/pico/pico-sdk/src/rp2_common/pico_cyw43_driver/cyw43_bus_pio_spi.c.obj
                0x1000d120                cyw43_spi_transfer
 .text.cyw43_spi_gpio_setup
                0x1000d7c4       0x3a CMakeFiles/picow_tcpip_client_background.dir/C_/pico/pico-sdk/src/rp2_common/pico_cyw43_driver/cyw43_bus_pio_spi.c.obj
                0x1000d7c4                cyw43_spi_gpio_setup
 .text.cyw43_spi_reset
                0x1000d7fe       0x28 CMakeFiles/picow_tcpip_client_background.dir/C_/pico/pico-sdk/src/rp2_common/pico_cyw43_driver/cyw43_bus_pio_spi.c.obj
                0x1000d7fe                cyw43_spi_reset
 *fill*         0x1000d826        0x2 
 .text.read_reg_u32_swap
                0x1000d828       0x68 CMakeFiles/picow_tcpip_client_background.dir/C_/pico/pico-sdk/src/rp2_common/pico_cyw43_driver/cyw43_bus_pio_spi.c.obj
                0x1000d828                read_reg_u32_swap
 .text.cyw43_read_reg_u32
                0x1000d890       0x50 CMakeFiles/picow_tcpip_client_background.dir/C_/pico/pico-sdk/src/rp2_common/pico_cyw43_driver/cyw43_bus_pio_spi.c.obj
                0x1000d890                cyw43_read_reg_u32
 .text.cyw43_read_reg_u16
                0x1000d8e0       0x50 CMakeFiles/picow_tcpip_client_background.dir/C_/pico/pico-sdk/src/rp2_common/pico_cyw43_driver/cyw43_bus_pio_spi.c.obj
                0x1000d8e0                cyw43_read_reg_u16
 .text.cyw43_read_reg_u8
                0x1000d930       0x50 CMakeFiles/picow_tcpip_client_background.dir/C_/pico/pico-sdk/src/rp2_common/pico_cyw43_driver/cyw43_bus_pio_spi.c.obj
                0x1000d930                cyw43_read_reg_u8
 .text.write_reg_u32_swap
                0x1000d980       0x34 CMakeFiles/picow_tcpip_client_background.dir/C_/pico/pico-sdk/src/rp2_common/pico_cyw43_driver/cyw43_bus_pio_spi.c.obj
                0x1000d980                write_reg_u32_swap
 .text.cyw43_write_reg_u32
                0x1000d9b4       0x58 CMakeFiles/picow_tcpip_client_background.dir/C_/pico/pico-sdk/src/rp2_common/pico_cyw43_driver/cyw43_bus_pio_spi.c.obj
                0x1000d9b4                cyw43_write_reg_u32
 .text.cyw43_write_reg_u16
                0x1000da0c       0x58 CMakeFiles/picow_tcpip_client_background.dir/C_/pico/pico-sdk/src/rp2_common/pico_cyw43_driver/cyw43_bus_pio_spi.c.obj
                0x1000da0c                cyw43_write_reg_u16
 .text.cyw43_write_reg_u8
                0x1000da64       0x58 CMakeFiles/picow_tcpip_client_background.dir/C_/pico/pico-sdk/src/rp2_common/pico_cyw43_driver/cyw43_bus_pio_spi.c.obj
                0x1000da64                cyw43_write_reg_u8
 .text.cyw43_read_bytes
                0x1000dabc       0xfc CMakeFiles/picow_tcpip_client_background.dir/C_/pico/pico-sdk/src/rp2_common/pico_cyw43_driver/cyw43_bus_pio_spi.c.obj
                0x1000dabc                cyw43_read_bytes
 .text.cyw43_write_bytes
                0x1000dbb8      0x134 CMakeFiles/picow_tcpip_client_background.dir/C_/pico/pico-sdk/src/rp2_common/pico_cyw43_driver/cyw43_bus_pio_spi.c.obj
                0x1000dbb8                cyw43_write_bytes
 .text.get_core_address
                0x1000dcec       0x1c CMakeFiles/picow_tcpip_client_background.dir/C_/pico/pico-sdk/lib/cyw43-driver/src/cyw43_ll.c.obj
 .text.sdpcm_process_rx_packet
                0x1000dd08      0x180 CMakeFiles/picow_tcpip_client_background.dir/C_/pico/pico-sdk/lib/cyw43-driver/src/cyw43_ll.c.obj
 .text.cyw43_ll_wifi_parse_scan_result
                0x1000de88       0x9c CMakeFiles/picow_tcpip_client_background.dir/C_/pico/pico-sdk/lib/cyw43-driver/src/cyw43_ll.c.obj
 .text.cyw43_ll_parse_async_event
                0x1000df24       0x8e CMakeFiles/picow_tcpip_client_background.dir/C_/pico/pico-sdk/lib/cyw43-driver/src/cyw43_ll.c.obj
 *fill*         0x1000dfb2        0x2 
 .text.cyw43_read_reg
                0x1000dfb4       0x48 CMakeFiles/picow_tcpip_client_background.dir/C_/pico/pico-sdk/lib/cyw43-driver/src/cyw43_ll.c.obj
 .text.cyw43_kso_set
                0x1000dffc       0x98 CMakeFiles/picow_tcpip_client_background.dir/C_/pico/pico-sdk/lib/cyw43-driver/src/cyw43_ll.c.obj
 .text.cyw43_ll_bus_sleep_helper
                0x1000e094        0xe CMakeFiles/picow_tcpip_client_background.dir/C_/pico/pico-sdk/lib/cyw43-driver/src/cyw43_ll.c.obj
 *fill*         0x1000e0a2        0x2 
 .text.cyw43_write_reg
                0x1000e0a4       0x4c CMakeFiles/picow_tcpip_client_background.dir/C_/pico/pico-sdk/lib/cyw43-driver/src/cyw43_ll.c.obj
 .text.cyw43_set_backplane_window
                0x1000e0f0       0x74 CMakeFiles/picow_tcpip_client_background.dir/C_/pico/pico-sdk/lib/cyw43-driver/src/cyw43_ll.c.obj
 .text.cyw43_read_backplane
                0x1000e164       0x36 CMakeFiles/picow_tcpip_client_background.dir/C_/pico/pico-sdk/lib/cyw43-driver/src/cyw43_ll.c.obj
 *fill*         0x1000e19a        0x2 
 .text.disable_device_core
                0x1000e19c       0x3c CMakeFiles/picow_tcpip_client_background.dir/C_/pico/pico-sdk/lib/cyw43-driver/src/cyw43_ll.c.obj
 .text.device_core_is_up
                0x1000e1d8       0x4c CMakeFiles/picow_tcpip_client_background.dir/C_/pico/pico-sdk/lib/cyw43-driver/src/cyw43_ll.c.obj
 .text.cyw43_write_backplane
                0x1000e224       0x3a CMakeFiles/picow_tcpip_client_background.dir/C_/pico/pico-sdk/lib/cyw43-driver/src/cyw43_ll.c.obj
 .text.reset_device_core
                0x1000e25e       0x74 CMakeFiles/picow_tcpip_client_background.dir/C_/pico/pico-sdk/lib/cyw43-driver/src/cyw43_ll.c.obj
 *fill*         0x1000e2d2        0x2 
 .text.cyw43_download_resource
                0x1000e2d4      0x178 CMakeFiles/picow_tcpip_client_background.dir/C_/pico/pico-sdk/lib/cyw43-driver/src/cyw43_ll.c.obj
 .text.cyw43_ll_init
                0x1000e44c       0x1e CMakeFiles/picow_tcpip_client_background.dir/C_/pico/pico-sdk/lib/cyw43-driver/src/cyw43_ll.c.obj
                0x1000e44c                cyw43_ll_init
 .text.cyw43_ll_deinit
                0x1000e46a        0x8 CMakeFiles/picow_tcpip_client_background.dir/C_/pico/pico-sdk/lib/cyw43-driver/src/cyw43_ll.c.obj
                0x1000e46a                cyw43_ll_deinit
 .text.cyw43_ll_bus_sleep
                0x1000e472       0x34 CMakeFiles/picow_tcpip_client_background.dir/C_/pico/pico-sdk/lib/cyw43-driver/src/cyw43_ll.c.obj
                0x1000e472                cyw43_ll_bus_sleep
 *fill*         0x1000e4a6        0x2 
 .text.cyw43_ll_sdpcm_poll_device
                0x1000e4a8      0x158 CMakeFiles/picow_tcpip_client_background.dir/C_/pico/pico-sdk/lib/cyw43-driver/src/cyw43_ll.c.obj
 .text.cyw43_ll_process_packets
                0x1000e600       0x58 CMakeFiles/picow_tcpip_client_background.dir/C_/pico/pico-sdk/lib/cyw43-driver/src/cyw43_ll.c.obj
                0x1000e600                cyw43_ll_process_packets
 .text.cyw43_sdpcm_send_common
                0x1000e658      0x168 CMakeFiles/picow_tcpip_client_background.dir/C_/pico/pico-sdk/lib/cyw43-driver/src/cyw43_ll.c.obj
 .text.cyw43_ll_send_ethernet
                0x1000e7c0       0x5e CMakeFiles/picow_tcpip_client_background.dir/C_/pico/pico-sdk/lib/cyw43-driver/src/cyw43_ll.c.obj
                0x1000e7c0                cyw43_ll_send_ethernet
 .text.cyw43_send_ioctl
                0x1000e81e       0x56 CMakeFiles/picow_tcpip_client_background.dir/C_/pico/pico-sdk/lib/cyw43-driver/src/cyw43_ll.c.obj
 .text.cyw43_do_ioctl
                0x1000e874       0xc0 CMakeFiles/picow_tcpip_client_background.dir/C_/pico/pico-sdk/lib/cyw43-driver/src/cyw43_ll.c.obj
 .text.cyw43_ll_ioctl
                0x1000e934       0x1e CMakeFiles/picow_tcpip_client_background.dir/C_/pico/pico-sdk/lib/cyw43-driver/src/cyw43_ll.c.obj
                0x1000e934                cyw43_ll_ioctl
 *fill*         0x1000e952        0x2 
 .text.cyw43_clm_load
                0x1000e954       0xdc CMakeFiles/picow_tcpip_client_background.dir/C_/pico/pico-sdk/lib/cyw43-driver/src/cyw43_ll.c.obj
 .text.cyw43_write_iovar_u32
                0x1000ea30       0x60 CMakeFiles/picow_tcpip_client_background.dir/C_/pico/pico-sdk/lib/cyw43-driver/src/cyw43_ll.c.obj
 .text.cyw43_write_iovar_n
                0x1000ea90       0x50 CMakeFiles/picow_tcpip_client_background.dir/C_/pico/pico-sdk/lib/cyw43-driver/src/cyw43_ll.c.obj
 .text.cyw43_set_ioctl_u32
                0x1000eae0       0x30 CMakeFiles/picow_tcpip_client_background.dir/C_/pico/pico-sdk/lib/cyw43-driver/src/cyw43_ll.c.obj
 .text.cyw43_write_iovar_u32_u32
                0x1000eb10       0x74 CMakeFiles/picow_tcpip_client_background.dir/C_/pico/pico-sdk/lib/cyw43-driver/src/cyw43_ll.c.obj
 .text.cyw43_ll_wifi_on
                0x1000eb84      0x1c0 CMakeFiles/picow_tcpip_client_background.dir/C_/pico/pico-sdk/lib/cyw43-driver/src/cyw43_ll.c.obj
                0x1000eb84                cyw43_ll_wifi_on
 .text.cyw43_ll_wifi_get_mac
                0x1000ed44       0x48 CMakeFiles/picow_tcpip_client_background.dir/C_/pico/pico-sdk/lib/cyw43-driver/src/cyw43_ll.c.obj
                0x1000ed44                cyw43_ll_wifi_get_mac
 .text.cyw43_ll_bus_init
                0x1000ed8c      0x360 CMakeFiles/picow_tcpip_client_background.dir/C_/pico/pico-sdk/lib/cyw43-driver/src/cyw43_ll.c.obj
                0x1000ed8c                cyw43_ll_bus_init
 .text.cyw43_ll_wifi_pm
                0x1000f0ec       0xcc CMakeFiles/picow_tcpip_client_background.dir/C_/pico/pico-sdk/lib/cyw43-driver/src/cyw43_ll.c.obj
                0x1000f0ec                cyw43_ll_wifi_pm
 .text.cyw43_ll_wifi_join
                0x1000f1b8      0x254 CMakeFiles/picow_tcpip_client_background.dir/C_/pico/pico-sdk/lib/cyw43-driver/src/cyw43_ll.c.obj
                0x1000f1b8                cyw43_ll_wifi_join
 .text.cyw43_ll_wifi_set_wpa_auth
                0x1000f40c        0xe CMakeFiles/picow_tcpip_client_background.dir/C_/pico/pico-sdk/lib/cyw43-driver/src/cyw43_ll.c.obj
                0x1000f40c                cyw43_ll_wifi_set_wpa_auth