Archive member included to satisfy reference by file (symbol)

c:/progra~2/gnuarm~1/102021~1.10/bin/../lib/gcc/arm-none-eabi/10.3.1/thumb/v6-m/nofp\libgcc.a(_dvmd_tls.o)
                              CMakeFiles/picow_tcpip_client_background.dir/C_/pico/pico-sdk/src/rp2_common/pico_divider/divider.S.obj (__aeabi_idiv0)
c:/progra~2/gnuarm~1/102021~1.10/bin/../lib/gcc/arm-none-eabi/10.3.1/../../../../arm-none-eabi/lib/thumb/v6-m/nofp\libg.a(lib_a-atoi.o)
                              CMakeFiles/picow_tcpip_client_background.dir/C_/pico/pico-sdk/lib/lwip/src/core/netif.c.obj (atoi)
c:/progra~2/gnuarm~1/102021~1.10/bin/../lib/gcc/arm-none-eabi/10.3.1/../../../../arm-none-eabi/lib/thumb/v6-m/nofp\libg.a(lib_a-calloc.o)
                              CMakeFiles/picow_tcpip_client_background.dir/C_/pico/pico-sdk/src/rp2_common/pico_malloc/pico_malloc.c.obj (calloc)
c:/progra~2/gnuarm~1/102021~1.10/bin/../lib/gcc/arm-none-eabi/10.3.1/../../../../arm-none-eabi/lib/thumb/v6-m/nofp\libg.a(lib_a-callocr.o)
                              c:/progra~2/gnuarm~1/102021~1.10/bin/../lib/gcc/arm-none-eabi/10.3.1/../../../../arm-none-eabi/lib/thumb/v6-m/nofp\libg.a(lib_a-calloc.o) (_calloc_r)
c:/progra~2/gnuarm~1/102021~1.10/bin/../lib/gcc/arm-none-eabi/10.3.1/../../../../arm-none-eabi/lib/thumb/v6-m/nofp\libg.a(lib_a-ctype_.o)
                              CMakeFiles/picow_tcpip_client_background.dir/C_/pico/pico-sdk/lib/lwip/src/core/dns.c.obj (_ctype_)
c:/progra~2/gnuarm~1/102021~1.10/bin/../lib/gcc/arm-none-eabi/10.3.1/../../../../arm-none-eabi/lib/thumb/v6-m/nofp\libg.a(lib_a-errno.o)
                              c:/progra~2/gnuarm~1/102021~1.10/bin/../lib/gcc/arm-none-eabi/10.3.1/../../../../arm-none-eabi/lib/thumb/v6-m/nofp\libg.a(lib_a-callocr.o) (__errno)
c:/progra~2/gnuarm~1/102021~1.10/bin/../lib/gcc/arm-none-eabi/10.3.1/../../../../arm-none-eabi/lib/thumb/v6-m/nofp\libg.a(lib_a-impure.o)
                              c:/progra~2/gnuarm~1/102021~1.10/bin/../lib/gcc/arm-none-eabi/10.3.1/../../../../arm-none-eabi/lib/thumb/v6-m/nofp\libg.a(lib_a-calloc.o) (_impure_ptr)
c:/progra~2/gnuarm~1/102021~1.10/bin/../lib/gcc/arm-none-eabi/10.3.1/../../../../arm-none-eabi/lib/thumb/v6-m/nofp\libg.a(lib_a-init.o)
                              c:/progra~2/gnuarm~1/102021~1.10/bin/../lib/gcc/arm-none-eabi/10.3.1/../../../../arm-none-eabi/lib/thumb/v6-m/nofp/crt0.o (__libc_init_array)
c:/progra~2/gnuarm~1/102021~1.10/bin/../lib/gcc/arm-none-eabi/10.3.1/../../../../arm-none-eabi/lib/thumb/v6-m/nofp\libg.a(lib_a-malloc.o)
                              CMakeFiles/picow_tcpip_client_background.dir/C_/pico/pico-sdk/src/rp2_common/pico_malloc/pico_malloc.c.obj (malloc)
c:/progra~2/gnuarm~1/102021~1.10/bin/../lib/gcc/arm-none-eabi/10.3.1/../../../../arm-none-eabi/lib/thumb/v6-m/nofp\libg.a(lib_a-mallocr.o)
                              c:/progra~2/gnuarm~1/102021~1.10/bin/../lib/gcc/arm-none-eabi/10.3.1/../../../../arm-none-eabi/lib/thumb/v6-m/nofp\libg.a(lib_a-callocr.o) (_malloc_r)
c:/progra~2/gnuarm~1/102021~1.10/bin/../lib/gcc/arm-none-eabi/10.3.1/../../../../arm-none-eabi/lib/thumb/v6-m/nofp\libg.a(lib_a-memcmp.o)
                              CMakeFiles/picow_tcpip_client_background.dir/C_/pico/pico-sdk/lib/lwip/src/netif/ethernet.c.obj (memcmp)
c:/progra~2/gnuarm~1/102021~1.10/bin/../lib/gcc/arm-none-eabi/10.3.1/../../../../arm-none-eabi/lib/thumb/v6-m/nofp\libg.a(lib_a-memmove.o)
                              CMakeFiles/picow_tcpip_client_background.dir/C_/pico/pico-sdk/lib/lwip/src/core/def.c.obj (memmove)
c:/progra~2/gnuarm~1/102021~1.10/bin/../lib/gcc/arm-none-eabi/10.3.1/../../../../arm-none-eabi/lib/thumb/v6-m/nofp\libg.a(lib_a-mlock.o)
                              c:/progra~2/gnuarm~1/102021~1.10/bin/../lib/gcc/arm-none-eabi/10.3.1/../../../../arm-none-eabi/lib/thumb/v6-m/nofp\libg.a(lib_a-mallocr.o) (__malloc_lock)
c:/progra~2/gnuarm~1/102021~1.10/bin/../lib/gcc/arm-none-eabi/10.3.1/../../../../arm-none-eabi/lib/thumb/v6-m/nofp\libg.a(lib_a-realloc.o)
                              CMakeFiles/picow_tcpip_client_background.dir/C_/pico/pico-sdk/src/rp2_common/pico_malloc/pico_malloc.c.obj (realloc)
c:/progra~2/gnuarm~1/102021~1.10/bin/../lib/gcc/arm-none-eabi/10.3.1/../../../../arm-none-eabi/lib/thumb/v6-m/nofp\libg.a(lib_a-reallocr.o)
                              c:/progra~2/gnuarm~1/102021~1.10/bin/../lib/gcc/arm-none-eabi/10.3.1/../../../../arm-none-eabi/lib/thumb/v6-m/nofp\libg.a(lib_a-realloc.o) (_realloc_r)
c:/progra~2/gnuarm~1/102021~1.10/bin/../lib/gcc/arm-none-eabi/10.3.1/../../../../arm-none-eabi/lib/thumb/v6-m/nofp\libg.a(lib_a-sbrkr.o)
                              c:/progra~2/gnuarm~1/102021~1.10/bin/../lib/gcc/arm-none-eabi/10.3.1/../../../../arm-none-eabi/lib/thumb/v6-m/nofp\libg.a(lib_a-mallocr.o) (_sbrk_r)
c:/progra~2/gnuarm~1/102021~1.10/bin/../lib/gcc/arm-none-eabi/10.3.1/../../../../arm-none-eabi/lib/thumb/v6-m/nofp\libg.a(lib_a-strcmp.o)
[...]
Memory Configuration

Name             Origin             Length             Attributes
FLASH            0x10000000         0x00200000         xr
RAM              0x20000000         0x00040000         xrw
SCRATCH_X        0x20040000         0x00001000         xrw
SCRATCH_Y        0x20041000         0x00001000         xrw
*default*        0x00000000         0xffffffff

Linker script and memory map

LOAD c:/progra~2/gnuarm~1/102021~1.10/bin/../lib/gcc/arm-none-eabi/10.3.1/thumb/v6-m/nofp/crti.o
LOAD c:/progra~2/gnuarm~1/102021~1.10/bin/../lib/gcc/arm-none-eabi/10.3.1/thumb/v6-m/nofp/crtbegin.o
LOAD c:/progra~2/gnuarm~1/102021~1.10/bin/../lib/gcc/arm-none-eabi/10.3.1/../../../../arm-none-eabi/lib/thumb/v6-m/nofp/crt0.o

.flash_begin    0x10000000        0x0
                0x10000000                __flash_binary_start = .

.boot2          0x10000000      0x100
                0x10000000                __boot2_start__ = .
 *(.boot2)
 .boot2         0x10000000      0x100 C:\Users\DANIEL~1\AppData\Local\Temp\cc0JEWNc.o
                0x10000100                __boot2_end__ = .
                0x00000001                ASSERT (((__boot2_end__ - __boot2_start__) == 0x100), ERROR: Pico second stage bootloader must be 256 bytes in size)

.text           0x10000100    0x16b88
                0x10000100                __logical_binary_start = .
 *(.vectors)
 .vectors       0x10000100       0xd4 CMakeFiles/picow_tcpip_client_background.dir/C_/pico/pico-sdk/src/rp2_common/pico_standard_link/crt0.S.obj
                0x10000100                __VECTOR_TABLE
                0x10000100                __vectors
                0x100001c0                isr_invalid
                0x100001c0                __default_isrs_start
                0x100001c2                isr_nmi
                0x100001c4                isr_hardfault
                0x100001c6                isr_svcall
                0x100001c8                isr_pendsv
                0x100001ca                isr_systick
                0x100001cc                isr_irq23
                0x100001cc                isr_irq18
                0x100001cc                isr_irq11
                0x100001cc                isr_irq28
                0x100001cc                isr_irq19
                0x100001cc                isr_irq0
                0x100001cc                isr_irq6
                0x100001cc                isr_irq5
                0x100001cc                isr_irq12
                0x100001cc                isr_irq22
                0x100001cc                isr_irq31
                0x100001cc                isr_irq17
                0x100001cc                isr_irq27
                0x100001cc                isr_irq30
                0x100001cc                isr_irq2
                0x100001cc                isr_irq10
                0x100001cc                isr_irq8
                0x100001cc                isr_irq24
                0x100001cc                isr_irq1
                0x100001cc                isr_irq7
                0x100001cc                isr_irq21
                0x100001cc                isr_irq20
                0x100001cc                isr_irq15
                0x100001cc                isr_irq25
                0x100001cc                isr_irq13
                0x100001cc                __unhandled_user_irq
                0x100001cc                isr_irq4
                0x100001cc                isr_irq16
                0x100001cc                isr_irq29
                0x100001cc                isr_irq26
                0x100001cc                __default_isrs_end
                0x100001cc                isr_irq3
                0x100001cc                isr_irq14
                0x100001cc                isr_irq9
                0x100001d2                unhandled_user_irq_num_in_r0
 *(.binary_info_header)
 .binary_info_header
                0x100001d4       0x14 CMakeFiles/picow_tcpip_client_background.dir/C_/pico/pico-sdk/src/rp2_common/pico_standard_link/crt0.S.obj
                0x100001e8                __binary_info_header_end = .
 *(.reset)
 .reset         0x100001e8       0xa0 CMakeFiles/picow_tcpip_client_background.dir/C_/pico/pico-sdk/src/rp2_common/pico_standard_link/crt0.S.obj
                0x100001e8                _entry_point
 .reset         0x10000288       0x30 CMakeFiles/picow_tcpip_client_background.dir/C_/pico/pico-sdk/src/rp2_common/pico_standard_link/binary_info.c.obj
 *(.init)
 .init          0x100002b8        0x4 c:/progra~2/gnuarm~1/102021~1.10/bin/../lib/gcc/arm-none-eabi/10.3.1/thumb/v6-m/nofp/crti.o
                0x100002b8                _init
 *(EXCLUDE_FILE(*libm.a: *libc.a:*lib_a-mem*.o *libgcc.a:) .text*)
 .text          0x100002bc       0x48 c:/progra~2/gnuarm~1/102021~1.10/bin/../lib/gcc/arm-none-eabi/10.3.1/thumb/v6-m/nofp/crtbegin.o
 .text.tcp_client_sent_cb
                0x10000304       0x1c CMakeFiles/picow_tcpip_client_background.dir/picow_tcp_client.c.obj
                0x10000304                tcp_client_sent_cb
 .text.tcp_client_close
                0x10000320       0x70 CMakeFiles/picow_tcpip_client_background.dir/picow_tcp_client.c.obj
 .text.construct
                0x10000390       0x8c CMakeFiles/picow_tcpip_client_background.dir/picow_tcp_client.c.obj
 .text.tcp_client_recv_cb
                0x1000041c       0xd8 CMakeFiles/picow_tcpip_client_background.dir/picow_tcp_client.c.obj
                0x1000041c                tcp_client_recv_cb
 .text.tcp_result
                0x100004f4       0x38 CMakeFiles/picow_tcpip_client_background.dir/picow_tcp_client.c.obj
 .text.tcp_client_err_cb
                0x1000052c       0x24 CMakeFiles/picow_tcpip_client_background.dir/picow_tcp_client.c.obj
 .text.tcp_client_connected_cb
                0x10000550       0x3c CMakeFiles/picow_tcpip_client_background.dir/picow_tcp_client.c.obj
 .text.quadrature_encoder_program_init
                0x1000058c      0x144 CMakeFiles/picow_tcpip_client_background.dir/picow_tcp_client.c.obj
 .text.tcp_client_connect
                0x100006d0       0x90 CMakeFiles/picow_tcpip_client_background.dir/picow_tcp_client.c.obj
                0x100006d0                tcp_client_connect
 .text.core1_entry
                0x10000760       0xc4 CMakeFiles/picow_tcpip_client_background.dir/picow_tcp_client.c.obj
                0x10000760                core1_entry
 .text.main     0x10000824      0x170 CMakeFiles/picow_tcpip_client_background.dir/picow_tcp_client.c.obj
                0x10000824                main
 .text.lwip_timeout_reached
                0x10000994       0x2c CMakeFiles/picow_tcpip_client_background.dir/C_/pico/pico-sdk/src/rp2_common/pico_lwip/lwip_nosys.c.obj
 .text.update_next_timeout
                0x100009c0       0xb0 CMakeFiles/picow_tcpip_client_background.dir/C_/pico/pico-sdk/src/rp2_common/pico_lwip/lwip_nosys.c.obj
 .text.lwip_nosys_init
                0x10000a70       0x34 CMakeFiles/picow_tcpip_client_background.dir/C_/pico/pico-sdk/src/rp2_common/pico_lwip/lwip_nosys.c.obj
                0x10000a70                lwip_nosys_init
 .text.lwip_nosys_deinit
                0x10000aa4       0x20 CMakeFiles/picow_tcpip_client_background.dir/C_/pico/pico-sdk/src/rp2_common/pico_lwip/lwip_nosys.c.obj
                0x10000aa4                lwip_nosys_deinit
 .text.sys_arch_protect
                0x10000ac4        0x4 CMakeFiles/picow_tcpip_client_background.dir/C_/pico/pico-sdk/src/rp2_common/pico_lwip/lwip_nosys.c.obj
                0x10000ac4                sys_arch_protect
 .text.sys_arch_unprotect
                0x10000ac8        0x2 CMakeFiles/picow_tcpip_client_background.dir/C_/pico/pico-sdk/src/rp2_common/pico_lwip/lwip_nosys.c.obj
                0x10000ac8                sys_arch_unprotect
 *fill*         0x10000aca        0x2 
 .text.sys_now  0x10000acc       0x3c CMakeFiles/picow_tcpip_client_background.dir/C_/pico/pico-sdk/src/rp2_common/pico_lwip/lwip_nosys.c.obj
                0x10000acc                sys_now
 .text.async_context_base_add_at_time_worker
                0x10000b08       0x1c CMakeFiles/picow_tcpip_client_background.dir/C_/pico/pico-sdk/src/rp2_common/pico_async_context/async_context_base.c.obj
                0x10000b08                async_context_base_add_at_time_worker
 .text.async_context_base_remove_at_time_worker
                0x10000b24       0x1c CMakeFiles/picow_tcpip_client_background.dir/C_/pico/pico-sdk/src/rp2_common/pico_async_context/async_context_base.c.obj
                0x10000b24                async_context_base_remove_at_time_worker
 .text.async_context_base_add_when_pending_worker
                0x10000b40       0x1c CMakeFiles/picow_tcpip_client_background.dir/C_/pico/pico-sdk/src/rp2_common/pico_async_context/async_context_base.c.obj
                0x10000b40                async_context_base_add_when_pending_worker
 .text.async_context_base_remove_when_pending_worker
                0x10000b5c       0x1c CMakeFiles/picow_tcpip_client_background.dir/C_/pico/pico-sdk/src/rp2_common/pico_async_context/async_context_base.c.obj
                0x10000b5c                async_context_base_remove_when_pending_worker
 .text.async_context_base_remove_ready_at_time_worker
                0x10000b78       0x94 CMakeFiles/picow_tcpip_client_background.dir/C_/pico/pico-sdk/src/rp2_common/pico_async_context/async_context_base.c.obj
                0x10000b78                async_context_base_remove_ready_at_time_worker
 .text.async_context_base_refresh_next_timeout
                0x10000c0c       0x4c CMakeFiles/picow_tcpip_client_background.dir/C_/pico/pico-sdk/src/rp2_common/pico_async_context/async_context_base.c.obj
                0x10000c0c                async_context_base_refresh_next_timeout
 .text.async_context_base_execute_once
                0x10000c58       0x48 CMakeFiles/picow_tcpip_client_background.dir/C_/pico/pico-sdk/src/rp2_common/pico_async_context/async_context_base.c.obj
                0x10000c58                async_context_base_execute_once
 .text.async_context_base_needs_servicing
                0x10000ca0       0x6c CMakeFiles/picow_tcpip_client_background.dir/C_/pico/pico-sdk/src/rp2_common/pico_async_context/async_context_base.c.obj
                0x10000ca0                async_context_base_needs_servicing
 .text.running_on_fpga
                0x10000d0c       0x14 CMakeFiles/picow_tcpip_client_background.dir/C_/pico/pico-sdk/src/rp2_common/pico_platform/platform.c.obj
                0x10000d0c                running_on_fpga
 .text.splitmix64
                0x10000d20       0x5c CMakeFiles/picow_tcpip_client_background.dir/C_/pico/pico-sdk/src/rp2_common/pico_rand/rand.c.obj
 .text.sdbm_hash64_sram
                0x10000d7c       0x64 CMakeFiles/picow_tcpip_client_background.dir/C_/pico/pico-sdk/src/rp2_common/pico_rand/rand.c.obj
 .text.xoroshiro128ss
                0x10000de0       0xb8 CMakeFiles/picow_tcpip_client_background.dir/C_/pico/pico-sdk/src/rp2_common/pico_rand/rand.c.obj
 .text.capture_additional_rosc_samples
                0x10000e98      0x1a4 CMakeFiles/picow_tcpip_client_background.dir/C_/pico/pico-sdk/src/rp2_common/pico_rand/rand.c.obj
 .text.initialise_rand
                0x1000103c      0x118 CMakeFiles/picow_tcpip_client_background.dir/C_/pico/pico-sdk/src/rp2_common/pico_rand/rand.c.obj
 .text.get_rand_64
                0x10001154      0x11c CMakeFiles/picow_tcpip_client_background.dir/C_/pico/pico-sdk/src/rp2_common/pico_rand/rand.c.obj
                0x10001154                get_rand_64
 .text.get_rand_32
                0x10001270        0x8 CMakeFiles/picow_tcpip_client_background.dir/C_/pico/pico-sdk/src/rp2_common/pico_rand/rand.c.obj
                0x10001270                get_rand_32
 .text._retrieve_unique_id_on_boot
                0x10001278       0x10 CMakeFiles/picow_tcpip_client_background.dir/C_/pico/pico-sdk/src/rp2_common/pico_unique_id/unique_id.c.obj
 .text.pico_get_unique_board_id
                0x10001288       0x10 CMakeFiles/picow_tcpip_client_background.dir/C_/pico/pico-sdk/src/rp2_common/pico_unique_id/unique_id.c.obj
                0x10001288                pico_get_unique_board_id
 .text.pico_get_unique_board_id_string
                0x10001298       0x60 CMakeFiles/picow_tcpip_client_background.dir/C_/pico/pico-sdk/src/rp2_common/pico_unique_id/unique_id.c.obj
                0x10001298                pico_get_unique_board_id_string
 .text.flash_get_unique_id
                0x100012f8       0x46 CMakeFiles/picow_tcpip_client_background.dir/C_/pico/pico-sdk/src/rp2_common/hardware_flash/flash.c.obj
                0x100012f8                flash_get_unique_id
 *fill*         0x1000133e        0x2 
 .text.hw_claim_lock
                0x10001340       0x18 CMakeFiles/picow_tcpip_client_background.dir/C_/pico/pico-sdk/src/rp2_common/hardware_claim/claim.c.obj
                0x10001340                hw_claim_lock
 .text.hw_claim_unlock
                0x10001358       0x14 CMakeFiles/picow_tcpip_client_background.dir/C_/pico/pico-sdk/src/rp2_common/hardware_claim/claim.c.obj
                0x10001358                hw_claim_unlock
 .text.hw_claim_or_assert
                0x1000136c       0x32 CMakeFiles/picow_tcpip_client_background.dir/C_/pico/pico-sdk/src/rp2_common/hardware_claim/claim.c.obj
                0x1000136c                hw_claim_or_assert
 .text.hw_claim_unused_from_range
                0x1000139e       0x50 CMakeFiles/picow_tcpip_client_background.dir/C_/pico/pico-sdk/src/rp2_common/hardware_claim/claim.c.obj
                0x1000139e                hw_claim_unused_from_range
 *fill*         0x100013ee        0x2 
 .text.hw_claim_clear
                0x100013f0       0x40 CMakeFiles/picow_tcpip_client_background.dir/C_/pico/pico-sdk/src/rp2_common/hardware_claim/claim.c.obj
                0x100013f0                hw_claim_clear
 .text.spin_locks_reset
                0x10001430       0x20 CMakeFiles/picow_tcpip_client_background.dir/C_/pico/pico-sdk/src/rp2_common/hardware_sync/sync.c.obj
                0x10001430                spin_locks_reset
 .text.spin_lock_init
                0x10001450       0x34 CMakeFiles/picow_tcpip_client_background.dir/C_/pico/pico-sdk/src/rp2_common/hardware_sync/sync.c.obj
                0x10001450                spin_lock_init
 .text.next_striped_spin_lock_num
                0x10001484       0x1c CMakeFiles/picow_tcpip_client_background.dir/C_/pico/pico-sdk/src/rp2_common/hardware_sync/sync.c.obj
                0x10001484                next_striped_spin_lock_num
 .text.spin_lock_claim_unused
                0x100014a0       0x20 CMakeFiles/picow_tcpip_client_background.dir/C_/pico/pico-sdk/src/rp2_common/hardware_sync/sync.c.obj
                0x100014a0                spin_lock_claim_unused
 .text.rom_func_lookup
                0x100014c0       0x10 CMakeFiles/picow_tcpip_client_background.dir/C_/pico/pico-sdk/src/rp2_common/pico_bootrom/bootrom.c.obj
                0x100014c0                rom_func_lookup
 .text.rom_data_lookup
                0x100014d0       0x10 CMakeFiles/picow_tcpip_client_background.dir/C_/pico/pico-sdk/src/rp2_common/pico_bootrom/bootrom.c.obj
                0x100014d0                rom_data_lookup
 .text.rom_funcs_lookup
                0x100014e0       0x36 CMakeFiles/picow_tcpip_client_background.dir/C_/pico/pico-sdk/src/rp2_common/pico_bootrom/bootrom.c.obj
                0x100014e0                rom_funcs_lookup
 *fill*         0x10001516        0x2 
 .text.clock_configure
                0x10001518      0x104 CMakeFiles/picow_tcpip_client_background.dir/C_/pico/pico-sdk/src/rp2_common/hardware_clocks/clocks.c.obj
                0x10001518                clock_configure
 .text.clocks_init
                0x1000161c      0x100 CMakeFiles/picow_tcpip_client_background.dir/C_/pico/pico-sdk/src/rp2_common/hardware_clocks/clocks.c.obj
                0x1000161c                clocks_init
 .text.clock_get_hz
                0x1000171c        0xc CMakeFiles/picow_tcpip_client_background.dir/C_/pico/pico-sdk/src/rp2_common/hardware_clocks/clocks.c.obj
                0x1000171c                clock_get_hz
 .text.gpio_set_function
                0x10001728       0x30 CMakeFiles/picow_tcpip_client_background.dir/C_/pico/pico-sdk/src/rp2_common/hardware_gpio/gpio.c.obj
                0x10001728                gpio_set_function
 .text.gpio_set_pulls
                0x10001758       0x34 CMakeFiles/picow_tcpip_client_background.dir/C_/pico/pico-sdk/src/rp2_common/hardware_gpio/gpio.c.obj
                0x10001758                gpio_set_pulls
 .text.gpio_set_input_hysteresis_enabled
                0x1000178c       0x30 CMakeFiles/picow_tcpip_client_background.dir/C_/pico/pico-sdk/src/rp2_common/hardware_gpio/gpio.c.obj
                0x1000178c                gpio_set_input_hysteresis_enabled
 .text.gpio_add_raw_irq_handler_with_order_priority_masked
                0x100017bc       0x40 CMakeFiles/picow_tcpip_client_background.dir/C_/pico/pico-sdk/src/rp2_common/hardware_gpio/gpio.c.obj
                0x100017bc                gpio_add_raw_irq_handler_with_order_priority_masked
 .text.gpio_remove_raw_irq_handler_masked
                0x100017fc       0x48 CMakeFiles/picow_tcpip_client_background.dir/C_/pico/pico-sdk/src/rp2_common/hardware_gpio/gpio.c.obj
                0x100017fc                gpio_remove_raw_irq_handler_masked
 .text.gpio_acknowledge_irq
                0x10001844       0x18 CMakeFiles/picow_tcpip_client_background.dir/C_/pico/pico-sdk/src/rp2_common/hardware_gpio/gpio.c.obj
                0x10001844                gpio_acknowledge_irq
 .text._gpio_set_irq_enabled
                0x1000185c       0x34 CMakeFiles/picow_tcpip_client_background.dir/C_/pico/pico-sdk/src/rp2_common/hardware_gpio/gpio.c.obj
 .text.gpio_set_irq_enabled
                0x10001890       0x20 CMakeFiles/picow_tcpip_client_background.dir/C_/pico/pico-sdk/src/rp2_common/hardware_gpio/gpio.c.obj
                0x10001890                gpio_set_irq_enabled
 .text.gpio_init
                0x100018b0       0x16 CMakeFiles/picow_tcpip_client_background.dir/C_/pico/pico-sdk/src/rp2_common/hardware_gpio/gpio.c.obj
                0x100018b0                gpio_init
 *fill*         0x100018c6        0x2 
 .text.set_raw_irq_handler_and_unlock
                0x100018c8       0x28 CMakeFiles/picow_tcpip_client_background.dir/C_/pico/pico-sdk/src/rp2_common/hardware_irq/irq.c.obj
 .text.get_user_irq_claim_index
                0x100018f0        0x6 CMakeFiles/picow_tcpip_client_background.dir/C_/pico/pico-sdk/src/rp2_common/hardware_irq/irq.c.obj
 *fill*         0x100018f6        0x2 
 .text.make_branch
                0x100018f8       0x48 CMakeFiles/picow_tcpip_client_background.dir/C_/pico/pico-sdk/src/rp2_common/hardware_irq/irq.c.obj
 .text.insert_branch_and_link
                0x10001940       0x40 CMakeFiles/picow_tcpip_client_background.dir/C_/pico/pico-sdk/src/rp2_common/hardware_irq/irq.c.obj
 .text.irq_is_enabled
                0x10001980       0x18 CMakeFiles/picow_tcpip_client_background.dir/C_/pico/pico-sdk/src/rp2_common/hardware_irq/irq.c.obj
                0x10001980                irq_is_enabled
 .text.irq_set_mask_enabled
                0x10001998       0x20 CMakeFiles/picow_tcpip_client_background.dir/C_/pico/pico-sdk/src/rp2_common/hardware_irq/irq.c.obj
                0x10001998                irq_set_mask_enabled
 .text.irq_set_enabled
                0x100019b8        0xe CMakeFiles/picow_tcpip_client_background.dir/C_/pico/pico-sdk/src/rp2_common/hardware_irq/irq.c.obj
                0x100019b8                irq_set_enabled
 *fill*         0x100019c6        0x2 
 .text.irq_set_pending
                0x100019c8       0x10 CMakeFiles/picow_tcpip_client_background.dir/C_/pico/pico-sdk/src/rp2_common/hardware_irq/irq.c.obj
                0x100019c8                irq_set_pending
 .text.irq_get_vtable_handler
                0x100019d8       0x10 CMakeFiles/picow_tcpip_client_background.dir/C_/pico/pico-sdk/src/rp2_common/hardware_irq/irq.c.obj
                0x100019d8                irq_get_vtable_handler
 .text.irq_has_shared_handler
                0x100019e8       0x24 CMakeFiles/picow_tcpip_client_background.dir/C_/pico/pico-sdk/src/rp2_common/hardware_irq/irq.c.obj
                0x100019e8                irq_has_shared_handler
 .text.irq_set_exclusive_handler
                0x10001a0c       0x54 CMakeFiles/picow_tcpip_client_background.dir/C_/pico/pico-sdk/src/rp2_common/hardware_irq/irq.c.obj
                0x10001a0c                irq_set_exclusive_handler
 .text.irq_add_shared_handler
                0x10001a60      0x234 CMakeFiles/picow_tcpip_client_background.dir/C_/pico/pico-sdk/src/rp2_common/hardware_irq/irq.c.obj
                0x10001a60                irq_add_shared_handler
 .text.irq_remove_handler
                0x10001c94      0x1ac CMakeFiles/picow_tcpip_client_background.dir/C_/pico/pico-sdk/src/rp2_common/hardware_irq/irq.c.obj
                0x10001c94                irq_remove_handler
 .text.irq_set_priority
                0x10001e40       0x28 CMakeFiles/picow_tcpip_client_background.dir/C_/pico/pico-sdk/src/rp2_common/hardware_irq/irq.c.obj
                0x10001e40                irq_set_priority
 .text.irq_add_tail_to_free_list
                0x10001e68       0xf0 CMakeFiles/picow_tcpip_client_background.dir/C_/pico/pico-sdk/src/rp2_common/hardware_irq/irq.c.obj
                0x10001e68                irq_add_tail_to_free_list
 .text.irq_init_priorities
                0x10001f58       0x1c CMakeFiles/picow_tcpip_client_background.dir/C_/pico/pico-sdk/src/rp2_common/hardware_irq/irq.c.obj
                0x10001f58                irq_init_priorities
 .text.user_irq_unclaim
                0x10001f74       0x14 CMakeFiles/picow_tcpip_client_background.dir/C_/pico/pico-sdk/src/rp2_common/hardware_irq/irq.c.obj
                0x10001f74                user_irq_unclaim
 .text.user_irq_claim_unused
                0x10001f88       0x28 CMakeFiles/picow_tcpip_client_background.dir/C_/pico/pico-sdk/src/rp2_common/hardware_irq/irq.c.obj
                0x10001f88                user_irq_claim_unused
 .text.sem_init
                0x10001fb0       0x1e CMakeFiles/picow_tcpip_client_background.dir/C_/pico/pico-sdk/src/common/pico_sync/sem.c.obj
                0x10001fb0                sem_init
 *fill*         0x10001fce        0x2 
 .text.lock_init
                0x10001fd0       0x10 CMakeFiles/picow_tcpip_client_background.dir/C_/pico/pico-sdk/src/common/pico_sync/lock_core.c.obj
                0x10001fd0                lock_init
 .text.mutex_init
                0x10001fe0       0x1a CMakeFiles/picow_tcpip_client_background.dir/C_/pico/pico-sdk/src/common/pico_sync/mutex.c.obj
                0x10001fe0                mutex_init
 .text.recursive_mutex_init
                0x10001ffa       0x1e CMakeFiles/picow_tcpip_client_background.dir/C_/pico/pico-sdk/src/common/pico_sync/mutex.c.obj
                0x10001ffa                recursive_mutex_init
 .text.critical_section_init_with_lock_num
                0x10002018       0x14 CMakeFiles/picow_tcpip_client_background.dir/C_/pico/pico-sdk/src/common/pico_sync/critical_section.c.obj
                0x10002018                critical_section_init_with_lock_num
 .text.critical_section_init
                0x1000202c       0x14 CMakeFiles/picow_tcpip_client_background.dir/C_/pico/pico-sdk/src/common/pico_sync/critical_section.c.obj
                0x1000202c                critical_section_init
 .text.alarm_pool_post_alloc_init
                0x10002040       0x40 CMakeFiles/picow_tcpip_client_background.dir/C_/pico/pico-sdk/src/common/pico_time/time.c.obj
 .text.sleep_until_callback
                0x10002080       0x30 CMakeFiles/picow_tcpip_client_background.dir/C_/pico/pico-sdk/src/common/pico_time/time.c.obj
 .text.timer_pool_entry_comparator
                0x100020b0       0x7c CMakeFiles/picow_tcpip_client_background.dir/C_/pico/pico-sdk/src/common/pico_time/time.c.obj
                0x100020b0                timer_pool_entry_comparator
 .text.ph_add_child_node
                0x1000212c       0xa4 CMakeFiles/picow_tcpip_client_background.dir/C_/pico/pico-sdk/src/common/pico_time/time.c.obj
 .text.ph_merge_nodes
                0x100021d0       0x3e CMakeFiles/picow_tcpip_client_background.dir/C_/pico/pico-sdk/src/common/pico_time/time.c.obj
 *fill*         0x1000220e        0x2 
 .text.add_alarm_under_lock
                0x10002210      0x174 CMakeFiles/picow_tcpip_client_background.dir/C_/pico/pico-sdk/src/common/pico_time/time.c.obj
 .text.alarm_pool_alarm_callback
                0x10002384      0x33c CMakeFiles/picow_tcpip_client_background.dir/C_/pico/pico-sdk/src/common/pico_time/time.c.obj
 .text.alarm_pool_init_default
                0x100026c0       0x40 CMakeFiles/picow_tcpip_client_background.dir/C_/pico/pico-sdk/src/common/pico_time/time.c.obj
                0x100026c0                alarm_pool_init_default
 .text.alarm_pool_get_default
                0x10002700       0x2c CMakeFiles/picow_tcpip_client_background.dir/C_/pico/pico-sdk/src/common/pico_time/time.c.obj
                0x10002700                alarm_pool_get_default
 .text.alarm_pool_create_with_unused_hardware_alarm
                0x1000272c       0x44 CMakeFiles/picow_tcpip_client_background.dir/C_/pico/pico-sdk/src/common/pico_time/time.c.obj
                0x1000272c                alarm_pool_create_with_unused_hardware_alarm
 .text.alarm_pool_destroy
                0x10002770       0x78 CMakeFiles/picow_tcpip_client_background.dir/C_/pico/pico-sdk/src/common/pico_time/time.c.obj
                0x10002770                alarm_pool_destroy
 .text.alarm_pool_add_alarm_at
                0x100027e8      0x168 CMakeFiles/picow_tcpip_client_background.dir/C_/pico/pico-sdk/src/common/pico_time/time.c.obj
                0x100027e8                alarm_pool_add_alarm_at
 .text.alarm_pool_add_alarm_at_force_in_context
                0x10002950       0xa4 CMakeFiles/picow_tcpip_client_background.dir/C_/pico/pico-sdk/src/common/pico_time/time.c.obj
                0x10002950                alarm_pool_add_alarm_at_force_in_context
 .text.alarm_pool_cancel_alarm
                0x100029f4       0xf0 CMakeFiles/picow_tcpip_client_background.dir/C_/pico/pico-sdk/src/common/pico_time/time.c.obj
                0x100029f4                alarm_pool_cancel_alarm
 .text.alarm_pool_core_num
                0x10002ae4        0x4 CMakeFiles/picow_tcpip_client_background.dir/C_/pico/pico-sdk/src/common/pico_time/time.c.obj
                0x10002ae4                alarm_pool_core_num
 .text.sleep_until
                0x10002ae8       0xfc CMakeFiles/picow_tcpip_client_background.dir/C_/pico/pico-sdk/src/common/pico_time/time.c.obj
                0x10002ae8                sleep_until
 .text.sleep_us
                0x10002be4       0x58 CMakeFiles/picow_tcpip_client_background.dir/C_/pico/pico-sdk/src/common/pico_time/time.c.obj
                0x10002be4                sleep_us
 .text.sleep_ms
                0x10002c3c       0x14 CMakeFiles/picow_tcpip_client_background.dir/C_/pico/pico-sdk/src/common/pico_time/time.c.obj
                0x10002c3c                sleep_ms
 .text.best_effort_wfe_or_timeout
                0x10002c50       0xac CMakeFiles/picow_tcpip_client_background.dir/C_/pico/pico-sdk/src/common/pico_time/time.c.obj
                0x10002c50                best_effort_wfe_or_timeout
 .text.hardware_alarm_irq_handler
                0x10002cfc       0x90 CMakeFiles/picow_tcpip_client_background.dir/C_/pico/pico-sdk/src/rp2_common/hardware_timer/timer.c.obj
 .text.hardware_alarm_claim
                0x10002d8c       0x18 CMakeFiles/picow_tcpip_client_background.dir/C_/pico/pico-sdk/src/rp2_common/hardware_timer/timer.c.obj
                0x10002d8c                hardware_alarm_claim
 .text.hardware_alarm_unclaim
                0x10002da4       0x10 CMakeFiles/picow_tcpip_client_background.dir/C_/pico/pico-sdk/src/rp2_common/hardware_timer/timer.c.obj
                0x10002da4                hardware_alarm_unclaim
 .text.hardware_alarm_claim_unused
                0x10002db4       0x20 CMakeFiles/picow_tcpip_client_background.dir/C_/pico/pico-sdk/src/rp2_common/hardware_timer/timer.c.obj
                0x10002db4                hardware_alarm_claim_unused
 .text.time_us_64
                0x10002dd4       0x18 CMakeFiles/picow_tcpip_client_background.dir/C_/pico/pico-sdk/src/rp2_common/hardware_timer/timer.c.obj
                0x10002dd4                time_us_64
 .text.busy_wait_until
                0x10002dec       0x28 CMakeFiles/picow_tcpip_client_background.dir/C_/pico/pico-sdk/src/rp2_common/hardware_timer/timer.c.obj
                0x10002dec                busy_wait_until
 .text.hardware_alarm_set_callback
                0x10002e14       0x90 CMakeFiles/picow_tcpip_client_background.dir/C_/pico/pico-sdk/src/rp2_common/hardware_timer/timer.c.obj
                0x10002e14                hardware_alarm_set_callback
 .text.hardware_alarm_set_target
                0x10002ea4       0xe8 CMakeFiles/picow_tcpip_client_background.dir/C_/pico/pico-sdk/src/rp2_common/hardware_timer/timer.c.obj
                0x10002ea4                hardware_alarm_set_target
 .text.hardware_alarm_cancel
                0x10002f8c       0x40 CMakeFiles/picow_tcpip_client_background.dir/C_/pico/pico-sdk/src/rp2_common/hardware_timer/timer.c.obj
                0x10002f8c                hardware_alarm_cancel
 .text.hardware_alarm_force_irq
                0x10002fcc       0x40 CMakeFiles/picow_tcpip_client_background.dir/C_/pico/pico-sdk/src/rp2_common/hardware_timer/timer.c.obj
                0x10002fcc                hardware_alarm_force_irq
 .text.ph_add_child_node
                0x1000300c       0xa4 CMakeFiles/picow_tcpip_client_background.dir/C_/pico/pico-sdk/src/common/pico_util/pheap.c.obj
 .text.ph_merge_nodes
                0x100030b0       0x3e CMakeFiles/picow_tcpip_client_background.dir/C_/pico/pico-sdk/src/common/pico_util/pheap.c.obj
 *fill*         0x100030ee        0x2 
 .text.ph_clear
                0x100030f0       0x70 CMakeFiles/picow_tcpip_client_background.dir/C_/pico/pico-sdk/src/common/pico_util/pheap.c.obj
                0x100030f0                ph_clear
 .text.ph_post_alloc_init
                0x10003160        0xe CMakeFiles/picow_tcpip_client_background.dir/C_/pico/pico-sdk/src/common/pico_util/pheap.c.obj
                0x10003160                ph_post_alloc_init
 .text.ph_create
                0x1000316e       0x2c CMakeFiles/picow_tcpip_client_background.dir/C_/pico/pico-sdk/src/common/pico_util/pheap.c.obj
                0x1000316e                ph_create
 .text.ph_destroy
                0x1000319a       0x12 CMakeFiles/picow_tcpip_client_background.dir/C_/pico/pico-sdk/src/common/pico_util/pheap.c.obj
                0x1000319a                ph_destroy
 .text.ph_merge_two_pass
                0x100031ac       0xa8 CMakeFiles/picow_tcpip_client_background.dir/C_/pico/pico-sdk/src/common/pico_util/pheap.c.obj
                0x100031ac                ph_merge_two_pass
 .text.ph_remove_any_head
                0x10003254      0x128 CMakeFiles/picow_tcpip_client_background.dir/C_/pico/pico-sdk/src/common/pico_util/pheap.c.obj
 .text.ph_remove_head
                0x1000337c       0x14 CMakeFiles/picow_tcpip_client_background.dir/C_/pico/pico-sdk/src/common/pico_util/pheap.c.obj
                0x1000337c                ph_remove_head
 .text.ph_remove_and_free_node
                0x10003390       0xf8 CMakeFiles/picow_tcpip_client_background.dir/C_/pico/pico-sdk/src/common/pico_util/pheap.c.obj
                0x10003390                ph_remove_and_free_node
 .text.pll_init
                0x10003488      0x12c CMakeFiles/picow_tcpip_client_background.dir/C_/pico/pico-sdk/src/rp2_common/hardware_pll/pll.c.obj
                0x10003488                pll_init
 .text.watchdog_start_tick
                0x100035b4       0x10 CMakeFiles/picow_tcpip_client_background.dir/C_/pico/pico-sdk/src/rp2_common/hardware_watchdog/watchdog.c.obj
                0x100035b4                watchdog_start_tick
 .text.watchdog_update
                0x100035c4       0x14 CMakeFiles/picow_tcpip_client_background.dir/C_/pico/pico-sdk/src/rp2_common/hardware_watchdog/watchdog.c.obj
                0x100035c4                watchdog_update
 .text._watchdog_enable
                0x100035d8       0x78 CMakeFiles/picow_tcpip_client_background.dir/C_/pico/pico-sdk/src/rp2_common/hardware_watchdog/watchdog.c.obj
                0x100035d8                _watchdog_enable
 .text.watchdog_reboot
                0x10003650       0x48 CMakeFiles/picow_tcpip_client_background.dir/C_/pico/pico-sdk/src/rp2_common/hardware_watchdog/watchdog.c.obj
                0x10003650                watchdog_reboot
 .text.xosc_init
                0x10003698       0x28 CMakeFiles/picow_tcpip_client_background.dir/C_/pico/pico-sdk/src/rp2_common/hardware_xosc/xosc.c.obj
                0x10003698                xosc_init
 .text.lwip_init
                0x100036c0       0x24 CMakeFiles/picow_tcpip_client_background.dir/C_/pico/pico-sdk/lib/lwip/src/core/init.c.obj
                0x100036c0                lwip_init
 .text.lwip_htons
                0x100036e4        0xa CMakeFiles/picow_tcpip_client_background.dir/C_/pico/pico-sdk/lib/lwip/src/core/def.c.obj
                0x100036e4                lwip_htons
 .text.lwip_htonl
                0x100036ee       0x1c CMakeFiles/picow_tcpip_client_background.dir/C_/pico/pico-sdk/lib/lwip/src/core/def.c.obj
                0x100036ee                lwip_htonl
 *fill*         0x1000370a        0x2 
 .text.dns_backupserver_available
                0x1000370c       0x28 CMakeFiles/picow_tcpip_client_background.dir/C_/pico/pico-sdk/lib/lwip/src/core/dns.c.obj
 .text.dns_create_txid
                0x10003734       0x3c CMakeFiles/picow_tcpip_client_background.dir/C_/pico/pico-sdk/lib/lwip/src/core/dns.c.obj
 .text.dns_call_found
                0x10003770       0xf4 CMakeFiles/picow_tcpip_client_background.dir/C_/pico/pico-sdk/lib/lwip/src/core/dns.c.obj
 .text.dns_send
                0x10003864      0x178 CMakeFiles/picow_tcpip_client_background.dir/C_/pico/pico-sdk/lib/lwip/src/core/dns.c.obj
 .text.dns_check_entry
                0x100039dc      0x11c CMakeFiles/picow_tcpip_client_background.dir/C_/pico/pico-sdk/lib/lwip/src/core/dns.c.obj
 .text.dns_check_entries
                0x10003af8       0x16 CMakeFiles/picow_tcpip_client_background.dir/C_/pico/pico-sdk/lib/lwip/src/core/dns.c.obj
 .text.dns_init
                0x10003b0e        0x2 CMakeFiles/picow_tcpip_client_background.dir/C_/pico/pico-sdk/lib/lwip/src/core/dns.c.obj
                0x10003b0e                dns_init
 .text.dns_setserver
                0x10003b10       0x28 CMakeFiles/picow_tcpip_client_background.dir/C_/pico/pico-sdk/lib/lwip/src/core/dns.c.obj
                0x10003b10                dns_setserver
 .text.dns_tmr  0x10003b38        0x8 CMakeFiles/picow_tcpip_client_background.dir/C_/pico/pico-sdk/lib/lwip/src/core/dns.c.obj
                0x10003b38                dns_tmr
 .text.lwip_standard_chksum
                0x10003b40       0xac CMakeFiles/picow_tcpip_client_background.dir/C_/pico/pico-sdk/lib/lwip/src/core/inet_chksum.c.obj
                0x10003b40                lwip_standard_chksum
 .text.inet_cksum_pseudo_base
                0x10003bec       0x7c CMakeFiles/picow_tcpip_client_background.dir/C_/pico/pico-sdk/lib/lwip/src/core/inet_chksum.c.obj
 .text.inet_chksum_pseudo
                0x10003c68       0x30 CMakeFiles/picow_tcpip_client_background.dir/C_/pico/pico-sdk/lib/lwip/src/core/inet_chksum.c.obj
                0x10003c68                inet_chksum_pseudo
 .text.ip_chksum_pseudo
                0x10003c98       0x10 CMakeFiles/picow_tcpip_client_background.dir/C_/pico/pico-sdk/lib/lwip/src/core/inet_chksum.c.obj
                0x10003c98                ip_chksum_pseudo
 .text.inet_chksum
                0x10003ca8        0xc CMakeFiles/picow_tcpip_client_background.dir/C_/pico/pico-sdk/lib/lwip/src/core/inet_chksum.c.obj
                0x10003ca8                inet_chksum
 .text.inet_chksum_pbuf
                0x10003cb4       0x52 CMakeFiles/picow_tcpip_client_background.dir/C_/pico/pico-sdk/lib/lwip/src/core/inet_chksum.c.obj
                0x10003cb4                inet_chksum_pbuf
 *fill*         0x10003d06        0x2 
 .text.ptr_to_mem
                0x10003d08        0xc CMakeFiles/picow_tcpip_client_background.dir/C_/pico/pico-sdk/lib/lwip/src/core/mem.c.obj
 .text.mem_to_ptr
                0x10003d14       0x10 CMakeFiles/picow_tcpip_client_background.dir/C_/pico/pico-sdk/lib/lwip/src/core/mem.c.obj
 .text.mem_link_valid
                0x10003d24       0x5c CMakeFiles/picow_tcpip_client_background.dir/C_/pico/pico-sdk/lib/lwip/src/core/mem.c.obj
 .text.plug_holes
                0x10003d80       0xd4 CMakeFiles/picow_tcpip_client_background.dir/C_/pico/pico-sdk/lib/lwip/src/core/mem.c.obj
 .text.mem_init
                0x10003e54       0x44 CMakeFiles/picow_tcpip_client_background.dir/C_/pico/pico-sdk/lib/lwip/src/core/mem.c.obj
                0x10003e54                mem_init
 .text.mem_free
                0x10003e98       0x84 CMakeFiles/picow_tcpip_client_background.dir/C_/pico/pico-sdk/lib/lwip/src/core/mem.c.obj
                0x10003e98                mem_free
 .text.mem_trim
                0x10003f1c      0x134 CMakeFiles/picow_tcpip_client_background.dir/C_/pico/pico-sdk/lib/lwip/src/core/mem.c.obj
                0x10003f1c                mem_trim
 .text.mem_malloc
                0x10004050      0x134 CMakeFiles/picow_tcpip_client_background.dir/C_/pico/pico-sdk/lib/lwip/src/core/mem.c.obj
                0x10004050                mem_malloc
 .text.do_memp_malloc_pool
                0x10004184       0x30 CMakeFiles/picow_tcpip_client_background.dir/C_/pico/pico-sdk/lib/lwip/src/core/memp.c.obj
 .text.do_memp_free_pool
                0x100041b4       0x28 CMakeFiles/picow_tcpip_client_background.dir/C_/pico/pico-sdk/lib/lwip/src/core/memp.c.obj
 .text.memp_init_pool
                0x100041dc       0x2a CMakeFiles/picow_tcpip_client_background.dir/C_/pico/pico-sdk/lib/lwip/src/core/memp.c.obj
                0x100041dc                memp_init_pool
 *fill*         0x10004206        0x2 
 .text.memp_init
                0x10004208       0x20 CMakeFiles/picow_tcpip_client_background.dir/C_/pico/pico-sdk/lib/lwip/src/core/memp.c.obj
                0x10004208                memp_init
 .text.memp_malloc
                0x10004228       0x24 CMakeFiles/picow_tcpip_client_background.dir/C_/pico/pico-sdk/lib/lwip/src/core/memp.c.obj
                0x10004228                memp_malloc
 .text.memp_free
                0x1000424c       0x28 CMakeFiles/picow_tcpip_client_background.dir/C_/pico/pico-sdk/lib/lwip/src/core/memp.c.obj
                0x1000424c                memp_free
 .text.netif_do_set_netmask
                0x10004274       0x1a CMakeFiles/picow_tcpip_client_background.dir/C_/pico/pico-sdk/lib/lwip/src/core/netif.c.obj
 .text.netif_do_set_gw
                0x1000428e       0x1a CMakeFiles/picow_tcpip_client_background.dir/C_/pico/pico-sdk/lib/lwip/src/core/netif.c.obj
 .text.netif_null_output_ip4
                0x100042a8        0x6 CMakeFiles/picow_tcpip_client_background.dir/C_/pico/pico-sdk/lib/lwip/src/core/netif.c.obj
 .text.netif_do_ip_addr_changed
                0x100042ae       0x1c CMakeFiles/picow_tcpip_client_background.dir/C_/pico/pico-sdk/lib/lwip/src/core/netif.c.obj
 *fill*         0x100042ca        0x2 
 .text.netif_issue_reports
                0x100042cc       0x34 CMakeFiles/picow_tcpip_client_background.dir/C_/pico/pico-sdk/lib/lwip/src/core/netif.c.obj
 .text.netif_do_set_ipaddr
                0x10004300       0x54 CMakeFiles/picow_tcpip_client_background.dir/C_/pico/pico-sdk/lib/lwip/src/core/netif.c.obj
 .text.netif_init
                0x10004354        0x2 CMakeFiles/picow_tcpip_client_background.dir/C_/pico/pico-sdk/lib/lwip/src/core/netif.c.obj
                0x10004354                netif_init
 *fill*         0x10004356        0x2 
 .text.netif_set_addr
                0x10004358       0x78 CMakeFiles/picow_tcpip_client_background.dir/C_/pico/pico-sdk/lib/lwip/src/core/netif.c.obj
                0x10004358                netif_set_addr
 .text.netif_add
                0x100043d0      0x124 CMakeFiles/picow_tcpip_client_background.dir/C_/pico/pico-sdk/lib/lwip/src/core/netif.c.obj
                0x100043d0                netif_add
 .text.netif_set_default
                0x100044f4        0xc CMakeFiles/picow_tcpip_client_background.dir/C_/pico/pico-sdk/lib/lwip/src/core/netif.c.obj
                0x100044f4                netif_set_default
 .text.netif_set_up
                0x10004500       0x34 CMakeFiles/picow_tcpip_client_background.dir/C_/pico/pico-sdk/lib/lwip/src/core/netif.c.obj
                0x10004500                netif_set_up
 .text.netif_set_down
                0x10004534       0x38 CMakeFiles/picow_tcpip_client_background.dir/C_/pico/pico-sdk/lib/lwip/src/core/netif.c.obj
                0x10004534                netif_set_down
 .text.netif_remove
                0x1000456c       0x64 CMakeFiles/picow_tcpip_client_background.dir/C_/pico/pico-sdk/lib/lwip/src/core/netif.c.obj
                0x1000456c                netif_remove
 .text.netif_set_link_up
                0x100045d0       0x3c CMakeFiles/picow_tcpip_client_background.dir/C_/pico/pico-sdk/lib/lwip/src/core/netif.c.obj
                0x100045d0                netif_set_link_up
 .text.netif_set_link_down
                0x1000460c       0x2c CMakeFiles/picow_tcpip_client_background.dir/C_/pico/pico-sdk/lib/lwip/src/core/netif.c.obj
                0x1000460c                netif_set_link_down
 .text.netif_get_by_index
                0x10004638       0x24 CMakeFiles/picow_tcpip_client_background.dir/C_/pico/pico-sdk/lib/lwip/src/core/netif.c.obj
                0x10004638                netif_get_by_index
 .text.pbuf_init_alloced_pbuf
                0x1000465c       0x20 CMakeFiles/picow_tcpip_client_background.dir/C_/pico/pico-sdk/lib/lwip/src/core/pbuf.c.obj
 .text.pbuf_skip_const
                0x1000467c       0x1a CMakeFiles/picow_tcpip_client_background.dir/C_/pico/pico-sdk/lib/lwip/src/core/pbuf.c.obj
 *fill*         0x10004696        0x2 
 .text.pbuf_pool_is_empty
                0x10004698       0x18 CMakeFiles/picow_tcpip_client_background.dir/C_/pico/pico-sdk/lib/lwip/src/core/pbuf.c.obj
 .text.pbuf_add_header_impl
                0x100046b0       0x68 CMakeFiles/picow_tcpip_client_background.dir/C_/pico/pico-sdk/lib/lwip/src/core/pbuf.c.obj
 .text.pbuf_free_ooseq
                0x10004718       0x30 CMakeFiles/picow_tcpip_client_background.dir/C_/pico/pico-sdk/lib/lwip/src/core/pbuf.c.obj
                0x10004718                pbuf_free_ooseq
 .text.pbuf_alloc_reference
                0x10004748       0x3c CMakeFiles/picow_tcpip_client_background.dir/C_/pico/pico-sdk/lib/lwip/src/core/pbuf.c.obj
                0x10004748                pbuf_alloc_reference
 .text.pbuf_add_header
                0x10004784        0xa CMakeFiles/picow_tcpip_client_background.dir/C_/pico/pico-sdk/lib/lwip/src/core/pbuf.c.obj
                0x10004784                pbuf_add_header
 *fill*         0x1000478e        0x2 
 .text.pbuf_remove_header
                0x10004790       0x50 CMakeFiles/picow_tcpip_client_background.dir/C_/pico/pico-sdk/lib/lwip/src/core/pbuf.c.obj
                0x10004790                pbuf_remove_header
 .text.pbuf_header_impl
                0x100047e0       0x14 CMakeFiles/picow_tcpip_client_background.dir/C_/pico/pico-sdk/lib/lwip/src/core/pbuf.c.obj
 .text.pbuf_header_force
                0x100047f4        0xa CMakeFiles/picow_tcpip_client_background.dir/C_/pico/pico-sdk/lib/lwip/src/core/pbuf.c.obj
                0x100047f4                pbuf_header_force
 *fill*         0x100047fe        0x2 
 .text.pbuf_free
                0x10004800       0x7c CMakeFiles/picow_tcpip_client_background.dir/C_/pico/pico-sdk/lib/lwip/src/core/pbuf.c.obj
                0x10004800                pbuf_free
 .text.pbuf_alloc
                0x1000487c      0x148 CMakeFiles/picow_tcpip_client_background.dir/C_/pico/pico-sdk/lib/lwip/src/core/pbuf.c.obj
                0x1000487c                pbuf_alloc
 .text.pbuf_realloc
                0x100049c4       0x84 CMakeFiles/picow_tcpip_client_background.dir/C_/pico/pico-sdk/lib/lwip/src/core/pbuf.c.obj
                0x100049c4                pbuf_realloc
 .text.pbuf_clen
                0x10004a48       0x12 CMakeFiles/picow_tcpip_client_background.dir/C_/pico/pico-sdk/lib/lwip/src/core/pbuf.c.obj
                0x10004a48                pbuf_clen
 *fill*         0x10004a5a        0x2 
 .text.pbuf_ref
                0x10004a5c       0x28 CMakeFiles/picow_tcpip_client_background.dir/C_/pico/pico-sdk/lib/lwip/src/core/pbuf.c.obj
                0x10004a5c                pbuf_ref
 .text.pbuf_cat
                0x10004a84       0x44 CMakeFiles/picow_tcpip_client_background.dir/C_/pico/pico-sdk/lib/lwip/src/core/pbuf.c.obj
                0x10004a84                pbuf_cat
 .text.pbuf_chain
                0x10004ac8       0x10 CMakeFiles/picow_tcpip_client_background.dir/C_/pico/pico-sdk/lib/lwip/src/core/pbuf.c.obj
                0x10004ac8                pbuf_chain
 .text.pbuf_copy_partial_pbuf
                0x10004ad8      0x13c CMakeFiles/picow_tcpip_client_background.dir/C_/pico/pico-sdk/lib/lwip/src/core/pbuf.c.obj
                0x10004ad8                pbuf_copy_partial_pbuf
 .text.pbuf_copy
                0x10004c14       0x20 CMakeFiles/picow_tcpip_client_background.dir/C_/pico/pico-sdk/lib/lwip/src/core/pbuf.c.obj
                0x10004c14                pbuf_copy
 .text.pbuf_copy_partial
                0x10004c34       0x90 CMakeFiles/picow_tcpip_client_background.dir/C_/pico/pico-sdk/lib/lwip/src/core/pbuf.c.obj
                0x10004c34                pbuf_copy_partial
 .text.pbuf_skip
                0x10004cc4        0x8 CMakeFiles/picow_tcpip_client_background.dir/C_/pico/pico-sdk/lib/lwip/src/core/pbuf.c.obj
                0x10004cc4                pbuf_skip
 .text.pbuf_take
                0x10004ccc       0x98 CMakeFiles/picow_tcpip_client_background.dir/C_/pico/pico-sdk/lib/lwip/src/core/pbuf.c.obj
                0x10004ccc                pbuf_take
 .text.pbuf_take_at
                0x10004d64       0x70 CMakeFiles/picow_tcpip_client_background.dir/C_/pico/pico-sdk/lib/lwip/src/core/pbuf.c.obj
                0x10004d64                pbuf_take_at
 .text.pbuf_clone
                0x10004dd4       0x2c CMakeFiles/picow_tcpip_client_background.dir/C_/pico/pico-sdk/lib/lwip/src/core/pbuf.c.obj
                0x10004dd4                pbuf_clone
 .text.pbuf_put_at
                0x10004e00       0x26 CMakeFiles/picow_tcpip_client_background.dir/C_/pico/pico-sdk/lib/lwip/src/core/pbuf.c.obj
                0x10004e00                pbuf_put_at
 *fill*         0x10004e26        0x2 
 .text.raw_input_local_match
                0x10004e28       0x5c CMakeFiles/picow_tcpip_client_background.dir/C_/pico/pico-sdk/lib/lwip/src/core/raw.c.obj
 .text.raw_input
                0x10004e84       0xb0 CMakeFiles/picow_tcpip_client_background.dir/C_/pico/pico-sdk/lib/lwip/src/core/raw.c.obj
                0x10004e84                raw_input
 .text.raw_netif_ip_addr_changed
                0x10004f34       0x38 CMakeFiles/picow_tcpip_client_background.dir/C_/pico/pico-sdk/lib/lwip/src/core/raw.c.obj
                0x10004f34                raw_netif_ip_addr_changed
 .text.stats_init
                0x10004f6c        0x2 CMakeFiles/picow_tcpip_client_background.dir/C_/pico/pico-sdk/lib/lwip/src/core/stats.c.obj
                0x10004f6c                stats_init
 *fill*         0x10004f6e        0x2 
 .text.tcp_new_port
                0x10004f70       0x6c CMakeFiles/picow_tcpip_client_background.dir/C_/pico/pico-sdk/lib/lwip/src/core/tcp.c.obj
 .text.tcp_remove_listener
                0x10004fdc       0x24 CMakeFiles/picow_tcpip_client_background.dir/C_/pico/pico-sdk/lib/lwip/src/core/tcp.c.obj
 .text.tcp_listen_closed
                0x10005000       0x40 CMakeFiles/picow_tcpip_client_background.dir/C_/pico/pico-sdk/lib/lwip/src/core/tcp.c.obj
 .text.tcp_free_listen
                0x10005040       0x1c CMakeFiles/picow_tcpip_client_background.dir/C_/pico/pico-sdk/lib/lwip/src/core/tcp.c.obj
 .text.tcp_close_shutdown_fin
                0x1000505c       0x68 CMakeFiles/picow_tcpip_client_background.dir/C_/pico/pico-sdk/lib/lwip/src/core/tcp.c.obj
 .text.tcp_handle_closepend
                0x100050c4       0x28 CMakeFiles/picow_tcpip_client_background.dir/C_/pico/pico-sdk/lib/lwip/src/core/tcp.c.obj
 .text.tcp_init
                0x100050ec       0x20 CMakeFiles/picow_tcpip_client_background.dir/C_/pico/pico-sdk/lib/lwip/src/core/tcp.c.obj
                0x100050ec                tcp_init
 .text.tcp_free
                0x1000510c       0x1c CMakeFiles/picow_tcpip_client_background.dir/C_/pico/pico-sdk/lib/lwip/src/core/tcp.c.obj
                0x1000510c                tcp_free
 .text.tcp_update_rcv_ann_wnd
                0x10005128       0x58 CMakeFiles/picow_tcpip_client_background.dir/C_/pico/pico-sdk/lib/lwip/src/core/tcp.c.obj
                0x10005128                tcp_update_rcv_ann_wnd
 .text.tcp_recved
                0x10005180       0x60 CMakeFiles/picow_tcpip_client_background.dir/C_/pico/pico-sdk/lib/lwip/src/core/tcp.c.obj
                0x10005180                tcp_recved
 .text.tcp_seg_free
                0x100051e0       0x1a CMakeFiles/picow_tcpip_client_background.dir/C_/pico/pico-sdk/lib/lwip/src/core/tcp.c.obj
                0x100051e0                tcp_seg_free
 .text.tcp_segs_free
                0x100051fa       0x12 CMakeFiles/picow_tcpip_client_background.dir/C_/pico/pico-sdk/lib/lwip/src/core/tcp.c.obj
                0x100051fa                tcp_segs_free
 .text.tcp_seg_copy
                0x1000520c       0x2c CMakeFiles/picow_tcpip_client_background.dir/C_/pico/pico-sdk/lib/lwip/src/core/tcp.c.obj
                0x1000520c                tcp_seg_copy
 .text.tcp_arg  0x10005238        0x8 CMakeFiles/picow_tcpip_client_background.dir/C_/pico/pico-sdk/lib/lwip/src/core/tcp.c.obj
                0x10005238                tcp_arg
 .text.tcp_recv
                0x10005240       0x1c CMakeFiles/picow_tcpip_client_background.dir/C_/pico/pico-sdk/lib/lwip/src/core/tcp.c.obj
                0x10005240                tcp_recv
 .text.tcp_sent
                0x1000525c       0x1c CMakeFiles/picow_tcpip_client_background.dir/C_/pico/pico-sdk/lib/lwip/src/core/tcp.c.obj
                0x1000525c                tcp_sent
 .text.tcp_err  0x10005278       0x1c CMakeFiles/picow_tcpip_client_background.dir/C_/pico/pico-sdk/lib/lwip/src/core/tcp.c.obj
                0x10005278                tcp_err
 .text.tcp_poll
                0x10005294       0x2c CMakeFiles/picow_tcpip_client_background.dir/C_/pico/pico-sdk/lib/lwip/src/core/tcp.c.obj
                0x10005294                tcp_poll
 .text.tcp_next_iss
                0x100052c0       0x28 CMakeFiles/picow_tcpip_client_background.dir/C_/pico/pico-sdk/lib/lwip/src/core/tcp.c.obj
                0x100052c0                tcp_next_iss
 .text.tcp_eff_send_mss_netif
                0x100052e8       0x34 CMakeFiles/picow_tcpip_client_background.dir/C_/pico/pico-sdk/lib/lwip/src/core/tcp.c.obj
                0x100052e8                tcp_eff_send_mss_netif
 .text.tcp_connect
                0x1000531c      0x140 CMakeFiles/picow_tcpip_client_background.dir/C_/pico/pico-sdk/lib/lwip/src/core/tcp.c.obj
                0x1000531c                tcp_connect
 .text.tcp_free_ooseq
                0x1000545c       0x14 CMakeFiles/picow_tcpip_client_background.dir/C_/pico/pico-sdk/lib/lwip/src/core/tcp.c.obj
                0x1000545c                tcp_free_ooseq
 .text.tcp_pcb_purge
                0x10005470       0x58 CMakeFiles/picow_tcpip_client_background.dir/C_/pico/pico-sdk/lib/lwip/src/core/tcp.c.obj
                0x10005470                tcp_pcb_purge
 .text.tcp_pcb_remove
                0x100054c8       0xa4 CMakeFiles/picow_tcpip_client_background.dir/C_/pico/pico-sdk/lib/lwip/src/core/tcp.c.obj
                0x100054c8                tcp_pcb_remove
 .text.tcp_abandon
                0x1000556c      0x10c CMakeFiles/picow_tcpip_client_background.dir/C_/pico/pico-sdk/lib/lwip/src/core/tcp.c.obj
                0x1000556c                tcp_abandon
 .text.tcp_abort
                0x10005678        0xa CMakeFiles/picow_tcpip_client_background.dir/C_/pico/pico-sdk/lib/lwip/src/core/tcp.c.obj
                0x10005678                tcp_abort
 *fill*         0x10005682        0x2 
 .text.tcp_kill_timewait
                0x10005684       0x38 CMakeFiles/picow_tcpip_client_background.dir/C_/pico/pico-sdk/lib/lwip/src/core/tcp.c.obj
 .text.tcp_kill_prio
                0x100056bc       0x58 CMakeFiles/picow_tcpip_client_background.dir/C_/pico/pico-sdk/lib/lwip/src/core/tcp.c.obj
 .text.tcp_netif_ip_addr_changed_pcblist
                0x10005714       0x30 CMakeFiles/picow_tcpip_client_background.dir/C_/pico/pico-sdk/lib/lwip/src/core/tcp.c.obj
 .text.tcp_netif_ip_addr_changed
                0x10005744       0x54 CMakeFiles/picow_tcpip_client_background.dir/C_/pico/pico-sdk/lib/lwip/src/core/tcp.c.obj
                0x10005744                tcp_netif_ip_addr_changed
 .text.tcp_kill_state
                0x10005798       0x54 CMakeFiles/picow_tcpip_client_background.dir/C_/pico/pico-sdk/lib/lwip/src/core/tcp.c.obj
 .text.tcp_alloc
                0x100057ec       0xcc CMakeFiles/picow_tcpip_client_background.dir/C_/pico/pico-sdk/lib/lwip/src/core/tcp.c.obj
                0x100057ec                tcp_alloc
 .text.tcp_new_ip_type
                0x100058b8        0xa CMakeFiles/picow_tcpip_client_background.dir/C_/pico/pico-sdk/lib/lwip/src/core/tcp.c.obj
                0x100058b8                tcp_new_ip_type
 *fill*         0x100058c2        0x2 
 .text.tcp_close_shutdown
                0x100058c4      0x13c CMakeFiles/picow_tcpip_client_background.dir/C_/pico/pico-sdk/lib/lwip/src/core/tcp.c.obj
 .text.tcp_close
                0x10005a00       0x2c CMakeFiles/picow_tcpip_client_background.dir/C_/pico/pico-sdk/lib/lwip/src/core/tcp.c.obj
                0x10005a00                tcp_close
 .text.tcp_recv_null
                0x10005a2c       0x3c CMakeFiles/picow_tcpip_client_background.dir/C_/pico/pico-sdk/lib/lwip/src/core/tcp.c.obj
                0x10005a2c                tcp_recv_null
 .text.tcp_process_refused_data
                0x10005a68       0x88 CMakeFiles/picow_tcpip_client_background.dir/C_/pico/pico-sdk/lib/lwip/src/core/tcp.c.obj
                0x10005a68                tcp_process_refused_data
 .text.tcp_fasttmr
                0x10005af0       0x80 CMakeFiles/picow_tcpip_client_background.dir/C_/pico/pico-sdk/lib/lwip/src/core/tcp.c.obj
                0x10005af0                tcp_fasttmr
 .text.tcp_slowtmr
                0x10005b70      0x44c CMakeFiles/picow_tcpip_client_background.dir/C_/pico/pico-sdk/lib/lwip/src/core/tcp.c.obj
                0x10005b70                tcp_slowtmr
 .text.tcp_tmr  0x10005fbc       0x20 CMakeFiles/picow_tcpip_client_background.dir/C_/pico/pico-sdk/lib/lwip/src/core/tcp.c.obj
                0x10005fbc                tcp_tmr
 .text.tcp_get_next_optbyte
                0x10005fdc       0x40 CMakeFiles/picow_tcpip_client_background.dir/C_/pico/pico-sdk/lib/lwip/src/core/tcp_in.c.obj
 .text.tcp_parseopt
                0x1000601c       0x9c CMakeFiles/picow_tcpip_client_background.dir/C_/pico/pico-sdk/lib/lwip/src/core/tcp_in.c.obj
 .text.tcp_input_delayed_close
                0x100060b8       0x4c CMakeFiles/picow_tcpip_client_background.dir/C_/pico/pico-sdk/lib/lwip/src/core/tcp_in.c.obj
 .text.tcp_timewait_input
                0x10006104       0xa0 CMakeFiles/picow_tcpip_client_background.dir/C_/pico/pico-sdk/lib/lwip/src/core/tcp_in.c.obj
 .text.tcp_listen_input
                0x100061a4      0x15c CMakeFiles/picow_tcpip_client_background.dir/C_/pico/pico-sdk/lib/lwip/src/core/tcp_in.c.obj
 .text.tcp_free_acked_segments
                0x10006300       0xc0 CMakeFiles/picow_tcpip_client_background.dir/C_/pico/pico-sdk/lib/lwip/src/core/tcp_in.c.obj
 .text.tcp_oos_insert_segment
                0x100063c0       0xd4 CMakeFiles/picow_tcpip_client_background.dir/C_/pico/pico-sdk/lib/lwip/src/core/tcp_in.c.obj
 .text.tcp_receive
                0x10006494      0x9f0 CMakeFiles/picow_tcpip_client_background.dir/C_/pico/pico-sdk/lib/lwip/src/core/tcp_in.c.obj
 .text.tcp_process
                0x10006e84      0x55c CMakeFiles/picow_tcpip_client_background.dir/C_/pico/pico-sdk/lib/lwip/src/core/tcp_in.c.obj
 .text.tcp_input
                0x100073e0      0x674 CMakeFiles/picow_tcpip_client_background.dir/C_/pico/pico-sdk/lib/lwip/src/core/tcp_in.c.obj
                0x100073e0                tcp_input
 .text.tcp_trigger_input_pcb_close
                0x10007a54       0x10 CMakeFiles/picow_tcpip_client_background.dir/C_/pico/pico-sdk/lib/lwip/src/core/tcp_in.c.obj
                0x10007a54                tcp_trigger_input_pcb_close
 .text.tcp_write_checks
                0x10007a64       0xa8 CMakeFiles/picow_tcpip_client_background.dir/C_/pico/pico-sdk/lib/lwip/src/core/tcp_out.c.obj
 .text.tcp_output_segment_busy
                0x10007b0c       0x20 CMakeFiles/picow_tcpip_client_background.dir/C_/pico/pico-sdk/lib/lwip/src/core/tcp_out.c.obj
 .text.tcp_output_fill_options
                0x10007b2c       0x30 CMakeFiles/picow_tcpip_client_background.dir/C_/pico/pico-sdk/lib/lwip/src/core/tcp_out.c.obj
 .text.tcp_pbuf_prealloc
                0x10007b5c       0x4c CMakeFiles/picow_tcpip_client_background.dir/C_/pico/pico-sdk/lib/lwip/src/core/tcp_out.c.obj
 .text.tcp_create_segment
                0x10007ba8       0xf4 CMakeFiles/picow_tcpip_client_background.dir/C_/pico/pico-sdk/lib/lwip/src/core/tcp_out.c.obj
 .text.tcp_output_alloc_header_common
                0x10007c9c       0xd0 CMakeFiles/picow_tcpip_client_background.dir/C_/pico/pico-sdk/lib/lwip/src/core/tcp_out.c.obj
 .text.tcp_output_alloc_header
                0x10007d6c       0x3c CMakeFiles/picow_tcpip_client_background.dir/C_/pico/pico-sdk/lib/lwip/src/core/tcp_out.c.obj
 .text.tcp_rst_common
                0x10007da8       0x68 CMakeFiles/picow_tcpip_client_background.dir/C_/pico/pico-sdk/lib/lwip/src/core/tcp_out.c.obj
 .text.tcp_route
                0x10007e10       0x1a CMakeFiles/picow_tcpip_client_background.dir/C_/pico/pico-sdk/lib/lwip/src/core/tcp_out.c.obj
 *fill*         0x10007e2a        0x2 
 .text.tcp_output_segment
                0x10007e2c      0x168 CMakeFiles/picow_tcpip_client_background.dir/C_/pico/pico-sdk/lib/lwip/src/core/tcp_out.c.obj
 .text.tcp_output_control_segment_netif
                0x10007f94       0x84 CMakeFiles/picow_tcpip_client_background.dir/C_/pico/pico-sdk/lib/lwip/src/core/tcp_out.c.obj
 .text.tcp_output_control_segment
                0x10008018       0x44 CMakeFiles/picow_tcpip_client_background.dir/C_/pico/pico-sdk/lib/lwip/src/core/tcp_out.c.obj
 .text.tcp_write
                0x1000805c      0x368 CMakeFiles/picow_tcpip_client_background.dir/C_/pico/pico-sdk/lib/lwip/src/core/tcp_out.c.obj
                0x1000805c                tcp_write
 .text.tcp_split_unsent_seg
                0x100083c4      0x1f8 CMakeFiles/picow_tcpip_client_background.dir/C_/pico/pico-sdk/lib/lwip/src/core/tcp_out.c.obj
                0x100083c4                tcp_split_unsent_seg
 .text.tcp_enqueue_flags
                0x100085bc      0x11c CMakeFiles/picow_tcpip_client_background.dir/C_/pico/pico-sdk/lib/lwip/src/core/tcp_out.c.obj
                0x100085bc                tcp_enqueue_flags
 .text.tcp_send_fin
                0x100086d8       0x68 CMakeFiles/picow_tcpip_client_background.dir/C_/pico/pico-sdk/lib/lwip/src/core/tcp_out.c.obj
                0x100086d8                tcp_send_fin
 .text.tcp_rexmit_rto_prepare
                0x10008740       0xac CMakeFiles/picow_tcpip_client_background.dir/C_/pico/pico-sdk/lib/lwip/src/core/tcp_out.c.obj
                0x10008740                tcp_rexmit_rto_prepare
 .text.tcp_rexmit
                0x100087ec       0xa4 CMakeFiles/picow_tcpip_client_background.dir/C_/pico/pico-sdk/lib/lwip/src/core/tcp_out.c.obj
                0x100087ec                tcp_rexmit
 .text.tcp_rexmit_fast
                0x10008890       0x68 CMakeFiles/picow_tcpip_client_background.dir/C_/pico/pico-sdk/lib/lwip/src/core/tcp_out.c.obj
                0x10008890                tcp_rexmit_fast
 .text.tcp_rst  0x100088f8       0x32 CMakeFiles/picow_tcpip_client_background.dir/C_/pico/pico-sdk/lib/lwip/src/core/tcp_out.c.obj
                0x100088f8                tcp_rst
 .text.tcp_rst_netif
                0x1000892a       0x38 CMakeFiles/picow_tcpip_client_background.dir/C_/pico/pico-sdk/lib/lwip/src/core/tcp_out.c.obj
                0x1000892a                tcp_rst_netif
 *fill*         0x10008962        0x2 
 .text.tcp_send_empty_ack
                0x10008964       0x64 CMakeFiles/picow_tcpip_client_background.dir/C_/pico/pico-sdk/lib/lwip/src/core/tcp_out.c.obj
                0x10008964                tcp_send_empty_ack
 .text.tcp_output
                0x100089c8      0x338 CMakeFiles/picow_tcpip_client_background.dir/C_/pico/pico-sdk/lib/lwip/src/core/tcp_out.c.obj
                0x100089c8                tcp_output
 .text.tcp_rexmit_rto_commit
                0x10008d00       0x24 CMakeFiles/picow_tcpip_client_background.dir/C_/pico/pico-sdk/lib/lwip/src/core/tcp_out.c.obj
                0x10008d00                tcp_rexmit_rto_commit
 .text.tcp_rexmit_rto
                0x10008d24       0x24 CMakeFiles/picow_tcpip_client_background.dir/C_/pico/pico-sdk/lib/lwip/src/core/tcp_out.c.obj
                0x10008d24                tcp_rexmit_rto
 .text.tcp_keepalive
                0x10008d48       0x48 CMakeFiles/picow_tcpip_client_background.dir/C_/pico/pico-sdk/lib/lwip/src/core/tcp_out.c.obj
                0x10008d48                tcp_keepalive
 .text.tcp_zero_window_probe
                0x10008d90      0x10c CMakeFiles/picow_tcpip_client_background.dir/C_/pico/pico-sdk/lib/lwip/src/core/tcp_out.c.obj
                0x10008d90                tcp_zero_window_probe
 .text.sys_timeout_abs
                0x10008e9c       0x60 CMakeFiles/picow_tcpip_client_background.dir/C_/pico/pico-sdk/lib/lwip/src/core/timeouts.c.obj
 .text.lwip_cyclic_timer
                0x10008efc       0x38 CMakeFiles/picow_tcpip_client_background.dir/C_/pico/pico-sdk/lib/lwip/src/core/timeouts.c.obj
 .text.sys_timeout
                0x10008f34       0x2c CMakeFiles/picow_tcpip_client_background.dir/C_/pico/pico-sdk/lib/lwip/src/core/timeouts.c.obj
                0x10008f34                sys_timeout
 .text.tcp_timer_needed
                0x10008f60       0x40 CMakeFiles/picow_tcpip_client_background.dir/C_/pico/pico-sdk/lib/lwip/src/core/timeouts.c.obj
                0x10008f60                tcp_timer_needed
 .text.tcpip_tcp_timer
                0x10008fa0       0x3c CMakeFiles/picow_tcpip_client_background.dir/C_/pico/pico-sdk/lib/lwip/src/core/timeouts.c.obj
 .text.sys_timeouts_init
                0x10008fdc       0x24 CMakeFiles/picow_tcpip_client_background.dir/C_/pico/pico-sdk/lib/lwip/src/core/timeouts.c.obj
                0x10008fdc                sys_timeouts_init
 .text.sys_check_timeouts
                0x10009000       0x54 CMakeFiles/picow_tcpip_client_background.dir/C_/pico/pico-sdk/lib/lwip/src/core/timeouts.c.obj
                0x10009000                sys_check_timeouts
 .text.sys_timeouts_sleeptime
                0x10009054       0x34 CMakeFiles/picow_tcpip_client_background.dir/C_/pico/pico-sdk/lib/lwip/src/core/timeouts.c.obj
                0x10009054                sys_timeouts_sleeptime
 .text.udp_new_port
                0x10009088       0x54 CMakeFiles/picow_tcpip_client_background.dir/C_/pico/pico-sdk/lib/lwip/src/core/udp.c.obj
 .text.udp_input_local_match
                0x100090dc       0x90 CMakeFiles/picow_tcpip_client_background.dir/C_/pico/pico-sdk/lib/lwip/src/core/udp.c.obj
 .text.udp_init
                0x1000916c       0x20 CMakeFiles/picow_tcpip_client_background.dir/C_/pico/pico-sdk/lib/lwip/src/core/udp.c.obj
                0x1000916c                udp_init
 .text.udp_input
                0x1000918c      0x210 CMakeFiles/picow_tcpip_client_background.dir/C_/pico/pico-sdk/lib/lwip/src/core/udp.c.obj
                0x1000918c                udp_input
 .text.udp_bind
                0x1000939c       0xbc CMakeFiles/picow_tcpip_client_background.dir/C_/pico/pico-sdk/lib/lwip/src/core/udp.c.obj
                0x1000939c                udp_bind
 .text.udp_sendto_if_src
                0x10009458      0x17c CMakeFiles/picow_tcpip_client_background.dir/C_/pico/pico-sdk/lib/lwip/src/core/udp.c.obj
                0x10009458                udp_sendto_if_src
 .text.udp_sendto_if
                0x100095d4       0x84 CMakeFiles/picow_tcpip_client_background.dir/C_/pico/pico-sdk/lib/lwip/src/core/udp.c.obj
                0x100095d4                udp_sendto_if
 .text.udp_sendto
                0x10009658       0x84 CMakeFiles/picow_tcpip_client_background.dir/C_/pico/pico-sdk/lib/lwip/src/core/udp.c.obj
                0x10009658                udp_sendto
 .text.udp_connect
                0x100096dc       0x74 CMakeFiles/picow_tcpip_client_background.dir/C_/pico/pico-sdk/lib/lwip/src/core/udp.c.obj
                0x100096dc                udp_connect
 .text.udp_recv
                0x10009750       0x18 CMakeFiles/picow_tcpip_client_background.dir/C_/pico/pico-sdk/lib/lwip/src/core/udp.c.obj
                0x10009750                udp_recv
 .text.udp_remove
                0x10009768       0x44 CMakeFiles/picow_tcpip_client_background.dir/C_/pico/pico-sdk/lib/lwip/src/core/udp.c.obj
                0x10009768                udp_remove
 .text.udp_new  0x100097ac       0x1c CMakeFiles/picow_tcpip_client_background.dir/C_/pico/pico-sdk/lib/lwip/src/core/udp.c.obj
                0x100097ac                udp_new
 .text.udp_netif_ip_addr_changed
                0x100097c8       0x38 CMakeFiles/picow_tcpip_client_background.dir/C_/pico/pico-sdk/lib/lwip/src/core/udp.c.obj
                0x100097c8                udp_netif_ip_addr_changed
 .text.dhcp_set_state
                0x10009800       0x10 CMakeFiles/picow_tcpip_client_background.dir/C_/pico/pico-sdk/lib/lwip/src/core/ipv4/dhcp.c.obj
 .text.dhcp_option_short
                0x10009810       0x24 CMakeFiles/picow_tcpip_client_background.dir/C_/pico/pico-sdk/lib/lwip/src/core/ipv4/dhcp.c.obj
 .text.dhcp_option
                0x10009834       0x24 CMakeFiles/picow_tcpip_client_background.dir/C_/pico/pico-sdk/lib/lwip/src/core/ipv4/dhcp.c.obj
 .text.dhcp_option_byte
                0x10009858       0x1c CMakeFiles/picow_tcpip_client_background.dir/C_/pico/pico-sdk/lib/lwip/src/core/ipv4/dhcp.c.obj
 .text.dhcp_option_long
                0x10009874       0x34 CMakeFiles/picow_tcpip_client_background.dir/C_/pico/pico-sdk/lib/lwip/src/core/ipv4/dhcp.c.obj
 .text.dhcp_create_msg
                0x100098a8      0x138 CMakeFiles/picow_tcpip_client_background.dir/C_/pico/pico-sdk/lib/lwip/src/core/ipv4/dhcp.c.obj
 .text.dhcp_option_hostname
                0x100099e0       0x70 CMakeFiles/picow_tcpip_client_background.dir/C_/pico/pico-sdk/lib/lwip/src/core/ipv4/dhcp.c.obj
 .text.dhcp_option_trailer
                0x10009a50       0x30 CMakeFiles/picow_tcpip_client_background.dir/C_/pico/pico-sdk/lib/lwip/src/core/ipv4/dhcp.c.obj
 .text.dhcp_rebind
                0x10009a80       0xfc CMakeFiles/picow_tcpip_client_background.dir/C_/pico/pico-sdk/lib/lwip/src/core/ipv4/dhcp.c.obj
 .text.dhcp_t2_timeout
                0x10009b7c       0x2e CMakeFiles/picow_tcpip_client_background.dir/C_/pico/pico-sdk/lib/lwip/src/core/ipv4/dhcp.c.obj
 *fill*         0x10009baa        0x2 
 .text.dhcp_reboot
                0x10009bac      0x120 CMakeFiles/picow_tcpip_client_background.dir/C_/pico/pico-sdk/lib/lwip/src/core/ipv4/dhcp.c.obj
 .text.dhcp_select
                0x10009ccc      0x16c CMakeFiles/picow_tcpip_client_background.dir/C_/pico/pico-sdk/lib/lwip/src/core/ipv4/dhcp.c.obj
 .text.dhcp_handle_offer
                0x10009e38       0x48 CMakeFiles/picow_tcpip_client_background.dir/C_/pico/pico-sdk/lib/lwip/src/core/ipv4/dhcp.c.obj
 .text.dhcp_discover
                0x10009e80       0xf8 CMakeFiles/picow_tcpip_client_background.dir/C_/pico/pico-sdk/lib/lwip/src/core/ipv4/dhcp.c.obj
 .text.dhcp_dec_pcb_refcount
                0x10009f78       0x38 CMakeFiles/picow_tcpip_client_background.dir/C_/pico/pico-sdk/lib/lwip/src/core/ipv4/dhcp.c.obj
 .text.dhcp_inc_pcb_refcount
                0x10009fb0       0x74 CMakeFiles/picow_tcpip_client_background.dir/C_/pico/pico-sdk/lib/lwip/src/core/ipv4/dhcp.c.obj
 .text.dhcp_parse_reply
                0x1000a024      0x2fc CMakeFiles/picow_tcpip_client_background.dir/C_/pico/pico-sdk/lib/lwip/src/core/ipv4/dhcp.c.obj
 .text.dhcp_handle_ack
                0x1000a320       0xd0 CMakeFiles/picow_tcpip_client_background.dir/C_/pico/pico-sdk/lib/lwip/src/core/ipv4/dhcp.c.obj
 .text.dhcp_bind
                0x1000a3f0      0x104 CMakeFiles/picow_tcpip_client_background.dir/C_/pico/pico-sdk/lib/lwip/src/core/ipv4/dhcp.c.obj
 .text.dhcp_handle_nak
                0x1000a4f4       0x24 CMakeFiles/picow_tcpip_client_background.dir/C_/pico/pico-sdk/lib/lwip/src/core/ipv4/dhcp.c.obj
 .text.dhcp_recv
                0x1000a518       0xf4 CMakeFiles/picow_tcpip_client_background.dir/C_/pico/pico-sdk/lib/lwip/src/core/ipv4/dhcp.c.obj
 .text.dhcp_set_struct
                0x1000a60c       0x44 CMakeFiles/picow_tcpip_client_background.dir/C_/pico/pico-sdk/lib/lwip/src/core/ipv4/dhcp.c.obj
                0x1000a60c                dhcp_set_struct
 .text.dhcp_network_changed_link_up
                0x1000a650       0x40 CMakeFiles/picow_tcpip_client_background.dir/C_/pico/pico-sdk/lib/lwip/src/core/ipv4/dhcp.c.obj
                0x1000a650                dhcp_network_changed_link_up
 .text.dhcp_renew
                0x1000a690       0xf8 CMakeFiles/picow_tcpip_client_background.dir/C_/pico/pico-sdk/lib/lwip/src/core/ipv4/dhcp.c.obj
                0x1000a690                dhcp_renew
 .text.dhcp_t1_timeout
                0x1000a788       0x2a CMakeFiles/picow_tcpip_client_background.dir/C_/pico/pico-sdk/lib/lwip/src/core/ipv4/dhcp.c.obj
 .text.dhcp_supplied_address
                0x1000a7b2       0x32 CMakeFiles/picow_tcpip_client_background.dir/C_/pico/pico-sdk/lib/lwip/src/core/ipv4/dhcp.c.obj
                0x1000a7b2                dhcp_supplied_address
 .text.dhcp_release_and_stop
                0x1000a7e4       0xdc CMakeFiles/picow_tcpip_client_background.dir/C_/pico/pico-sdk/lib/lwip/src/core/ipv4/dhcp.c.obj
                0x1000a7e4                dhcp_release_and_stop
 .text.dhcp_start
                0x1000a8c0       0xac CMakeFiles/picow_tcpip_client_background.dir/C_/pico/pico-sdk/lib/lwip/src/core/ipv4/dhcp.c.obj
                0x1000a8c0                dhcp_start
 .text.dhcp_coarse_tmr
                0x1000a96c       0x6c CMakeFiles/picow_tcpip_client_background.dir/C_/pico/pico-sdk/lib/lwip/src/core/ipv4/dhcp.c.obj
                0x1000a96c                dhcp_coarse_tmr
 .text.dhcp_timeout
                0x1000a9d8       0x4a CMakeFiles/picow_tcpip_client_background.dir/C_/pico/pico-sdk/lib/lwip/src/core/ipv4/dhcp.c.obj
 *fill*         0x1000aa22        0x2 
 .text.dhcp_fine_tmr
                0x1000aa24       0x38 CMakeFiles/picow_tcpip_client_background.dir/C_/pico/pico-sdk/lib/lwip/src/core/ipv4/dhcp.c.obj
                0x1000aa24                dhcp_fine_tmr
 .text.dhcp_stop
                0x1000aa5c        0x8 CMakeFiles/picow_tcpip_client_background.dir/C_/pico/pico-sdk/lib/lwip/src/core/ipv4/dhcp.c.obj
                0x1000aa5c                dhcp_stop
 .text.etharp_free_entry
                0x1000aa64       0x4c CMakeFiles/picow_tcpip_client_background.dir/C_/pico/pico-sdk/lib/lwip/src/core/ipv4/etharp.c.obj
 .text.etharp_find_entry
                0x1000aab0      0x1b0 CMakeFiles/picow_tcpip_client_background.dir/C_/pico/pico-sdk/lib/lwip/src/core/ipv4/etharp.c.obj
 .text.etharp_update_arp_entry
                0x1000ac60       0xc8 CMakeFiles/picow_tcpip_client_background.dir/C_/pico/pico-sdk/lib/lwip/src/core/ipv4/etharp.c.obj
 .text.etharp_raw
                0x1000ad28       0xf0 CMakeFiles/picow_tcpip_client_background.dir/C_/pico/pico-sdk/lib/lwip/src/core/ipv4/etharp.c.obj
 .text.etharp_request_dst
                0x1000ae18       0x24 CMakeFiles/picow_tcpip_client_background.dir/C_/pico/pico-sdk/lib/lwip/src/core/ipv4/etharp.c.obj
 .text.etharp_cleanup_netif
                0x1000ae3c       0x3c CMakeFiles/picow_tcpip_client_background.dir/C_/pico/pico-sdk/lib/lwip/src/core/ipv4/etharp.c.obj
                0x1000ae3c                etharp_cleanup_netif
 .text.etharp_input
                0x1000ae78      0x120 CMakeFiles/picow_tcpip_client_background.dir/C_/pico/pico-sdk/lib/lwip/src/core/ipv4/etharp.c.obj
                0x1000ae78                etharp_input
 .text.etharp_request
                0x1000af98       0x10 CMakeFiles/picow_tcpip_client_background.dir/C_/pico/pico-sdk/lib/lwip/src/core/ipv4/etharp.c.obj
                0x1000af98                etharp_request
 .text.etharp_tmr
                0x1000afa8       0x8c CMakeFiles/picow_tcpip_client_background.dir/C_/pico/pico-sdk/lib/lwip/src/core/ipv4/etharp.c.obj
                0x1000afa8                etharp_tmr
 .text.etharp_output_to_arp_index
                0x1000b034       0xc0 CMakeFiles/picow_tcpip_client_background.dir/C_/pico/pico-sdk/lib/lwip/src/core/ipv4/etharp.c.obj
 .text.etharp_query
                0x1000b0f4      0x1d8 CMakeFiles/picow_tcpip_client_background.dir/C_/pico/pico-sdk/lib/lwip/src/core/ipv4/etharp.c.obj
                0x1000b0f4                etharp_query
 .text.etharp_output
                0x1000b2cc      0x154 CMakeFiles/picow_tcpip_client_background.dir/C_/pico/pico-sdk/lib/lwip/src/core/ipv4/etharp.c.obj
                0x1000b2cc                etharp_output
 .text.icmp_send_response
                0x1000b420       0xd4 CMakeFiles/picow_tcpip_client_background.dir/C_/pico/pico-sdk/lib/lwip/src/core/ipv4/icmp.c.obj
 .text.icmp_input
                0x1000b4f4      0x204 CMakeFiles/picow_tcpip_client_background.dir/C_/pico/pico-sdk/lib/lwip/src/core/ipv4/icmp.c.obj
                0x1000b4f4                icmp_input
 .text.icmp_dest_unreach
                0x1000b6f8        0xc CMakeFiles/picow_tcpip_client_background.dir/C_/pico/pico-sdk/lib/lwip/src/core/ipv4/icmp.c.obj
                0x1000b6f8                icmp_dest_unreach
 .text.icmp_time_exceeded
                0x1000b704        0xc CMakeFiles/picow_tcpip_client_background.dir/C_/pico/pico-sdk/lib/lwip/src/core/ipv4/icmp.c.obj
                0x1000b704                icmp_time_exceeded
 .text.ip_reass_dequeue_datagram
                0x1000b710       0x34 CMakeFiles/picow_tcpip_client_background.dir/C_/pico/pico-sdk/lib/lwip/src/core/ipv4/ip4_frag.c.obj
 .text.ip_reass_free_complete_datagram
                0x1000b744       0xe8 CMakeFiles/picow_tcpip_client_background.dir/C_/pico/pico-sdk/lib/lwip/src/core/ipv4/ip4_frag.c.obj
 .text.ip_reass_remove_oldest_datagram
                0x1000b82c       0xc4 CMakeFiles/picow_tcpip_client_background.dir/C_/pico/pico-sdk/lib/lwip/src/core/ipv4/ip4_frag.c.obj
 .text.ip_reass_chain_frag_into_datagram_and_validate
                0x1000b8f0      0x27c CMakeFiles/picow_tcpip_client_background.dir/C_/pico/pico-sdk/lib/lwip/src/core/ipv4/ip4_frag.c.obj
 .text.ip_reass_enqueue_new_datagram
                0x1000bb6c       0x64 CMakeFiles/picow_tcpip_client_background.dir/C_/pico/pico-sdk/lib/lwip/src/core/ipv4/ip4_frag.c.obj
 .text.ip_reass_tmr
                0x1000bbd0       0x30 CMakeFiles/picow_tcpip_client_background.dir/C_/pico/pico-sdk/lib/lwip/src/core/ipv4/ip4_frag.c.obj
                0x1000bbd0                ip_reass_tmr
 .text.ip4_reass
                0x1000bc00      0x284 CMakeFiles/picow_tcpip_client_background.dir/C_/pico/pico-sdk/lib/lwip/src/core/ipv4/ip4_frag.c.obj
                0x1000bc00                ip4_reass
 .text.ip4_frag
                0x1000be84      0x178 CMakeFiles/picow_tcpip_client_background.dir/C_/pico/pico-sdk/lib/lwip/src/core/ipv4/ip4_frag.c.obj
                0x1000be84                ip4_frag
 .text.ip4_input_accept
                0x1000bffc       0x38 CMakeFiles/picow_tcpip_client_background.dir/C_/pico/pico-sdk/lib/lwip/src/core/ipv4/ip4.c.obj
 .text.ip4_route
                0x1000c034       0x7c CMakeFiles/picow_tcpip_client_background.dir/C_/pico/pico-sdk/lib/lwip/src/core/ipv4/ip4.c.obj
                0x1000c034                ip4_route
 .text.ip4_input
                0x1000c0b0      0x2a0 CMakeFiles/picow_tcpip_client_background.dir/C_/pico/pico-sdk/lib/lwip/src/core/ipv4/ip4.c.obj
                0x1000c0b0                ip4_input
 .text.ip4_output_if_src
                0x1000c350      0x1c4 CMakeFiles/picow_tcpip_client_background.dir/C_/pico/pico-sdk/lib/lwip/src/core/ipv4/ip4.c.obj
                0x1000c350                ip4_output_if_src
 .text.ip4_output_if
                0x1000c514       0x2e CMakeFiles/picow_tcpip_client_background.dir/C_/pico/pico-sdk/lib/lwip/src/core/ipv4/ip4.c.obj
                0x1000c514                ip4_output_if
 .text.ip4_addr_isbroadcast_u32
                0x1000c542       0x42 CMakeFiles/picow_tcpip_client_background.dir/C_/pico/pico-sdk/lib/lwip/src/core/ipv4/ip4_addr.c.obj
                0x1000c542                ip4_addr_isbroadcast_u32
 .text.ip4addr_aton
                0x1000c584      0x15c CMakeFiles/picow_tcpip_client_background.dir/C_/pico/pico-sdk/lib/lwip/src/core/ipv4/ip4_addr.c.obj
                0x1000c584                ip4addr_aton
 .text.ethernet_input
                0x1000c6e0       0xe0 CMakeFiles/picow_tcpip_client_background.dir/C_/pico/pico-sdk/lib/lwip/src/netif/ethernet.c.obj
                0x1000c6e0                ethernet_input
 .text.ethernet_output
                0x1000c7c0       0x6c CMakeFiles/picow_tcpip_client_background.dir/C_/pico/pico-sdk/lib/lwip/src/netif/ethernet.c.obj
                0x1000c7c0                ethernet_output
 .text.cyw43_tcpip_link_status_name
                0x1000c82c       0x54 CMakeFiles/picow_tcpip_client_background.dir/C_/pico/pico-sdk/src/rp2_common/pico_cyw43_arch/cyw43_arch.c.obj
 .text.cyw43_arch_set_async_context
                0x1000c880        0xc CMakeFiles/picow_tcpip_client_background.dir/C_/pico/pico-sdk/src/rp2_common/pico_cyw43_arch/cyw43_arch.c.obj
                0x1000c880                cyw43_arch_set_async_context
 .text.cyw43_arch_wifi_connect_bssid_async
                0x1000c88c       0x54 CMakeFiles/picow_tcpip_client_background.dir/C_/pico/pico-sdk/src/rp2_common/pico_cyw43_arch/cyw43_arch.c.obj
                0x1000c88c                cyw43_arch_wifi_connect_bssid_async
 .text.cyw43_arch_get_country_code
                0x1000c8e0        0xc CMakeFiles/picow_tcpip_client_background.dir/C_/pico/pico-sdk/src/rp2_common/pico_cyw43_arch/cyw43_arch.c.obj
                0x1000c8e0                cyw43_arch_get_country_code
 .text.cyw43_arch_enable_sta_mode
                0x1000c8ec       0x40 CMakeFiles/picow_tcpip_client_background.dir/C_/pico/pico-sdk/src/rp2_common/pico_cyw43_arch/cyw43_arch.c.obj
                0x1000c8ec                cyw43_arch_enable_sta_mode
 .text.cyw43_arch_gpio_put
                0x1000c92c       0x14 CMakeFiles/picow_tcpip_client_background.dir/C_/pico/pico-sdk/src/rp2_common/pico_cyw43_arch/cyw43_arch.c.obj
                0x1000c92c                cyw43_arch_gpio_put
 .text.cyw43_arch_async_context
                0x1000c940        0xc CMakeFiles/picow_tcpip_client_background.dir/C_/pico/pico-sdk/src/rp2_common/pico_cyw43_arch/cyw43_arch.c.obj
                0x1000c940                cyw43_arch_async_context
 .text.cyw43_arch_poll
                0x1000c94c       0x18 CMakeFiles/picow_tcpip_client_background.dir/C_/pico/pico-sdk/src/rp2_common/pico_cyw43_arch/cyw43_arch.c.obj
                0x1000c94c                cyw43_arch_poll
 .text.cyw43_arch_wait_for_work_until
                0x1000c964       0x18 CMakeFiles/picow_tcpip_client_background.dir/C_/pico/pico-sdk/src/rp2_common/pico_cyw43_arch/cyw43_arch.c.obj
                0x1000c964                cyw43_arch_wait_for_work_until
 .text.cyw43_arch_wifi_connect_bssid_until
                0x1000c97c       0xfc CMakeFiles/picow_tcpip_client_background.dir/C_/pico/pico-sdk/src/rp2_common/pico_cyw43_arch/cyw43_arch.c.obj
 .text.cyw43_arch_wifi_connect_until
                0x1000ca78       0x1a CMakeFiles/picow_tcpip_client_background.dir/C_/pico/pico-sdk/src/rp2_common/pico_cyw43_arch/cyw43_arch.c.obj
 *fill*         0x1000ca92        0x2 
 .text.cyw43_arch_wifi_connect_timeout_ms
                0x1000ca94       0x80 CMakeFiles/picow_tcpip_client_background.dir/C_/pico/pico-sdk/src/rp2_common/pico_cyw43_arch/cyw43_arch.c.obj
                0x1000ca94                cyw43_arch_wifi_connect_timeout_ms
 .text.cyw43_arch_init_default_async_context
                0x1000cb14       0x20 CMakeFiles/picow_tcpip_client_background.dir/C_/pico/pico-sdk/src/rp2_common/pico_cyw43_arch/cyw43_arch_threadsafe_background.c.obj
                0x1000cb14                cyw43_arch_init_default_async_context
 .text.cyw43_arch_deinit
                0x1000cb34       0x30 CMakeFiles/picow_tcpip_client_background.dir/C_/pico/pico-sdk/src/rp2_common/pico_cyw43_arch/cyw43_arch_threadsafe_background.c.obj
                0x1000cb34                cyw43_arch_deinit
 .text.cyw43_arch_init
                0x1000cb64       0x42 CMakeFiles/picow_tcpip_client_background.dir/C_/pico/pico-sdk/src/rp2_common/pico_cyw43_arch/cyw43_arch_threadsafe_background.c.obj
                0x1000cb64                cyw43_arch_init
 .text.cs_set   0x1000cba6       0x1c CMakeFiles/picow_tcpip_client_background.dir/C_/pico/pico-sdk/src/rp2_common/pico_cyw43_driver/cyw43_bus_pio_spi.c.obj
 .text.start_spi_comms
                0x1000cbc2       0x2a CMakeFiles/picow_tcpip_client_background.dir/C_/pico/pico-sdk/src/rp2_common/pico_cyw43_driver/cyw43_bus_pio_spi.c.obj
 .text.ns_delay
                0x1000cbec       0x20 CMakeFiles/picow_tcpip_client_background.dir/C_/pico/pico-sdk/src/rp2_common/pico_cyw43_driver/cyw43_bus_pio_spi.c.obj
 .text.stop_spi_comms
                0x1000cc0c       0x10 CMakeFiles/picow_tcpip_client_background.dir/C_/pico/pico-sdk/src/rp2_common/pico_cyw43_driver/cyw43_bus_pio_spi.c.obj
 .text.cyw43_spi_deinit
                0x1000cc1c       0x64 CMakeFiles/picow_tcpip_client_background.dir/C_/pico/pico-sdk/src/rp2_common/pico_cyw43_driver/cyw43_bus_pio_spi.c.obj
                0x1000cc1c                cyw43_spi_deinit
 .text.cyw43_spi_init
                0x1000cc80      0x284 CMakeFiles/picow_tcpip_client_background.dir/C_/pico/pico-sdk/src/rp2_common/pico_cyw43_driver/cyw43_bus_pio_spi.c.obj
                0x1000cc80                cyw43_spi_init
 .text.cyw43_spi_transfer
                0x1000cf04      0x6a4 CMakeFiles/picow_tcpip_client_background.dir/C_/pico/pico-sdk/src/rp2_common/pico_cyw43_driver/cyw43_bus_pio_spi.c.obj
                0x1000cf04                cyw43_spi_transfer
 .text.cyw43_spi_gpio_setup
                0x1000d5a8       0x3a CMakeFiles/picow_tcpip_client_background.dir/C_/pico/pico-sdk/src/rp2_common/pico_cyw43_driver/cyw43_bus_pio_spi.c.obj
                0x1000d5a8                cyw43_spi_gpio_setup
 .text.cyw43_spi_reset
                0x1000d5e2       0x28 CMakeFiles/picow_tcpip_client_background.dir/C_/pico/pico-sdk/src/rp2_common/pico_cyw43_driver/cyw43_bus_pio_spi.c.obj
                0x1000d5e2                cyw43_spi_reset
 *fill*         0x1000d60a        0x2 
 .text.read_reg_u32_swap
                0x1000d60c       0x68 CMakeFiles/picow_tcpip_client_background.dir/C_/pico/pico-sdk/src/rp2_common/pico_cyw43_driver/cyw43_bus_pio_spi.c.obj
                0x1000d60c                read_reg_u32_swap
 .text.cyw43_read_reg_u32
                0x1000d674       0x50 CMakeFiles/picow_tcpip_client_background.dir/C_/pico/pico-sdk/src/rp2_common/pico_cyw43_driver/cyw43_bus_pio_spi.c.obj
                0x1000d674                cyw43_read_reg_u32
 .text.cyw43_read_reg_u16
                0x1000d6c4       0x50 CMakeFiles/picow_tcpip_client_background.dir/C_/pico/pico-sdk/src/rp2_common/pico_cyw43_driver/cyw43_bus_pio_spi.c.obj
                0x1000d6c4                cyw43_read_reg_u16
 .text.cyw43_read_reg_u8
                0x1000d714       0x50 CMakeFiles/picow_tcpip_client_background.dir/C_/pico/pico-sdk/src/rp2_common/pico_cyw43_driver/cyw43_bus_pio_spi.c.obj
                0x1000d714                cyw43_read_reg_u8
 .text.write_reg_u32_swap
                0x1000d764       0x34 CMakeFiles/picow_tcpip_client_background.dir/C_/pico/pico-sdk/src/rp2_common/pico_cyw43_driver/cyw43_bus_pio_spi.c.obj
                0x1000d764                write_reg_u32_swap
 .text.cyw43_write_reg_u32
                0x1000d798       0x58 CMakeFiles/picow_tcpip_client_background.dir/C_/pico/pico-sdk/src/rp2_common/pico_cyw43_driver/cyw43_bus_pio_spi.c.obj
                0x1000d798                cyw43_write_reg_u32
 .text.cyw43_write_reg_u16
                0x1000d7f0       0x58 CMakeFiles/picow_tcpip_client_background.dir/C_/pico/pico-sdk/src/rp2_common/pico_cyw43_driver/cyw43_bus_pio_spi.c.obj
                0x1000d7f0                cyw43_write_reg_u16
 .text.cyw43_write_reg_u8
                0x1000d848       0x58 CMakeFiles/picow_tcpip_client_background.dir/C_/pico/pico-sdk/src/rp2_common/pico_cyw43_driver/cyw43_bus_pio_spi.c.obj
                0x1000d848                cyw43_write_reg_u8
 .text.cyw43_read_bytes
                0x1000d8a0       0xfc CMakeFiles/picow_tcpip_client_background.dir/C_/pico/pico-sdk/src/rp2_common/pico_cyw43_driver/cyw43_bus_pio_spi.c.obj
                0x1000d8a0                cyw43_read_bytes
 .text.cyw43_write_bytes
                0x1000d99c      0x134 CMakeFiles/picow_tcpip_client_background.dir/C_/pico/pico-sdk/src/rp2_common/pico_cyw43_driver/cyw43_bus_pio_spi.c.obj
                0x1000d99c                cyw43_write_bytes
 .text.get_core_address
                0x1000dad0       0x1c CMakeFiles/picow_tcpip_client_background.dir/C_/pico/pico-sdk/lib/cyw43-driver/src/cyw43_ll.c.obj
 .text.sdpcm_process_rx_packet
                0x1000daec      0x180 CMakeFiles/picow_tcpip_client_background.dir/C_/pico/pico-sdk/lib/cyw43-driver/src/cyw43_ll.c.obj
 .text.cyw43_ll_wifi_parse_scan_result
                0x1000dc6c       0x9c CMakeFiles/picow_tcpip_client_background.dir/C_/pico/pico-sdk/lib/cyw43-driver/src/cyw43_ll.c.obj
 .text.cyw43_ll_parse_async_event
                0x1000dd08       0x8e CMakeFiles/picow_tcpip_client_background.dir/C_/pico/pico-sdk/lib/cyw43-driver/src/cyw43_ll.c.obj
 *fill*         0x1000dd96        0x2 
 .text.cyw43_read_reg
                0x1000dd98       0x48 CMakeFiles/picow_tcpip_client_background.dir/C_/pico/pico-sdk/lib/cyw43-driver/src/cyw43_ll.c.obj
 .text.cyw43_kso_set
                0x1000dde0       0x98 CMakeFiles/picow_tcpip_client_background.dir/C_/pico/pico-sdk/lib/cyw43-driver/src/cyw43_ll.c.obj
 .text.cyw43_ll_bus_sleep_helper
                0x1000de78        0xe CMakeFiles/picow_tcpip_client_background.dir/C_/pico/pico-sdk/lib/cyw43-driver/src/cyw43_ll.c.obj
 *fill*         0x1000de86        0x2 
 .text.cyw43_write_reg
                0x1000de88       0x4c CMakeFiles/picow_tcpip_client_background.dir/C_/pico/pico-sdk/lib/cyw43-driver/src/cyw43_ll.c.obj
 .text.cyw43_set_backplane_window
                0x1000ded4       0x74 CMakeFiles/picow_tcpip_client_background.dir/C_/pico/pico-sdk/lib/cyw43-driver/src/cyw43_ll.c.obj
 .text.cyw43_read_backplane
                0x1000df48       0x36 CMakeFiles/picow_tcpip_client_background.dir/C_/pico/pico-sdk/lib/cyw43-driver/src/cyw43_ll.c.obj
 *fill*         0x1000df7e        0x2 
 .text.disable_device_core
                0x1000df80       0x3c CMakeFiles/picow_tcpip_client_background.dir/C_/pico/pico-sdk/lib/cyw43-driver/src/cyw43_ll.c.obj
 .text.device_core_is_up
                0x1000dfbc       0x4c CMakeFiles/picow_tcpip_client_background.dir/C_/pico/pico-sdk/lib/cyw43-driver/src/cyw43_ll.c.obj
 .text.cyw43_write_backplane
                0x1000e008       0x3a CMakeFiles/picow_tcpip_client_background.dir/C_/pico/pico-sdk/lib/cyw43-driver/src/cyw43_ll.c.obj
 .text.reset_device_core
                0x1000e042       0x74 CMakeFiles/picow_tcpip_client_background.dir/C_/pico/pico-sdk/lib/cyw43-driver/src/cyw43_ll.c.obj
 *fill*         0x1000e0b6        0x2 
 .text.cyw43_download_resource
                0x1000e0b8      0x178 CMakeFiles/picow_tcpip_client_background.dir/C_/pico/pico-sdk/lib/cyw43-driver/src/cyw43_ll.c.obj
 .text.cyw43_ll_init
                0x1000e230       0x1e CMakeFiles/picow_tcpip_client_background.dir/C_/pico/pico-sdk/lib/cyw43-driver/src/cyw43_ll.c.obj
                0x1000e230                cyw43_ll_init
 .text.cyw43_ll_deinit
                0x1000e24e        0x8 CMakeFiles/picow_tcpip_client_background.dir/C_/pico/pico-sdk/lib/cyw43-driver/src/cyw43_ll.c.obj
                0x1000e24e                cyw43_ll_deinit
 .text.cyw43_ll_bus_sleep
                0x1000e256       0x34 CMakeFiles/picow_tcpip_client_background.dir/C_/pico/pico-sdk/lib/cyw43-driver/src/cyw43_ll.c.obj
                0x1000e256                cyw43_ll_bus_sleep
 *fill*         0x1000e28a        0x2 
 .text.cyw43_ll_sdpcm_poll_device
                0x1000e28c      0x158 CMakeFiles/picow_tcpip_client_background.dir/C_/pico/pico-sdk/lib/cyw43-driver/src/cyw43_ll.c.obj
 .text.cyw43_ll_process_packets
                0x1000e3e4       0x58 CMakeFiles/picow_tcpip_client_background.dir/C_/pico/pico-sdk/lib/cyw43-driver/src/cyw43_ll.c.obj
                0x1000e3e4                cyw43_ll_process_packets
 .text.cyw43_sdpcm_send_common
                0x1000e43c      0x168 CMakeFiles/picow_tcpip_client_background.dir/C_/pico/pico-sdk/lib/cyw43-driver/src/cyw43_ll.c.obj
 .text.cyw43_ll_send_ethernet
                0x1000e5a4       0x5e CMakeFiles/picow_tcpip_client_background.dir/C_/pico/pico-sdk/lib/cyw43-driver/src/cyw43_ll.c.obj
                0x1000e5a4                cyw43_ll_send_ethernet
 .text.cyw43_send_ioctl
                0x1000e602       0x56 CMakeFiles/picow_tcpip_client_background.dir/C_/pico/pico-sdk/lib/cyw43-driver/src/cyw43_ll.c.obj
 .text.cyw43_do_ioctl
                0x1000e658       0xc0 CMakeFiles/picow_tcpip_client_background.dir/C_/pico/pico-sdk/lib/cyw43-driver/src/cyw43_ll.c.obj
 .text.cyw43_ll_ioctl
                0x1000e718       0x1e CMakeFiles/picow_tcpip_client_background.dir/C_/pico/pico-sdk/lib/cyw43-driver/src/cyw43_ll.c.obj
                0x1000e718                cyw43_ll_ioctl
 *fill*         0x1000e736        0x2 
 .text.cyw43_clm_load
                0x1000e738       0xdc CMakeFiles/picow_tcpip_client_background.dir/C_/pico/pico-sdk/lib/cyw43-driver/src/cyw43_ll.c.obj
 .text.cyw43_write_iovar_u32
                0x1000e814       0x60 CMakeFiles/picow_tcpip_client_background.dir/C_/pico/pico-sdk/lib/cyw43-driver/src/cyw43_ll.c.obj
 .text.cyw43_write_iovar_n
                0x1000e874       0x50 CMakeFiles/picow_tcpip_client_background.dir/C_/pico/pico-sdk/lib/cyw43-driver/src/cyw43_ll.c.obj
 .text.cyw43_set_ioctl_u32
                0x1000e8c4       0x30 CMakeFiles/picow_tcpip_client_background.dir/C_/pico/pico-sdk/lib/cyw43-driver/src/cyw43_ll.c.obj
 .text.cyw43_write_iovar_u32_u32
                0x1000e8f4       0x74 CMakeFiles/picow_tcpip_client_background.dir/C_/pico/pico-sdk/lib/cyw43-driver/src/cyw43_ll.c.obj
 .text.cyw43_ll_wifi_on
                0x1000e968      0x1c0 CMakeFiles/picow_tcpip_client_background.dir/C_/pico/pico-sdk/lib/cyw43-driver/src/cyw43_ll.c.obj
                0x1000e968                cyw43_ll_wifi_on
 .text.cyw43_ll_wifi_get_mac
                0x1000eb28       0x48 CMakeFiles/picow_tcpip_client_background.dir/C_/pico/pico-sdk/lib/cyw43-driver/src/cyw43_ll.c.obj
                0x1000eb28                cyw43_ll_wifi_get_mac
 .text.cyw43_ll_bus_init
                0x1000eb70      0x360 CMakeFiles/picow_tcpip_client_background.dir/C_/pico/pico-sdk/lib/cyw43-driver/src/cyw43_ll.c.obj
                0x1000eb70                cyw43_ll_bus_init
 .text.cyw43_ll_wifi_pm
                0x1000eed0       0xcc CMakeFiles/picow_tcpip_client_background.dir/C_/pico/pico-sdk/lib/cyw43-driver/src/cyw43_ll.c.obj
                0x1000eed0                cyw43_ll_wifi_pm
 .text.cyw43_ll_wifi_join
                0x1000ef9c      0x254 CMakeFiles/picow_tcpip_client_background.dir/C_/pico/pico-sdk/lib/cyw43-driver/src/cyw43_ll.c.obj
                0x1000ef9c                cyw43_ll_wifi_join
 .text.cyw43_ll_wifi_set_wpa_auth
                0x1000f1f0        0xe CMakeFiles/picow_tcpip_client_background.dir/C_/pico/pico-sdk/lib/cyw43-driver/src/cyw43_ll.c.obj
                0x1000f1f0                cyw43_ll_wifi_set_wpa_auth
 *fill*         0x1000f1fe        0x2 
 .text.cyw43_ll_wifi_rejoin
                0x1000f200       0x20 CMakeFiles/picow_tcpip_client_background.dir/C_/pico/pico-sdk/lib/cyw43-driver/src/cyw43_ll.c.obj
                0x1000f200                cyw43_ll_wifi_rejoin
 .text.cyw43_ll_wifi_ap_init
                0x1000f220      0x198 CMakeFiles/picow_tcpip_client_background.dir/C_/pico/pico-sdk/lib/cyw43-driver/src/cyw43_ll.c.obj
                0x1000f220                cyw43_ll_wifi_ap_init
 .text.cyw43_ll_wifi_ap_set_up
                0x1000f3b8       0x1c CMakeFiles/picow_tcpip_client_background.dir/C_/pico/pico-sdk/lib/cyw43-driver/src/cyw43_ll.c.obj
                0x1000f3b8                cyw43_ll_wifi_ap_set_up
 .text.cyw43_ll_gpio_set
                0x1000f3d4       0x30 CMakeFiles/picow_tcpip_client_background.dir/C_/pico/pico-sdk/lib/cyw43-driver/src/cyw43_ll.c.obj
                0x1000f3d4                cyw43_ll_gpio_set
 .text.cyw43_ll_has_work